Archive member included to satisfy reference by file (symbol)

C:/ST/STM32CubeIDE_1.14.0/STM32CubeIDE/plugins/com.st.stm32cube.ide.mcu.externaltools.gnu-tools-for-stm32.11.3.rel1.win32_1.1.100.202309141235/tools/bin/../lib/gcc/arm-none-eabi/11.3.1/../../../../arm-none-eabi/lib/thumb/v7e-m+fp/hard\libc_nano.a(libc_a-exit.o)
                              C:/ST/STM32CubeIDE_1.14.0/STM32CubeIDE/plugins/com.st.stm32cube.ide.mcu.externaltools.gnu-tools-for-stm32.11.3.rel1.win32_1.1.100.202309141235/tools/bin/../lib/gcc/arm-none-eabi/11.3.1/../../../../arm-none-eabi/lib/thumb/v7e-m+fp/hard/crt0.o (exit)
C:/ST/STM32CubeIDE_1.14.0/STM32CubeIDE/plugins/com.st.stm32cube.ide.mcu.externaltools.gnu-tools-for-stm32.11.3.rel1.win32_1.1.100.202309141235/tools/bin/../lib/gcc/arm-none-eabi/11.3.1/../../../../arm-none-eabi/lib/thumb/v7e-m+fp/hard\libc_nano.a(libc_a-findfp.o)
                              C:/ST/STM32CubeIDE_1.14.0/STM32CubeIDE/plugins/com.st.stm32cube.ide.mcu.externaltools.gnu-tools-for-stm32.11.3.rel1.win32_1.1.100.202309141235/tools/bin/../lib/gcc/arm-none-eabi/11.3.1/../../../../arm-none-eabi/lib/thumb/v7e-m+fp/hard\libc_nano.a(libc_a-exit.o) (__stdio_exit_handler)
C:/ST/STM32CubeIDE_1.14.0/STM32CubeIDE/plugins/com.st.stm32cube.ide.mcu.externaltools.gnu-tools-for-stm32.11.3.rel1.win32_1.1.100.202309141235/tools/bin/../lib/gcc/arm-none-eabi/11.3.1/../../../../arm-none-eabi/lib/thumb/v7e-m+fp/hard\libc_nano.a(libc_a-fwalk.o)
                              C:/ST/STM32CubeIDE_1.14.0/STM32CubeIDE/plugins/com.st.stm32cube.ide.mcu.externaltools.gnu-tools-for-stm32.11.3.rel1.win32_1.1.100.202309141235/tools/bin/../lib/gcc/arm-none-eabi/11.3.1/../../../../arm-none-eabi/lib/thumb/v7e-m+fp/hard\libc_nano.a(libc_a-findfp.o) (_fwalk_sglue)
C:/ST/STM32CubeIDE_1.14.0/STM32CubeIDE/plugins/com.st.stm32cube.ide.mcu.externaltools.gnu-tools-for-stm32.11.3.rel1.win32_1.1.100.202309141235/tools/bin/../lib/gcc/arm-none-eabi/11.3.1/../../../../arm-none-eabi/lib/thumb/v7e-m+fp/hard\libc_nano.a(libc_a-stdio.o)
                              C:/ST/STM32CubeIDE_1.14.0/STM32CubeIDE/plugins/com.st.stm32cube.ide.mcu.externaltools.gnu-tools-for-stm32.11.3.rel1.win32_1.1.100.202309141235/tools/bin/../lib/gcc/arm-none-eabi/11.3.1/../../../../arm-none-eabi/lib/thumb/v7e-m+fp/hard\libc_nano.a(libc_a-findfp.o) (__sread)
C:/ST/STM32CubeIDE_1.14.0/STM32CubeIDE/plugins/com.st.stm32cube.ide.mcu.externaltools.gnu-tools-for-stm32.11.3.rel1.win32_1.1.100.202309141235/tools/bin/../lib/gcc/arm-none-eabi/11.3.1/../../../../arm-none-eabi/lib/thumb/v7e-m+fp/hard\libc_nano.a(libc_a-memset.o)
                              C:/ST/STM32CubeIDE_1.14.0/STM32CubeIDE/plugins/com.st.stm32cube.ide.mcu.externaltools.gnu-tools-for-stm32.11.3.rel1.win32_1.1.100.202309141235/tools/bin/../lib/gcc/arm-none-eabi/11.3.1/../../../../arm-none-eabi/lib/thumb/v7e-m+fp/hard/crt0.o (memset)
C:/ST/STM32CubeIDE_1.14.0/STM32CubeIDE/plugins/com.st.stm32cube.ide.mcu.externaltools.gnu-tools-for-stm32.11.3.rel1.win32_1.1.100.202309141235/tools/bin/../lib/gcc/arm-none-eabi/11.3.1/../../../../arm-none-eabi/lib/thumb/v7e-m+fp/hard\libc_nano.a(libc_a-closer.o)
                              C:/ST/STM32CubeIDE_1.14.0/STM32CubeIDE/plugins/com.st.stm32cube.ide.mcu.externaltools.gnu-tools-for-stm32.11.3.rel1.win32_1.1.100.202309141235/tools/bin/../lib/gcc/arm-none-eabi/11.3.1/../../../../arm-none-eabi/lib/thumb/v7e-m+fp/hard\libc_nano.a(libc_a-stdio.o) (_close_r)
C:/ST/STM32CubeIDE_1.14.0/STM32CubeIDE/plugins/com.st.stm32cube.ide.mcu.externaltools.gnu-tools-for-stm32.11.3.rel1.win32_1.1.100.202309141235/tools/bin/../lib/gcc/arm-none-eabi/11.3.1/../../../../arm-none-eabi/lib/thumb/v7e-m+fp/hard\libc_nano.a(libc_a-reent.o)
                              C:/ST/STM32CubeIDE_1.14.0/STM32CubeIDE/plugins/com.st.stm32cube.ide.mcu.externaltools.gnu-tools-for-stm32.11.3.rel1.win32_1.1.100.202309141235/tools/bin/../lib/gcc/arm-none-eabi/11.3.1/../../../../arm-none-eabi/lib/thumb/v7e-m+fp/hard\libc_nano.a(libc_a-closer.o) (errno)
C:/ST/STM32CubeIDE_1.14.0/STM32CubeIDE/plugins/com.st.stm32cube.ide.mcu.externaltools.gnu-tools-for-stm32.11.3.rel1.win32_1.1.100.202309141235/tools/bin/../lib/gcc/arm-none-eabi/11.3.1/../../../../arm-none-eabi/lib/thumb/v7e-m+fp/hard\libc_nano.a(libc_a-impure.o)
                              C:/ST/STM32CubeIDE_1.14.0/STM32CubeIDE/plugins/com.st.stm32cube.ide.mcu.externaltools.gnu-tools-for-stm32.11.3.rel1.win32_1.1.100.202309141235/tools/bin/../lib/gcc/arm-none-eabi/11.3.1/../../../../arm-none-eabi/lib/thumb/v7e-m+fp/hard\libc_nano.a(libc_a-reent.o) (_impure_ptr)
C:/ST/STM32CubeIDE_1.14.0/STM32CubeIDE/plugins/com.st.stm32cube.ide.mcu.externaltools.gnu-tools-for-stm32.11.3.rel1.win32_1.1.100.202309141235/tools/bin/../lib/gcc/arm-none-eabi/11.3.1/../../../../arm-none-eabi/lib/thumb/v7e-m+fp/hard\libc_nano.a(libc_a-lseekr.o)
[...]
Memory Configuration

Name             Origin             Length             Attributes
CCMRAM           0x0000000010000000 0x0000000000010000 xrw
RAM              0x0000000020000000 0x0000000000020000 xrw
FLASH            0x0000000008000000 0x0000000000100000 xr
*default*        0x0000000000000000 0xffffffffffffffff

Linker script and memory map

LOAD C:/ST/STM32CubeIDE_1.14.0/STM32CubeIDE/plugins/com.st.stm32cube.ide.mcu.externaltools.gnu-tools-for-stm32.11.3.rel1.win32_1.1.100.202309141235/tools/bin/../lib/gcc/arm-none-eabi/11.3.1/thumb/v7e-m+fp/hard/crti.o
LOAD C:/ST/STM32CubeIDE_1.14.0/STM32CubeIDE/plugins/com.st.stm32cube.ide.mcu.externaltools.gnu-tools-for-stm32.11.3.rel1.win32_1.1.100.202309141235/tools/bin/../lib/gcc/arm-none-eabi/11.3.1/thumb/v7e-m+fp/hard/crtbegin.o
LOAD C:/ST/STM32CubeIDE_1.14.0/STM32CubeIDE/plugins/com.st.stm32cube.ide.mcu.externaltools.gnu-tools-for-stm32.11.3.rel1.win32_1.1.100.202309141235/tools/bin/../lib/gcc/arm-none-eabi/11.3.1/../../../../arm-none-eabi/lib/thumb/v7e-m+fp/hard/crt0.o
LOAD ./Core/Src/Slave.o
LOAD ./Core/Src/adc.o
LOAD ./Core/Src/button.o
LOAD ./Core/Src/crc16.o
LOAD ./Core/Src/dma.o
LOAD ./Core/Src/fsmc.o
LOAD ./Core/Src/global.o
LOAD ./Core/Src/gpio.o
LOAD ./Core/Src/lcd.o
LOAD ./Core/Src/led_7seg.o
LOAD ./Core/Src/main.o
LOAD ./Core/Src/rs485.o
LOAD ./Core/Src/sensor.o
LOAD ./Core/Src/spi.o
LOAD ./Core/Src/stm32f4xx_hal_msp.o
LOAD ./Core/Src/stm32f4xx_it.o
LOAD ./Core/Src/syscalls.o
LOAD ./Core/Src/sysmem.o
LOAD ./Core/Src/system_stm32f4xx.o
LOAD ./Core/Src/tim.o
LOAD ./Core/Src/timer.o
LOAD ./Core/Src/usart.o
LOAD ./Core/Startup/startup_stm32f407zgtx.o
LOAD ./Drivers/STM32F4xx_HAL_Driver/Src/stm32f4xx_hal.o
LOAD ./Drivers/STM32F4xx_HAL_Driver/Src/stm32f4xx_hal_adc.o
LOAD ./Drivers/STM32F4xx_HAL_Driver/Src/stm32f4xx_hal_adc_ex.o
LOAD ./Drivers/STM32F4xx_HAL_Driver/Src/stm32f4xx_hal_cortex.o
LOAD ./Drivers/STM32F4xx_HAL_Driver/Src/stm32f4xx_hal_dma.o
LOAD ./Drivers/STM32F4xx_HAL_Driver/Src/stm32f4xx_hal_dma_ex.o
LOAD ./Drivers/STM32F4xx_HAL_Driver/Src/stm32f4xx_hal_exti.o
LOAD ./Drivers/STM32F4xx_HAL_Driver/Src/stm32f4xx_hal_flash.o
LOAD ./Drivers/STM32F4xx_HAL_Driver/Src/stm32f4xx_hal_flash_ex.o
LOAD ./Drivers/STM32F4xx_HAL_Driver/Src/stm32f4xx_hal_flash_ramfunc.o
LOAD ./Drivers/STM32F4xx_HAL_Driver/Src/stm32f4xx_hal_gpio.o
LOAD ./Drivers/STM32F4xx_HAL_Driver/Src/stm32f4xx_hal_pwr.o
LOAD ./Drivers/STM32F4xx_HAL_Driver/Src/stm32f4xx_hal_pwr_ex.o
LOAD ./Drivers/STM32F4xx_HAL_Driver/Src/stm32f4xx_hal_rcc.o
LOAD ./Drivers/STM32F4xx_HAL_Driver/Src/stm32f4xx_hal_rcc_ex.o
LOAD ./Drivers/STM32F4xx_HAL_Driver/Src/stm32f4xx_hal_spi.o
LOAD ./Drivers/STM32F4xx_HAL_Driver/Src/stm32f4xx_hal_sram.o
LOAD ./Drivers/STM32F4xx_HAL_Driver/Src/stm32f4xx_hal_tim.o
LOAD ./Drivers/STM32F4xx_HAL_Driver/Src/stm32f4xx_hal_tim_ex.o
LOAD ./Drivers/STM32F4xx_HAL_Driver/Src/stm32f4xx_hal_uart.o
LOAD ./Drivers/STM32F4xx_HAL_Driver/Src/stm32f4xx_ll_adc.o
LOAD ./Drivers/STM32F4xx_HAL_Driver/Src/stm32f4xx_ll_fsmc.o
START GROUP
LOAD C:/ST/STM32CubeIDE_1.14.0/STM32CubeIDE/plugins/com.st.stm32cube.ide.mcu.externaltools.gnu-tools-for-stm32.11.3.rel1.win32_1.1.100.202309141235/tools/bin/../lib/gcc/arm-none-eabi/11.3.1/../../../../arm-none-eabi/lib/thumb/v7e-m+fp/hard\libc_nano.a
LOAD C:/ST/STM32CubeIDE_1.14.0/STM32CubeIDE/plugins/com.st.stm32cube.ide.mcu.externaltools.gnu-tools-for-stm32.11.3.rel1.win32_1.1.100.202309141235/tools/bin/../lib/gcc/arm-none-eabi/11.3.1/../../../../arm-none-eabi/lib/thumb/v7e-m+fp/hard\libm.a
END GROUP
START GROUP
LOAD C:/ST/STM32CubeIDE_1.14.0/STM32CubeIDE/plugins/com.st.stm32cube.ide.mcu.externaltools.gnu-tools-for-stm32.11.3.rel1.win32_1.1.100.202309141235/tools/bin/../lib/gcc/arm-none-eabi/11.3.1/thumb/v7e-m+fp/hard\libgcc.a
LOAD C:/ST/STM32CubeIDE_1.14.0/STM32CubeIDE/plugins/com.st.stm32cube.ide.mcu.externaltools.gnu-tools-for-stm32.11.3.rel1.win32_1.1.100.202309141235/tools/bin/../lib/gcc/arm-none-eabi/11.3.1/../../../../arm-none-eabi/lib/thumb/v7e-m+fp/hard\libc_nano.a
END GROUP
START GROUP
LOAD C:/ST/STM32CubeIDE_1.14.0/STM32CubeIDE/plugins/com.st.stm32cube.ide.mcu.externaltools.gnu-tools-for-stm32.11.3.rel1.win32_1.1.100.202309141235/tools/bin/../lib/gcc/arm-none-eabi/11.3.1/thumb/v7e-m+fp/hard\libgcc.a
LOAD C:/ST/STM32CubeIDE_1.14.0/STM32CubeIDE/plugins/com.st.stm32cube.ide.mcu.externaltools.gnu-tools-for-stm32.11.3.rel1.win32_1.1.100.202309141235/tools/bin/../lib/gcc/arm-none-eabi/11.3.1/../../../../arm-none-eabi/lib/thumb/v7e-m+fp/hard\libc_nano.a
LOAD C:/ST/STM32CubeIDE_1.14.0/STM32CubeIDE/plugins/com.st.stm32cube.ide.mcu.externaltools.gnu-tools-for-stm32.11.3.rel1.win32_1.1.100.202309141235/tools/bin/../lib/gcc/arm-none-eabi/11.3.1/../../../../arm-none-eabi/lib/thumb/v7e-m+fp/hard\libnosys.a
END GROUP
START GROUP
LOAD C:/ST/STM32CubeIDE_1.14.0/STM32CubeIDE/plugins/com.st.stm32cube.ide.mcu.externaltools.gnu-tools-for-stm32.11.3.rel1.win32_1.1.100.202309141235/tools/bin/../lib/gcc/arm-none-eabi/11.3.1/thumb/v7e-m+fp/hard\libgcc.a
LOAD C:/ST/STM32CubeIDE_1.14.0/STM32CubeIDE/plugins/com.st.stm32cube.ide.mcu.externaltools.gnu-tools-for-stm32.11.3.rel1.win32_1.1.100.202309141235/tools/bin/../lib/gcc/arm-none-eabi/11.3.1/../../../../arm-none-eabi/lib/thumb/v7e-m+fp/hard\libc_nano.a
LOAD C:/ST/STM32CubeIDE_1.14.0/STM32CubeIDE/plugins/com.st.stm32cube.ide.mcu.externaltools.gnu-tools-for-stm32.11.3.rel1.win32_1.1.100.202309141235/tools/bin/../lib/gcc/arm-none-eabi/11.3.1/../../../../arm-none-eabi/lib/thumb/v7e-m+fp/hard\libnosys.a
END GROUP
LOAD C:/ST/STM32CubeIDE_1.14.0/STM32CubeIDE/plugins/com.st.stm32cube.ide.mcu.externaltools.gnu-tools-for-stm32.11.3.rel1.win32_1.1.100.202309141235/tools/bin/../lib/gcc/arm-none-eabi/11.3.1/thumb/v7e-m+fp/hard/crtend.o
LOAD C:/ST/STM32CubeIDE_1.14.0/STM32CubeIDE/plugins/com.st.stm32cube.ide.mcu.externaltools.gnu-tools-for-stm32.11.3.rel1.win32_1.1.100.202309141235/tools/bin/../lib/gcc/arm-none-eabi/11.3.1/thumb/v7e-m+fp/hard/crtn.o
                0x0000000020020000                _estack = (ORIGIN (RAM) + LENGTH (RAM))
                0x0000000000000200                _Min_Heap_Size = 0x200
                0x0000000000000400                _Min_Stack_Size = 0x400

.isr_vector     0x0000000008000000      0x188
                0x0000000008000000                . = ALIGN (0x4)
 *(.isr_vector)
 .isr_vector    0x0000000008000000      0x188 ./Core/Startup/startup_stm32f407zgtx.o
                0x0000000008000000                g_pfnVectors
                0x0000000008000188                . = ALIGN (0x4)

.text           0x0000000008000188     0x7344
                0x0000000008000188                . = ALIGN (0x4)
 *(.text)
 .text          0x0000000008000188       0x40 C:/ST/STM32CubeIDE_1.14.0/STM32CubeIDE/plugins/com.st.stm32cube.ide.mcu.externaltools.gnu-tools-for-stm32.11.3.rel1.win32_1.1.100.202309141235/tools/bin/../lib/gcc/arm-none-eabi/11.3.1/thumb/v7e-m+fp/hard/crtbegin.o
 .text          0x00000000080001c8      0x378 C:/ST/STM32CubeIDE_1.14.0/STM32CubeIDE/plugins/com.st.stm32cube.ide.mcu.externaltools.gnu-tools-for-stm32.11.3.rel1.win32_1.1.100.202309141235/tools/bin/../lib/gcc/arm-none-eabi/11.3.1/thumb/v7e-m+fp/hard\libgcc.a(_arm_addsubdf3.o)
                0x00000000080001c8                __aeabi_drsub
                0x00000000080001d0                __aeabi_dsub
                0x00000000080001d0                __subdf3
                0x00000000080001d4                __aeabi_dadd
                0x00000000080001d4                __adddf3
                0x000000000800044c                __floatunsidf
                0x000000000800044c                __aeabi_ui2d
                0x000000000800046c                __floatsidf
                0x000000000800046c                __aeabi_i2d
                0x0000000008000490                __aeabi_f2d
                0x0000000008000490                __extendsfdf2
                0x00000000080004d4                __floatundidf
                0x00000000080004d4                __aeabi_ul2d
                0x00000000080004e4                __floatdidf
                0x00000000080004e4                __aeabi_l2d
 .text          0x0000000008000540      0x424 C:/ST/STM32CubeIDE_1.14.0/STM32CubeIDE/plugins/com.st.stm32cube.ide.mcu.externaltools.gnu-tools-for-stm32.11.3.rel1.win32_1.1.100.202309141235/tools/bin/../lib/gcc/arm-none-eabi/11.3.1/thumb/v7e-m+fp/hard\libgcc.a(_arm_muldivdf3.o)
                0x0000000008000540                __aeabi_dmul
                0x0000000008000540                __muldf3
                0x0000000008000794                __divdf3
                0x0000000008000794                __aeabi_ddiv
 .text          0x0000000008000964       0xa0 C:/ST/STM32CubeIDE_1.14.0/STM32CubeIDE/plugins/com.st.stm32cube.ide.mcu.externaltools.gnu-tools-for-stm32.11.3.rel1.win32_1.1.100.202309141235/tools/bin/../lib/gcc/arm-none-eabi/11.3.1/thumb/v7e-m+fp/hard\libgcc.a(_arm_truncdfsf2.o)
                0x0000000008000964                __truncdfsf2
                0x0000000008000964                __aeabi_d2f
 .text          0x0000000008000a04       0x30 C:/ST/STM32CubeIDE_1.14.0/STM32CubeIDE/plugins/com.st.stm32cube.ide.mcu.externaltools.gnu-tools-for-stm32.11.3.rel1.win32_1.1.100.202309141235/tools/bin/../lib/gcc/arm-none-eabi/11.3.1/thumb/v7e-m+fp/hard\libgcc.a(_aeabi_uldivmod.o)
                0x0000000008000a04                __aeabi_uldivmod
 .text          0x0000000008000a34      0x2c8 C:/ST/STM32CubeIDE_1.14.0/STM32CubeIDE/plugins/com.st.stm32cube.ide.mcu.externaltools.gnu-tools-for-stm32.11.3.rel1.win32_1.1.100.202309141235/tools/bin/../lib/gcc/arm-none-eabi/11.3.1/thumb/v7e-m+fp/hard\libgcc.a(_udivmoddi4.o)
                0x0000000008000a34                __udivmoddi4
 .text          0x0000000008000cfc        0x4 C:/ST/STM32CubeIDE_1.14.0/STM32CubeIDE/plugins/com.st.stm32cube.ide.mcu.externaltools.gnu-tools-for-stm32.11.3.rel1.win32_1.1.100.202309141235/tools/bin/../lib/gcc/arm-none-eabi/11.3.1/thumb/v7e-m+fp/hard\libgcc.a(_dvmd_tls.o)
                0x0000000008000cfc                __aeabi_idiv0
                0x0000000008000cfc                __aeabi_ldiv0
 *(.text*)
 .text._f_splitfloat_def
                0x0000000008000d00       0x38 ./Core/Src/Slave.o
 .text._f_splituint16_def
                0x0000000008000d38       0x2e ./Core/Src/Slave.o
 *fill*         0x0000000008000d66        0x2 
 .text._f_slave_read_multiple_holding_register_handler_def
                0x0000000008000d68       0xa4 ./Core/Src/Slave.o
 .text._f_slave_read_holding_register_handler_def
                0x0000000008000e0c        0xe ./Core/Src/Slave.o
 *fill*         0x0000000008000e1a        0x2 
 .text._f_slave_write_holding_register_handler_def
                0x0000000008000e1c       0x30 ./Core/Src/Slave.o
 .text._f_slave_commandparser_handler_def
                0x0000000008000e4c       0x10 ./Core/Src/Slave.o
 .text._f_read_data_def
                0x0000000008000e5c       0x88 ./Core/Src/Slave.o
 .text._f_is_flag_def
                0x0000000008000ee4       0x28 ./Core/Src/Slave.o
 .text.f_slave_init_def
                0x0000000008000f0c       0x50 ./Core/Src/Slave.o
                0x0000000008000f0c                f_slave_init_def
 .text.f_slave_behavior_def
                0x0000000008000f5c       0x84 ./Core/Src/Slave.o
                0x0000000008000f5c                f_slave_behavior_def
 .text.MX_ADC1_Init
                0x0000000008000fe0      0x104 ./Core/Src/adc.o
                0x0000000008000fe0                MX_ADC1_Init
 .text.HAL_ADC_MspInit
                0x00000000080010e4      0x128 ./Core/Src/adc.o
                0x00000000080010e4                HAL_ADC_MspInit
 .text.button_scan
                0x000000000800120c      0x1d8 ./Core/Src/button.o
                0x000000000800120c                button_scan
 .text.crc16    0x00000000080013e4       0x60 ./Core/Src/crc16.o
                0x00000000080013e4                crc16
 .text.MX_DMA_Init
                0x0000000008001444       0x40 ./Core/Src/dma.o
                0x0000000008001444                MX_DMA_Init
 .text.MX_FSMC_Init
                0x0000000008001484       0xf4 ./Core/Src/fsmc.o
                0x0000000008001484                MX_FSMC_Init
 .text.HAL_FSMC_MspInit
                0x0000000008001578       0x98 ./Core/Src/fsmc.o
 .text.HAL_SRAM_MspInit
                0x0000000008001610       0x14 ./Core/Src/fsmc.o
                0x0000000008001610                HAL_SRAM_MspInit
 .text.MX_GPIO_Init
                0x0000000008001624      0x1c0 ./Core/Src/gpio.o
                0x0000000008001624                MX_GPIO_Init
 .text.LCD_WR_REG
                0x00000000080017e4       0x20 ./Core/Src/lcd.o
                0x00000000080017e4                LCD_WR_REG
 .text.LCD_WR_DATA
                0x0000000008001804       0x20 ./Core/Src/lcd.o
 .text.LCD_RD_DATA
                0x0000000008001824       0x24 ./Core/Src/lcd.o
 .text.lcd_set_address
                0x0000000008001848       0x98 ./Core/Src/lcd.o
                0x0000000008001848                lcd_set_address
 .text.lcd_clear
                0x00000000080018e0       0x64 ./Core/Src/lcd.o
                0x00000000080018e0                lcd_clear
 .text.lcd_draw_point
                0x0000000008001944       0x2e ./Core/Src/lcd.o
                0x0000000008001944                lcd_draw_point
 *fill*         0x0000000008001972        0x2 
 .text.lcd_show_char
                0x0000000008001974      0x1a0 ./Core/Src/lcd.o
                0x0000000008001974                lcd_show_char
 .text.mypow    0x0000000008001b14       0x38 ./Core/Src/lcd.o
 .text.lcd_show_int_num
                0x0000000008001b4c       0xfc ./Core/Src/lcd.o
                0x0000000008001b4c                lcd_show_int_num
 .text.lcd_show_float_num
                0x0000000008001c48      0x110 ./Core/Src/lcd.o
                0x0000000008001c48                lcd_show_float_num
 .text.lcd_set_direction
                0x0000000008001d58       0x48 ./Core/Src/lcd.o
                0x0000000008001d58                lcd_set_direction
 .text.lcd_init
                0x0000000008001da0      0x2c0 ./Core/Src/lcd.o
                0x0000000008001da0                lcd_init
 .text.lcd_show_string
                0x0000000008002060       0xc8 ./Core/Src/lcd.o
                0x0000000008002060                lcd_show_string
 .text.HAL_TIM_PeriodElapsedCallback
                0x0000000008002128       0x24 ./Core/Src/main.o
                0x0000000008002128                HAL_TIM_PeriodElapsedCallback
 .text.main     0x000000000800214c       0x84 ./Core/Src/main.o
                0x000000000800214c                main
 .text.SystemClock_Config
                0x00000000080021d0       0xd4 ./Core/Src/main.o
                0x00000000080021d0                SystemClock_Config
 .text.TestADC  0x00000000080022a4      0x180 ./Core/Src/main.o
                0x00000000080022a4                TestADC
 .text.Error_Handler
                0x0000000008002424        0xa ./Core/Src/main.o
                0x0000000008002424                Error_Handler
 *fill*         0x000000000800242e        0x2 
 .text._is_character_received
                0x0000000008002430       0x28 ./Core/Src/rs485.o
                0x0000000008002430                _is_character_received
 .text._is_transmit
                0x0000000008002458       0x28 ./Core/Src/rs485.o
                0x0000000008002458                _is_transmit
 .text._crc_checking
                0x0000000008002480       0x68 ./Core/Src/rs485.o
                0x0000000008002480                _crc_checking
 .text.f_rs485_init
                0x00000000080024e8       0x44 ./Core/Src/rs485.o
                0x00000000080024e8                f_rs485_init
 .text.f_rs485_send_cmd
                0x000000000800252c       0x98 ./Core/Src/rs485.o
                0x000000000800252c                f_rs485_send_cmd
 .text.f_rs485_fsm
                0x00000000080025c4      0x15c ./Core/Src/rs485.o
                0x00000000080025c4                f_rs485_fsm
 .text._f_rs485_super_init
                0x0000000008002720        0xe ./Core/Src/rs485.o
                0x0000000008002720                _f_rs485_super_init
 .text._f_init_rs485_init
                0x000000000800272e       0x10 ./Core/Src/rs485.o
                0x000000000800272e                _f_init_rs485_init
 .text._f_rs485_init
                0x000000000800273e        0xe ./Core/Src/rs485.o
                0x000000000800273e                _f_rs485_init
 .text._f_init_rs485_idle
                0x000000000800274c       0x24 ./Core/Src/rs485.o
                0x000000000800274c                _f_init_rs485_idle
 .text._f_rs485_idle
                0x0000000008002770        0xe ./Core/Src/rs485.o
                0x0000000008002770                _f_rs485_idle
 .text._f_init_rs485_transmit
                0x000000000800277e       0x10 ./Core/Src/rs485.o
                0x000000000800277e                _f_init_rs485_transmit
 .text._f_rs485_transmit
                0x000000000800278e        0xe ./Core/Src/rs485.o
                0x000000000800278e                _f_rs485_transmit
 .text._f_init_rs485_receive
                0x000000000800279c       0x18 ./Core/Src/rs485.o
                0x000000000800279c                _f_init_rs485_receive
 .text._f_rs485_receive
                0x00000000080027b4        0xe ./Core/Src/rs485.o
                0x00000000080027b4                _f_rs485_receive
 *fill*         0x00000000080027c2        0x2 
 .text._f_init_rs485_waiting_control
                0x00000000080027c4       0x18 ./Core/Src/rs485.o
                0x00000000080027c4                _f_init_rs485_waiting_control
 .text._f_rs485_waiting_control
                0x00000000080027dc       0x58 ./Core/Src/rs485.o
                0x00000000080027dc                _f_rs485_waiting_control
 .text.sensor_init
                0x0000000008002834       0x1c ./Core/Src/sensor.o
                0x0000000008002834                sensor_init
 .text.sensor_read
                0x0000000008002850       0x1c ./Core/Src/sensor.o
                0x0000000008002850                sensor_read
 .text.sensor_get_light
                0x000000000800286c       0x18 ./Core/Src/sensor.o
                0x000000000800286c                sensor_get_light
 .text.sensor_get_potentiometer
                0x0000000008002884       0x18 ./Core/Src/sensor.o
                0x0000000008002884                sensor_get_potentiometer
 *fill*         0x000000000800289c        0x4 
 .text.sensor_get_voltage
                0x00000000080028a0       0x78 ./Core/Src/sensor.o
                0x00000000080028a0                sensor_get_voltage
 .text.sensor_get_current
                0x0000000008002918       0xb8 ./Core/Src/sensor.o
                0x0000000008002918                sensor_get_current
 .text.sensor_get_temperature
                0x00000000080029d0       0x3c ./Core/Src/sensor.o
                0x00000000080029d0                sensor_get_temperature
 .text.MX_SPI1_Init
                0x0000000008002a0c       0x6c ./Core/Src/spi.o
                0x0000000008002a0c                MX_SPI1_Init
 .text.HAL_SPI_MspInit
                0x0000000008002a78       0x90 ./Core/Src/spi.o
                0x0000000008002a78                HAL_SPI_MspInit
 .text.HAL_MspInit
                0x0000000008002b08       0x50 ./Core/Src/stm32f4xx_hal_msp.o
                0x0000000008002b08                HAL_MspInit
 .text.NMI_Handler
                0x0000000008002b58        0x6 ./Core/Src/stm32f4xx_it.o
                0x0000000008002b58                NMI_Handler
 .text.HardFault_Handler
                0x0000000008002b5e        0x6 ./Core/Src/stm32f4xx_it.o
                0x0000000008002b5e                HardFault_Handler
 .text.MemManage_Handler
                0x0000000008002b64        0x6 ./Core/Src/stm32f4xx_it.o
                0x0000000008002b64                MemManage_Handler
 .text.BusFault_Handler
                0x0000000008002b6a        0x6 ./Core/Src/stm32f4xx_it.o
                0x0000000008002b6a                BusFault_Handler
 .text.UsageFault_Handler
                0x0000000008002b70        0x6 ./Core/Src/stm32f4xx_it.o
                0x0000000008002b70                UsageFault_Handler
 .text.SVC_Handler
                0x0000000008002b76        0xe ./Core/Src/stm32f4xx_it.o
                0x0000000008002b76                SVC_Handler
 .text.DebugMon_Handler
                0x0000000008002b84        0xe ./Core/Src/stm32f4xx_it.o
                0x0000000008002b84                DebugMon_Handler
 .text.PendSV_Handler
                0x0000000008002b92        0xe ./Core/Src/stm32f4xx_it.o
                0x0000000008002b92                PendSV_Handler
 .text.SysTick_Handler
                0x0000000008002ba0        0xc ./Core/Src/stm32f4xx_it.o
                0x0000000008002ba0                SysTick_Handler
 .text.TIM3_IRQHandler
                0x0000000008002bac       0x14 ./Core/Src/stm32f4xx_it.o
                0x0000000008002bac                TIM3_IRQHandler
 .text.USART3_IRQHandler
                0x0000000008002bc0       0x14 ./Core/Src/stm32f4xx_it.o
                0x0000000008002bc0                USART3_IRQHandler
 .text.DMA2_Stream0_IRQHandler
                0x0000000008002bd4       0x14 ./Core/Src/stm32f4xx_it.o
                0x0000000008002bd4                DMA2_Stream0_IRQHandler
 .text.SystemInit
                0x0000000008002be8       0x24 ./Core/Src/system_stm32f4xx.o
                0x0000000008002be8                SystemInit
 .text.MX_TIM3_Init
                0x0000000008002c0c       0x9c ./Core/Src/tim.o
                0x0000000008002c0c                MX_TIM3_Init
 .text.HAL_TIM_Base_MspInit
                0x0000000008002ca8       0x50 ./Core/Src/tim.o
                0x0000000008002ca8                HAL_TIM_Base_MspInit
 .text.setTimer
                0x0000000008002cf8       0x30 ./Core/Src/timer.o
                0x0000000008002cf8                setTimer
 .text.timerRun
                0x0000000008002d28       0x60 ./Core/Src/timer.o
                0x0000000008002d28                timerRun
 .text.isFlag   0x0000000008002d88       0x2c ./Core/Src/timer.o
                0x0000000008002d88                isFlag
 .text.MX_USART1_UART_Init
                0x0000000008002db4       0x54 ./Core/Src/usart.o
                0x0000000008002db4                MX_USART1_UART_Init
 .text.MX_USART2_UART_Init
                0x0000000008002e08       0x54 ./Core/Src/usart.o
                0x0000000008002e08                MX_USART2_UART_Init
 .text.MX_USART3_UART_Init
                0x0000000008002e5c       0x54 ./Core/Src/usart.o
                0x0000000008002e5c                MX_USART3_UART_Init
 .text.HAL_UART_MspInit
                0x0000000008002eb0      0x178 ./Core/Src/usart.o
                0x0000000008002eb0                HAL_UART_MspInit
 .text.Reset_Handler
                0x0000000008003028       0x50 ./Core/Startup/startup_stm32f407zgtx.o
                0x0000000008003028                Reset_Handler
 .text.Default_Handler
                0x0000000008003078        0x2 ./Core/Startup/startup_stm32f407zgtx.o
                0x0000000008003078                RTC_Alarm_IRQHandler
                0x0000000008003078                HASH_RNG_IRQHandler
                0x0000000008003078                EXTI2_IRQHandler
                0x0000000008003078                TIM8_CC_IRQHandler
                0x0000000008003078                TIM1_CC_IRQHandler
                0x0000000008003078                DMA2_Stream5_IRQHandler
                0x0000000008003078                DMA1_Stream5_IRQHandler
                0x0000000008003078                PVD_IRQHandler
                0x0000000008003078                SDIO_IRQHandler
                0x0000000008003078                TAMP_STAMP_IRQHandler
                0x0000000008003078                CAN2_RX1_IRQHandler
                0x0000000008003078                EXTI3_IRQHandler
                0x0000000008003078                TIM8_TRG_COM_TIM14_IRQHandler
                0x0000000008003078                TIM1_UP_TIM10_IRQHandler
                0x0000000008003078                TIM8_UP_TIM13_IRQHandler
                0x0000000008003078                I2C3_ER_IRQHandler
                0x0000000008003078                EXTI0_IRQHandler
                0x0000000008003078                I2C2_EV_IRQHandler
                0x0000000008003078                DMA1_Stream2_IRQHandler
                0x0000000008003078                CAN1_RX0_IRQHandler
                0x0000000008003078                FPU_IRQHandler
                0x0000000008003078                OTG_HS_WKUP_IRQHandler
                0x0000000008003078                CAN2_SCE_IRQHandler
                0x0000000008003078                DMA2_Stream2_IRQHandler
                0x0000000008003078                SPI1_IRQHandler
                0x0000000008003078                TIM6_DAC_IRQHandler
                0x0000000008003078                TIM1_BRK_TIM9_IRQHandler
                0x0000000008003078                DCMI_IRQHandler
                0x0000000008003078                CAN2_RX0_IRQHandler
                0x0000000008003078                DMA2_Stream3_IRQHandler
                0x0000000008003078                USART6_IRQHandler
                0x0000000008003078                CAN1_RX1_IRQHandler
                0x0000000008003078                UART5_IRQHandler
                0x0000000008003078                TIM4_IRQHandler
                0x0000000008003078                I2C1_EV_IRQHandler
                0x0000000008003078                DMA1_Stream6_IRQHandler
                0x0000000008003078                DMA1_Stream1_IRQHandler
                0x0000000008003078                UART4_IRQHandler
                0x0000000008003078                RCC_IRQHandler
                0x0000000008003078                TIM8_BRK_TIM12_IRQHandler
                0x0000000008003078                Default_Handler
                0x0000000008003078                EXTI15_10_IRQHandler
                0x0000000008003078                ADC_IRQHandler
                0x0000000008003078                DMA1_Stream7_IRQHandler
                0x0000000008003078                TIM7_IRQHandler
                0x0000000008003078                CAN2_TX_IRQHandler
                0x0000000008003078                TIM5_IRQHandler
                0x0000000008003078                DMA2_Stream7_IRQHandler
                0x0000000008003078                I2C3_EV_IRQHandler
                0x0000000008003078                EXTI9_5_IRQHandler
                0x0000000008003078                RTC_WKUP_IRQHandler
                0x0000000008003078                ETH_WKUP_IRQHandler
                0x0000000008003078                SPI2_IRQHandler
                0x0000000008003078                OTG_HS_EP1_IN_IRQHandler
                0x0000000008003078                DMA1_Stream0_IRQHandler
                0x0000000008003078                CAN1_TX_IRQHandler
                0x0000000008003078                EXTI4_IRQHandler
                0x0000000008003078                FSMC_IRQHandler
                0x0000000008003078                ETH_IRQHandler
                0x0000000008003078                OTG_HS_EP1_OUT_IRQHandler
                0x0000000008003078                WWDG_IRQHandler
                0x0000000008003078                TIM2_IRQHandler
                0x0000000008003078                OTG_FS_WKUP_IRQHandler
                0x0000000008003078                TIM1_TRG_COM_TIM11_IRQHandler
                0x0000000008003078                OTG_HS_IRQHandler
                0x0000000008003078                EXTI1_IRQHandler
                0x0000000008003078                USART2_IRQHandler
                0x0000000008003078                I2C2_ER_IRQHandler
                0x0000000008003078                DMA2_Stream1_IRQHandler
                0x0000000008003078                CAN1_SCE_IRQHandler
                0x0000000008003078                FLASH_IRQHandler
                0x0000000008003078                DMA2_Stream4_IRQHandler
                0x0000000008003078                USART1_IRQHandler
                0x0000000008003078                OTG_FS_IRQHandler
                0x0000000008003078                SPI3_IRQHandler
                0x0000000008003078                DMA1_Stream4_IRQHandler
                0x0000000008003078                I2C1_ER_IRQHandler
                0x0000000008003078                DMA2_Stream6_IRQHandler
                0x0000000008003078                DMA1_Stream3_IRQHandler
 *fill*         0x000000000800307a        0x2 
 .text.HAL_Init
                0x000000000800307c       0x44 ./Drivers/STM32F4xx_HAL_Driver/Src/stm32f4xx_hal.o
                0x000000000800307c                HAL_Init
 .text.HAL_InitTick
                0x00000000080030c0       0x60 ./Drivers/STM32F4xx_HAL_Driver/Src/stm32f4xx_hal.o
                0x00000000080030c0                HAL_InitTick
 .text.HAL_IncTick
                0x0000000008003120       0x28 ./Drivers/STM32F4xx_HAL_Driver/Src/stm32f4xx_hal.o
                0x0000000008003120                HAL_IncTick
 .text.HAL_GetTick
                0x0000000008003148       0x18 ./Drivers/STM32F4xx_HAL_Driver/Src/stm32f4xx_hal.o
                0x0000000008003148                HAL_GetTick
 .text.HAL_Delay
                0x0000000008003160       0x48 ./Drivers/STM32F4xx_HAL_Driver/Src/stm32f4xx_hal.o
                0x0000000008003160                HAL_Delay
 .text.HAL_ADC_Init
                0x00000000080031a8       0x86 ./Drivers/STM32F4xx_HAL_Driver/Src/stm32f4xx_hal_adc.o
                0x00000000080031a8                HAL_ADC_Init
 *fill*         0x000000000800322e        0x2 
 .text.HAL_ADC_Start_DMA
                0x0000000008003230      0x220 ./Drivers/STM32F4xx_HAL_Driver/Src/stm32f4xx_hal_adc.o
                0x0000000008003230                HAL_ADC_Start_DMA
 .text.HAL_ADC_ConvCpltCallback
                0x0000000008003450       0x14 ./Drivers/STM32F4xx_HAL_Driver/Src/stm32f4xx_hal_adc.o
                0x0000000008003450                HAL_ADC_ConvCpltCallback
 .text.HAL_ADC_ConvHalfCpltCallback
                0x0000000008003464       0x14 ./Drivers/STM32F4xx_HAL_Driver/Src/stm32f4xx_hal_adc.o
                0x0000000008003464                HAL_ADC_ConvHalfCpltCallback
 .text.HAL_ADC_ErrorCallback
                0x0000000008003478       0x14 ./Drivers/STM32F4xx_HAL_Driver/Src/stm32f4xx_hal_adc.o
                0x0000000008003478                HAL_ADC_ErrorCallback
 .text.HAL_ADC_ConfigChannel
                0x000000000800348c      0x244 ./Drivers/STM32F4xx_HAL_Driver/Src/stm32f4xx_hal_adc.o
                0x000000000800348c                HAL_ADC_ConfigChannel
 .text.ADC_Init
                0x00000000080036d0      0x1f8 ./Drivers/STM32F4xx_HAL_Driver/Src/stm32f4xx_hal_adc.o
 .text.ADC_DMAConvCplt
                0x00000000080038c8       0xba ./Drivers/STM32F4xx_HAL_Driver/Src/stm32f4xx_hal_adc.o
 .text.ADC_DMAHalfConvCplt
                0x0000000008003982       0x1c ./Drivers/STM32F4xx_HAL_Driver/Src/stm32f4xx_hal_adc.o
 .text.ADC_DMAError
                0x000000000800399e       0x2e ./Drivers/STM32F4xx_HAL_Driver/Src/stm32f4xx_hal_adc.o
 .text.__NVIC_SetPriorityGrouping
                0x00000000080039cc       0x48 ./Drivers/STM32F4xx_HAL_Driver/Src/stm32f4xx_hal_cortex.o
 .text.__NVIC_GetPriorityGrouping
                0x0000000008003a14       0x1c ./Drivers/STM32F4xx_HAL_Driver/Src/stm32f4xx_hal_cortex.o
 .text.__NVIC_EnableIRQ
                0x0000000008003a30       0x3c ./Drivers/STM32F4xx_HAL_Driver/Src/stm32f4xx_hal_cortex.o
 .text.__NVIC_SetPriority
                0x0000000008003a6c       0x54 ./Drivers/STM32F4xx_HAL_Driver/Src/stm32f4xx_hal_cortex.o
 .text.NVIC_EncodePriority
                0x0000000008003ac0       0x66 ./Drivers/STM32F4xx_HAL_Driver/Src/stm32f4xx_hal_cortex.o
 *fill*         0x0000000008003b26        0x2 
 .text.SysTick_Config
                0x0000000008003b28       0x44 ./Drivers/STM32F4xx_HAL_Driver/Src/stm32f4xx_hal_cortex.o
 .text.HAL_NVIC_SetPriorityGrouping
                0x0000000008003b6c       0x16 ./Drivers/STM32F4xx_HAL_Driver/Src/stm32f4xx_hal_cortex.o
                0x0000000008003b6c                HAL_NVIC_SetPriorityGrouping
 .text.HAL_NVIC_SetPriority
                0x0000000008003b82       0x38 ./Drivers/STM32F4xx_HAL_Driver/Src/stm32f4xx_hal_cortex.o
                0x0000000008003b82                HAL_NVIC_SetPriority
 .text.HAL_NVIC_EnableIRQ
                0x0000000008003bba       0x1c ./Drivers/STM32F4xx_HAL_Driver/Src/stm32f4xx_hal_cortex.o
                0x0000000008003bba                HAL_NVIC_EnableIRQ
 .text.HAL_SYSTICK_Config
                0x0000000008003bd6       0x18 ./Drivers/STM32F4xx_HAL_Driver/Src/stm32f4xx_hal_cortex.o
                0x0000000008003bd6                HAL_SYSTICK_Config
 *fill*         0x0000000008003bee        0x2 
 .text.HAL_DMA_Init
                0x0000000008003bf0      0x15c ./Drivers/STM32F4xx_HAL_Driver/Src/stm32f4xx_hal_dma.o
                0x0000000008003bf0                HAL_DMA_Init
 .text.HAL_DMA_Start_IT
                0x0000000008003d4c       0xb0 ./Drivers/STM32F4xx_HAL_Driver/Src/stm32f4xx_hal_dma.o
                0x0000000008003d4c                HAL_DMA_Start_IT
 .text.HAL_DMA_Abort
                0x0000000008003dfc       0xe0 ./Drivers/STM32F4xx_HAL_Driver/Src/stm32f4xx_hal_dma.o
                0x0000000008003dfc                HAL_DMA_Abort
 .text.HAL_DMA_Abort_IT
                0x0000000008003edc       0x44 ./Drivers/STM32F4xx_HAL_Driver/Src/stm32f4xx_hal_dma.o
                0x0000000008003edc                HAL_DMA_Abort_IT
 .text.HAL_DMA_IRQHandler
                0x0000000008003f20      0x314 ./Drivers/STM32F4xx_HAL_Driver/Src/stm32f4xx_hal_dma.o
                0x0000000008003f20                HAL_DMA_IRQHandler
 .text.DMA_SetConfig
                0x0000000008004234       0x5c ./Drivers/STM32F4xx_HAL_Driver/Src/stm32f4xx_hal_dma.o
 .text.DMA_CalcBaseAndBitshift
                0x0000000008004290       0x6c ./Drivers/STM32F4xx_HAL_Driver/Src/stm32f4xx_hal_dma.o
 .text.DMA_CheckFifoParam
                0x00000000080042fc       0xf8 ./Drivers/STM32F4xx_HAL_Driver/Src/stm32f4xx_hal_dma.o
 .text.HAL_GPIO_Init
                0x00000000080043f4      0x338 ./Drivers/STM32F4xx_HAL_Driver/Src/stm32f4xx_hal_gpio.o
                0x00000000080043f4                HAL_GPIO_Init
 .text.HAL_GPIO_WritePin
                0x000000000800472c       0x32 ./Drivers/STM32F4xx_HAL_Driver/Src/stm32f4xx_hal_gpio.o
                0x000000000800472c                HAL_GPIO_WritePin
 *fill*         0x000000000800475e        0x2 
 .text.HAL_RCC_OscConfig
                0x0000000008004760      0x4f0 ./Drivers/STM32F4xx_HAL_Driver/Src/stm32f4xx_hal_rcc.o
                0x0000000008004760                HAL_RCC_OscConfig
 .text.HAL_RCC_ClockConfig
                0x0000000008004c50      0x1cc ./Drivers/STM32F4xx_HAL_Driver/Src/stm32f4xx_hal_rcc.o
                0x0000000008004c50                HAL_RCC_ClockConfig
 .text.HAL_RCC_GetSysClockFreq
                0x0000000008004e1c      0x18c ./Drivers/STM32F4xx_HAL_Driver/Src/stm32f4xx_hal_rcc.o
                0x0000000008004e1c                HAL_RCC_GetSysClockFreq
 .text.HAL_RCC_GetHCLKFreq
                0x0000000008004fa8       0x18 ./Drivers/STM32F4xx_HAL_Driver/Src/stm32f4xx_hal_rcc.o
                0x0000000008004fa8                HAL_RCC_GetHCLKFreq
 .text.HAL_RCC_GetPCLK1Freq
                0x0000000008004fc0       0x28 ./Drivers/STM32F4xx_HAL_Driver/Src/stm32f4xx_hal_rcc.o
                0x0000000008004fc0                HAL_RCC_GetPCLK1Freq
 .text.HAL_RCC_GetPCLK2Freq
                0x0000000008004fe8       0x28 ./Drivers/STM32F4xx_HAL_Driver/Src/stm32f4xx_hal_rcc.o
                0x0000000008004fe8                HAL_RCC_GetPCLK2Freq
 .text.HAL_SPI_Init
                0x0000000008005010      0x112 ./Drivers/STM32F4xx_HAL_Driver/Src/stm32f4xx_hal_spi.o
                0x0000000008005010                HAL_SPI_Init
 .text.HAL_SPI_Receive
                0x0000000008005122      0x232 ./Drivers/STM32F4xx_HAL_Driver/Src/stm32f4xx_hal_spi.o
                0x0000000008005122                HAL_SPI_Receive
 .text.HAL_SPI_TransmitReceive
                0x0000000008005354      0x352 ./Drivers/STM32F4xx_HAL_Driver/Src/stm32f4xx_hal_spi.o
                0x0000000008005354                HAL_SPI_TransmitReceive
 *fill*         0x00000000080056a6        0x2 
 .text.SPI_WaitFlagStateUntilTimeout
                0x00000000080056a8      0x110 ./Drivers/STM32F4xx_HAL_Driver/Src/stm32f4xx_hal_spi.o
 .text.SPI_EndRxTransaction
                0x00000000080057b8       0xca ./Drivers/STM32F4xx_HAL_Driver/Src/stm32f4xx_hal_spi.o
 *fill*         0x0000000008005882        0x2 
 .text.SPI_EndRxTxTransaction
                0x0000000008005884       0xa8 ./Drivers/STM32F4xx_HAL_Driver/Src/stm32f4xx_hal_spi.o
 .text.HAL_SRAM_Init
                0x000000000800592c       0x90 ./Drivers/STM32F4xx_HAL_Driver/Src/stm32f4xx_hal_sram.o
                0x000000000800592c                HAL_SRAM_Init
 .text.HAL_TIM_Base_Init
                0x00000000080059bc       0x9e ./Drivers/STM32F4xx_HAL_Driver/Src/stm32f4xx_hal_tim.o
                0x00000000080059bc                HAL_TIM_Base_Init
 *fill*         0x0000000008005a5a        0x2 
 .text.HAL_TIM_Base_Start_IT
                0x0000000008005a5c       0xe0 ./Drivers/STM32F4xx_HAL_Driver/Src/stm32f4xx_hal_tim.o
                0x0000000008005a5c                HAL_TIM_Base_Start_IT
 .text.HAL_TIM_IRQHandler
                0x0000000008005b3c      0x1e0 ./Drivers/STM32F4xx_HAL_Driver/Src/stm32f4xx_hal_tim.o
                0x0000000008005b3c                HAL_TIM_IRQHandler
 .text.HAL_TIM_ConfigClockSource
                0x0000000008005d1c      0x18e ./Drivers/STM32F4xx_HAL_Driver/Src/stm32f4xx_hal_tim.o
                0x0000000008005d1c                HAL_TIM_ConfigClockSource
 .text.HAL_TIM_OC_DelayElapsedCallback
                0x0000000008005eaa       0x14 ./Drivers/STM32F4xx_HAL_Driver/Src/stm32f4xx_hal_tim.o
                0x0000000008005eaa                HAL_TIM_OC_DelayElapsedCallback
 .text.HAL_TIM_IC_CaptureCallback
                0x0000000008005ebe       0x14 ./Drivers/STM32F4xx_HAL_Driver/Src/stm32f4xx_hal_tim.o
                0x0000000008005ebe                HAL_TIM_IC_CaptureCallback
 .text.HAL_TIM_PWM_PulseFinishedCallback
                0x0000000008005ed2       0x14 ./Drivers/STM32F4xx_HAL_Driver/Src/stm32f4xx_hal_tim.o
                0x0000000008005ed2                HAL_TIM_PWM_PulseFinishedCallback
 .text.HAL_TIM_TriggerCallback
                0x0000000008005ee6       0x14 ./Drivers/STM32F4xx_HAL_Driver/Src/stm32f4xx_hal_tim.o
                0x0000000008005ee6                HAL_TIM_TriggerCallback
 *fill*         0x0000000008005efa        0x2 
 .text.TIM_Base_SetConfig
                0x0000000008005efc      0x158 ./Drivers/STM32F4xx_HAL_Driver/Src/stm32f4xx_hal_tim.o
                0x0000000008005efc                TIM_Base_SetConfig
 .text.TIM_TI1_ConfigInputStage
                0x0000000008006054       0x5e ./Drivers/STM32F4xx_HAL_Driver/Src/stm32f4xx_hal_tim.o
 .text.TIM_TI2_ConfigInputStage
                0x00000000080060b2       0x60 ./Drivers/STM32F4xx_HAL_Driver/Src/stm32f4xx_hal_tim.o
 .text.TIM_ITRx_SetConfig
                0x0000000008006112       0x36 ./Drivers/STM32F4xx_HAL_Driver/Src/stm32f4xx_hal_tim.o
 .text.TIM_ETR_SetConfig
                0x0000000008006148       0x40 ./Drivers/STM32F4xx_HAL_Driver/Src/stm32f4xx_hal_tim.o
                0x0000000008006148                TIM_ETR_SetConfig
 .text.HAL_TIMEx_MasterConfigSynchronization
                0x0000000008006188       0xf8 ./Drivers/STM32F4xx_HAL_Driver/Src/stm32f4xx_hal_tim_ex.o
                0x0000000008006188                HAL_TIMEx_MasterConfigSynchronization
 .text.HAL_TIMEx_CommutCallback
                0x0000000008006280       0x14 ./Drivers/STM32F4xx_HAL_Driver/Src/stm32f4xx_hal_tim_ex.o
                0x0000000008006280                HAL_TIMEx_CommutCallback
 .text.HAL_TIMEx_BreakCallback
                0x0000000008006294       0x14 ./Drivers/STM32F4xx_HAL_Driver/Src/stm32f4xx_hal_tim_ex.o
                0x0000000008006294                HAL_TIMEx_BreakCallback
 .text.HAL_UART_Init
                0x00000000080062a8       0xa0 ./Drivers/STM32F4xx_HAL_Driver/Src/stm32f4xx_hal_uart.o
                0x00000000080062a8                HAL_UART_Init
 .text.HAL_UART_Transmit
                0x0000000008006348      0x116 ./Drivers/STM32F4xx_HAL_Driver/Src/stm32f4xx_hal_uart.o
                0x0000000008006348                HAL_UART_Transmit
 *fill*         0x000000000800645e        0x2 
 .text.HAL_UART_IRQHandler
                0x0000000008006460      0x524 ./Drivers/STM32F4xx_HAL_Driver/Src/stm32f4xx_hal_uart.o
                0x0000000008006460                HAL_UART_IRQHandler
 .text.HAL_UART_TxCpltCallback
                0x0000000008006984       0x14 ./Drivers/STM32F4xx_HAL_Driver/Src/stm32f4xx_hal_uart.o
                0x0000000008006984                HAL_UART_TxCpltCallback
 .text.HAL_UART_RxCpltCallback
                0x0000000008006998       0x14 ./Drivers/STM32F4xx_HAL_Driver/Src/stm32f4xx_hal_uart.o
                0x0000000008006998                HAL_UART_RxCpltCallback
 .text.HAL_UART_ErrorCallback
                0x00000000080069ac       0x14 ./Drivers/STM32F4xx_HAL_Driver/Src/stm32f4xx_hal_uart.o
                0x00000000080069ac                HAL_UART_ErrorCallback
 .text.HAL_UARTEx_RxEventCallback
                0x00000000080069c0       0x18 ./Drivers/STM32F4xx_HAL_Driver/Src/stm32f4xx_hal_uart.o
                0x00000000080069c0                HAL_UARTEx_RxEventCallback
 .text.UART_WaitOnFlagUntilTimeout
                0x00000000080069d8       0xb2 ./Drivers/STM32F4xx_HAL_Driver/Src/stm32f4xx_hal_uart.o
 .text.UART_EndRxTransfer
                0x0000000008006a8a       0xc6 ./Drivers/STM32F4xx_HAL_Driver/Src/stm32f4xx_hal_uart.o
 .text.UART_DMAAbortOnError
                0x0000000008006b50       0x28 ./Drivers/STM32F4xx_HAL_Driver/Src/stm32f4xx_hal_uart.o
 .text.UART_Transmit_IT
                0x0000000008006b78       0xa0 ./Drivers/STM32F4xx_HAL_Driver/Src/stm32f4xx_hal_uart.o
 .text.UART_EndTransmit_IT
                0x0000000008006c18       0x30 ./Drivers/STM32F4xx_HAL_Driver/Src/stm32f4xx_hal_uart.o
 .text.UART_Receive_IT
                0x0000000008006c48      0x17c ./Drivers/STM32F4xx_HAL_Driver/Src/stm32f4xx_hal_uart.o
 .text.UART_SetConfig
                0x0000000008006dc4      0x4e8 ./Drivers/STM32F4xx_HAL_Driver/Src/stm32f4xx_hal_uart.o
 .text.FSMC_NORSRAM_Init
                0x00000000080072ac       0xd4 ./Drivers/STM32F4xx_HAL_Driver/Src/stm32f4xx_ll_fsmc.o
                0x00000000080072ac                FSMC_NORSRAM_Init
 .text.FSMC_NORSRAM_Timing_Init
                0x0000000008007380       0x6a ./Drivers/STM32F4xx_HAL_Driver/Src/stm32f4xx_ll_fsmc.o
                0x0000000008007380                FSMC_NORSRAM_Timing_Init
 *fill*         0x00000000080073ea        0x2 
 .text.FSMC_NORSRAM_Extended_Timing_Init
                0x00000000080073ec       0x70 ./Drivers/STM32F4xx_HAL_Driver/Src/stm32f4xx_ll_fsmc.o
                0x00000000080073ec                FSMC_NORSRAM_Extended_Timing_Init
 .text.memset   0x000000000800745c       0x10 C:/ST/STM32CubeIDE_1.14.0/STM32CubeIDE/plugins/com.st.stm32cube.ide.mcu.externaltools.gnu-tools-for-stm32.11.3.rel1.win32_1.1.100.202309141235/tools/bin/../lib/gcc/arm-none-eabi/11.3.1/../../../../arm-none-eabi/lib/thumb/v7e-m+fp/hard\libc_nano.a(libc_a-memset.o)
                0x000000000800745c                memset
 .text.__libc_init_array
                0x000000000800746c       0x48 C:/ST/STM32CubeIDE_1.14.0/STM32CubeIDE/plugins/com.st.stm32cube.ide.mcu.externaltools.gnu-tools-for-stm32.11.3.rel1.win32_1.1.100.202309141235/tools/bin/../lib/gcc/arm-none-eabi/11.3.1/../../../../arm-none-eabi/lib/thumb/v7e-m+fp/hard\libc_nano.a(libc_a-init.o)
                0x000000000800746c                __libc_init_array
 *(.glue_7)
 .glue_7        0x00000000080074b4        0x0 linker stubs
 *(.glue_7t)
 .glue_7t       0x00000000080074b4        0x0 linker stubs
 *(.eh_frame)
 .eh_frame      0x00000000080074b4        0x0 C:/ST/STM32CubeIDE_1.14.0/STM32CubeIDE/plugins/com.st.stm32cube.ide.mcu.externaltools.gnu-tools-for-stm32.11.3.rel1.win32_1.1.100.202309141235/tools/bin/../lib/gcc/arm-none-eabi/11.3.1/thumb/v7e-m+fp/hard/crtbegin.o
 *(.init)
 .init          0x00000000080074b4        0x4 C:/ST/STM32CubeIDE_1.14.0/STM32CubeIDE/plugins/com.st.stm32cube.ide.mcu.externaltools.gnu-tools-for-stm32.11.3.rel1.win32_1.1.100.202309141235/tools/bin/../lib/gcc/arm-none-eabi/11.3.1/thumb/v7e-m+fp/hard/crti.o
                0x00000000080074b4                _init
 .init          0x00000000080074b8        0x8 C:/ST/STM32CubeIDE_1.14.0/STM32CubeIDE/plugins/com.st.stm32cube.ide.mcu.externaltools.gnu-tools-for-stm32.11.3.rel1.win32_1.1.100.202309141235/tools/bin/../lib/gcc/arm-none-eabi/11.3.1/thumb/v7e-m+fp/hard/crtn.o
 *(.fini)
 .fini          0x00000000080074c0        0x4 C:/ST/STM32CubeIDE_1.14.0/STM32CubeIDE/plugins/com.st.stm32cube.ide.mcu.externaltools.gnu-tools-for-stm32.11.3.rel1.win32_1.1.100.202309141235/tools/bin/../lib/gcc/arm-none-eabi/11.3.1/thumb/v7e-m+fp/hard/crti.o
                0x00000000080074c0                _fini
 .fini          0x00000000080074c4        0x8 C:/ST/STM32CubeIDE_1.14.0/STM32CubeIDE/plugins/com.st.stm32cube.ide.mcu.externaltools.gnu-tools-for-stm32.11.3.rel1.win32_1.1.100.202309141235/tools/bin/../lib/gcc/arm-none-eabi/11.3.1/thumb/v7e-m+fp/hard/crtn.o
                0x00000000080074cc                . = ALIGN (0x4)
                0x00000000080074cc                _etext = .

.vfp11_veneer   0x00000000080074cc        0x0
 .vfp11_veneer  0x00000000080074cc        0x0 linker stubs

.v4_bx          0x00000000080074cc        0x0
 .v4_bx         0x00000000080074cc        0x0 linker stubs

.iplt           0x00000000080074cc        0x0
 .iplt          0x00000000080074cc        0x0 C:/ST/STM32CubeIDE_1.14.0/STM32CubeIDE/plugins/com.st.stm32cube.ide.mcu.externaltools.gnu-tools-for-stm32.11.3.rel1.win32_1.1.100.202309141235/tools/bin/../lib/gcc/arm-none-eabi/11.3.1/thumb/v7e-m+fp/hard/crtbegin.o

.rodata         0x00000000080074cc     0x2fe0
                0x00000000080074cc                . = ALIGN (0x4)
 *(.rodata)
 .rodata        0x00000000080074cc       0x3d ./Core/Src/main.o
 *(.rodata*)
 *fill*         0x0000000008007509        0x3 
 .rodata.ascii_1608
                0x000000000800750c      0x5f0 ./Core/Src/lcd.o
                0x000000000800750c                ascii_1608
 .rodata.ascii_2412
                0x0000000008007afc     0x11d0 ./Core/Src/lcd.o
                0x0000000008007afc                ascii_2412
 .rodata.ascii_3216
                0x0000000008008ccc     0x17c0 ./Core/Src/lcd.o
                0x0000000008008ccc                ascii_3216
 .rodata.AHBPrescTable
                0x000000000800a48c       0x10 ./Core/Src/system_stm32f4xx.o
                0x000000000800a48c                AHBPrescTable
 .rodata.APBPrescTable
                0x000000000800a49c        0x8 ./Core/Src/system_stm32f4xx.o
                0x000000000800a49c                APBPrescTable
 .rodata.flagBitshiftOffset.0
                0x000000000800a4a4        0x8 ./Drivers/STM32F4xx_HAL_Driver/Src/stm32f4xx_hal_dma.o
                0x000000000800a4ac                . = ALIGN (0x4)

.ARM.extab      0x000000000800a4ac        0x0
                0x000000000800a4ac                . = ALIGN (0x4)
 *(.ARM.extab* .gnu.linkonce.armextab.*)
                0x000000000800a4ac                . = ALIGN (0x4)

.ARM            0x000000000800a4ac        0x8
                0x000000000800a4ac                . = ALIGN (0x4)
                0x000000000800a4ac                __exidx_start = .
 *(.ARM.exidx*)
 .ARM.exidx     0x000000000800a4ac        0x8 C:/ST/STM32CubeIDE_1.14.0/STM32CubeIDE/plugins/com.st.stm32cube.ide.mcu.externaltools.gnu-tools-for-stm32.11.3.rel1.win32_1.1.100.202309141235/tools/bin/../lib/gcc/arm-none-eabi/11.3.1/thumb/v7e-m+fp/hard\libgcc.a(_udivmoddi4.o)
                0x000000000800a4b4                __exidx_end = .
                0x000000000800a4b4                . = ALIGN (0x4)

.preinit_array  0x000000000800a4b4        0x0
                0x000000000800a4b4                . = ALIGN (0x4)
                0x000000000800a4b4                PROVIDE (__preinit_array_start = .)
 *(.preinit_array*)
                0x000000000800a4b4                PROVIDE (__preinit_array_end = .)
                0x000000000800a4b4                . = ALIGN (0x4)

.init_array     0x000000000800a4b4        0x4
                0x000000000800a4b4                . = ALIGN (0x4)
                0x000000000800a4b4                PROVIDE (__init_array_start = .)
 *(SORT_BY_NAME(.init_array.*))
 *(.init_array*)
 .init_array    0x000000000800a4b4        0x4 C:/ST/STM32CubeIDE_1.14.0/STM32CubeIDE/plugins/com.st.stm32cube.ide.mcu.externaltools.gnu-tools-for-stm32.11.3.rel1.win32_1.1.100.202309141235/tools/bin/../lib/gcc/arm-none-eabi/11.3.1/thumb/v7e-m+fp/hard/crtbegin.o
                0x000000000800a4b8                PROVIDE (__init_array_end = .)
                0x000000000800a4b8                . = ALIGN (0x4)

.fini_array     0x000000000800a4b8        0x4
                0x000000000800a4b8                . = ALIGN (0x4)
                [!provide]                        PROVIDE (__fini_array_start = .)
 *(SORT_BY_NAME(.fini_array.*))
 *(.fini_array*)
 .fini_array    0x000000000800a4b8        0x4 C:/ST/STM32CubeIDE_1.14.0/STM32CubeIDE/plugins/com.st.stm32cube.ide.mcu.externaltools.gnu-tools-for-stm32.11.3.rel1.win32_1.1.100.202309141235/tools/bin/../lib/gcc/arm-none-eabi/11.3.1/thumb/v7e-m+fp/hard/crtbegin.o
                [!provide]                        PROVIDE (__fini_array_end = .)
                0x000000000800a4bc                . = ALIGN (0x4)
                0x000000000800a4bc                _sidata = LOADADDR (.data)

.rel.dyn        0x000000000800a4bc        0x0
 .rel.iplt      0x000000000800a4bc        0x0 C:/ST/STM32CubeIDE_1.14.0/STM32CubeIDE/plugins/com.st.stm32cube.ide.mcu.externaltools.gnu-tools-for-stm32.11.3.rel1.win32_1.1.100.202309141235/tools/bin/../lib/gcc/arm-none-eabi/11.3.1/thumb/v7e-m+fp/hard/crtbegin.o

.data           0x0000000020000000      0x230 load address 0x000000000800a4bc
                0x0000000020000000                . = ALIGN (0x4)
                0x0000000020000000                _sdata = .
 *(.data)
 *(.data*)
 .data.timeOutForPress
                0x0000000020000000       0x20 ./Core/Src/button.o
                0x0000000020000000                timeOutForPress
 .data.crc16_lookup_table
                0x0000000020000020      0x200 ./Core/Src/crc16.o
                0x0000000020000020                crc16_lookup_table
 .data.FRAME_STATUS
                0x0000000020000220        0x1 ./Core/Src/rs485.o
                0x0000000020000220                FRAME_STATUS
 *fill*         0x0000000020000221        0x3 
 .data.SystemCoreClock
                0x0000000020000224        0x4 ./Core/Src/system_stm32f4xx.o
                0x0000000020000224                SystemCoreClock
 .data.uwTickPrio
                0x0000000020000228        0x4 ./Drivers/STM32F4xx_HAL_Driver/Src/stm32f4xx_hal.o
                0x0000000020000228                uwTickPrio
 .data.uwTickFreq
                0x000000002000022c        0x1 ./Drivers/STM32F4xx_HAL_Driver/Src/stm32f4xx_hal.o
                0x000000002000022c                uwTickFreq
 *(.RamFunc)
 *(.RamFunc*)
                0x0000000020000230                . = ALIGN (0x4)
 *fill*         0x000000002000022d        0x3 
                0x0000000020000230                _edata = .
                0x000000000800a6ec                _siccmram = LOADADDR (.ccmram)

.igot.plt       0x0000000020000230        0x0 load address 0x000000000800a6ec
 .igot.plt      0x0000000020000230        0x0 C:/ST/STM32CubeIDE_1.14.0/STM32CubeIDE/plugins/com.st.stm32cube.ide.mcu.externaltools.gnu-tools-for-stm32.11.3.rel1.win32_1.1.100.202309141235/tools/bin/../lib/gcc/arm-none-eabi/11.3.1/thumb/v7e-m+fp/hard/crtbegin.o

.ccmram         0x0000000010000000        0x0 load address 0x000000000800a6ec
                0x0000000010000000                . = ALIGN (0x4)
                0x0000000010000000                _sccmram = .
 *(.ccmram)
 *(.ccmram*)
                0x0000000010000000                . = ALIGN (0x4)
                0x0000000010000000                _eccmram = .
                0x0000000010000000                . = ALIGN (0x4)

.bss            0x0000000020000230      0x7f4
                0x0000000020000230                _sbss = .
                0x0000000020000230                __bss_start__ = _sbss
 *(.bss)
 .bss           0x0000000020000230       0x1c C:/ST/STM32CubeIDE_1.14.0/STM32CubeIDE/plugins/com.st.stm32cube.ide.mcu.externaltools.gnu-tools-for-stm32.11.3.rel1.win32_1.1.100.202309141235/tools/bin/../lib/gcc/arm-none-eabi/11.3.1/thumb/v7e-m+fp/hard/crtbegin.o
 *(.bss*)
 .bss._register_def
                0x000000002000024c       0x14 ./Core/Src/Slave.o
 .bss._address_def
                0x0000000020000260        0x1 ./Core/Src/Slave.o
 .bss._slave_signal_def
                0x0000000020000261        0x1 ./Core/Src/Slave.o
 .bss._slave_state_def
                0x0000000020000262        0x1 ./Core/Src/Slave.o
 *fill*         0x0000000020000263        0x1 
 .bss.tx_buf    0x0000000020000264      0x100 ./Core/Src/Slave.o
                0x0000000020000264                tx_buf
 .bss.rx_buf    0x0000000020000364      0x100 ./Core/Src/Slave.o
                0x0000000020000364                rx_buf
 .bss.flag_rx   0x0000000020000464        0x1 ./Core/Src/Slave.o
                0x0000000020000464                flag_rx
 .bss.rx_size   0x0000000020000465        0x1 ./Core/Src/Slave.o
                0x0000000020000465                rx_size
 .bss.tx_size   0x0000000020000466        0x1 ./Core/Src/Slave.o
                0x0000000020000466                tx_size
 *fill*         0x0000000020000467        0x1 
 .bss.hadc1     0x0000000020000468       0x48 ./Core/Src/adc.o
                0x0000000020000468                hadc1
 .bss.hdma_adc1
                0x00000000200004b0       0x60 ./Core/Src/adc.o
                0x00000000200004b0                hdma_adc1
 .bss.isPressed
                0x0000000020000510       0x20 ./Core/Src/button.o
                0x0000000020000510                isPressed
 .bss.isLongPressed
                0x0000000020000530       0x20 ./Core/Src/button.o
                0x0000000020000530                isLongPressed
 .bss.button_count3
                0x0000000020000550       0x20 ./Core/Src/button.o
                0x0000000020000550                button_count3
 .bss.button_count2
                0x0000000020000570       0x20 ./Core/Src/button.o
                0x0000000020000570                button_count2
 .bss.button_count1
                0x0000000020000590       0x20 ./Core/Src/button.o
                0x0000000020000590                button_count1
 .bss.button_count
                0x00000000200005b0       0x20 ./Core/Src/button.o
                0x00000000200005b0                button_count
 .bss.button_spi_buffer
                0x00000000200005d0        0x2 ./Core/Src/button.o
 *fill*         0x00000000200005d2        0x2 
 .bss.hsram1    0x00000000200005d4       0x50 ./Core/Src/fsmc.o
                0x00000000200005d4                hsram1
 .bss.FSMC_Initialized
                0x0000000020000624        0x4 ./Core/Src/fsmc.o
 .bss.lcddev    0x0000000020000628        0x6 ./Core/Src/lcd.o
                0x0000000020000628                lcddev
 .bss.count_adc
                0x000000002000062e        0x1 ./Core/Src/main.o
                0x000000002000062e                count_adc
 *fill*         0x000000002000062f        0x1 
 .bss._huart_callback
                0x0000000020000630        0x4 ./Core/Src/rs485.o
                0x0000000020000630                _huart_callback
 .bss._receive_buffer_callback
                0x0000000020000634        0x4 ./Core/Src/rs485.o
                0x0000000020000634                _receive_buffer_callback
 .bss._flag_rx_callback
                0x0000000020000638        0x4 ./Core/Src/rs485.o
                0x0000000020000638                _flag_rx_callback
 .bss._rx_size_callback
                0x000000002000063c        0x4 ./Core/Src/rs485.o
                0x000000002000063c                _rx_size_callback
 .bss._receive_buffer
                0x0000000020000640      0x100 ./Core/Src/rs485.o
                0x0000000020000640                _receive_buffer
 .bss._receive_index
                0x0000000020000740        0x1 ./Core/Src/rs485.o
                0x0000000020000740                _receive_index
 *fill*         0x0000000020000741        0x3 
 .bss._transmit_buffer
                0x0000000020000744      0x100 ./Core/Src/rs485.o
                0x0000000020000744                _transmit_buffer
 .bss._transmit_size
                0x0000000020000844        0x1 ./Core/Src/rs485.o
                0x0000000020000844                _transmit_size
 .bss._frame_size
                0x0000000020000845        0x1 ./Core/Src/rs485.o
                0x0000000020000845                _frame_size
 .bss._isCRCChecking
                0x0000000020000846        0x1 ./Core/Src/rs485.o
                0x0000000020000846                _isCRCChecking
 .bss.MODBUS485_STATE
                0x0000000020000847        0x1 ./Core/Src/rs485.o
                0x0000000020000847                MODBUS485_STATE
 .bss._character_received_flag
                0x0000000020000848        0x1 ./Core/Src/rs485.o
                0x0000000020000848                _character_received_flag
 .bss._transmit_flag
                0x0000000020000849        0x1 ./Core/Src/rs485.o
                0x0000000020000849                _transmit_flag
 *fill*         0x000000002000084a        0x2 
 .bss.adc_receive
                0x000000002000084c        0xa ./Core/Src/sensor.o
                0x000000002000084c                adc_receive
 *fill*         0x0000000020000856        0x2 
 .bss.hspi1     0x0000000020000858       0x58 ./Core/Src/spi.o
                0x0000000020000858                hspi1
 .bss.htim3     0x00000000200008b0       0x48 ./Core/Src/tim.o
                0x00000000200008b0                htim3
 .bss.timer     0x00000000200008f8       0x50 ./Core/Src/timer.o
                0x00000000200008f8                timer
 .bss.huart1    0x0000000020000948       0x48 ./Core/Src/usart.o
                0x0000000020000948                huart1
 .bss.huart2    0x0000000020000990       0x48 ./Core/Src/usart.o
                0x0000000020000990                huart2
 .bss.huart3    0x00000000200009d8       0x48 ./Core/Src/usart.o
                0x00000000200009d8                huart3
 .bss.uwTick    0x0000000020000a20        0x4 ./Drivers/STM32F4xx_HAL_Driver/Src/stm32f4xx_hal.o
                0x0000000020000a20                uwTick
 *(COMMON)
                0x0000000020000a24                . = ALIGN (0x4)
                0x0000000020000a24                _ebss = .
                0x0000000020000a24                __bss_end__ = _ebss

._user_heap_stack
                0x0000000020000a24      0x604
                0x0000000020000a28                . = ALIGN (0x8)
 *fill*         0x0000000020000a24        0x4 
                [!provide]                        PROVIDE (end = .)
                0x0000000020000a28                PROVIDE (_end = .)
                0x0000000020000c28                . = (. + _Min_Heap_Size)
 *fill*         0x0000000020000a28      0x200 
                0x0000000020001028                . = (. + _Min_Stack_Size)
 *fill*         0x0000000020000c28      0x400 
                0x0000000020001028                . = ALIGN (0x8)

/DISCARD/
 libc.a(*)
 libm.a(*)
 libgcc.a(*)

.ARM.attributes
                0x0000000000000000       0x30
 *(.ARM.attributes)
 .ARM.attributes
                0x0000000000000000       0x1e C:/ST/STM32CubeIDE_1.14.0/STM32CubeIDE/plugins/com.st.stm32cube.ide.mcu.externaltools.gnu-tools-for-stm32.11.3.rel1.win32_1.1.100.202309141235/tools/bin/../lib/gcc/arm-none-eabi/11.3.1/thumb/v7e-m+fp/hard/crti.o
 .ARM.attributes
                0x000000000000001e       0x34 C:/ST/STM32CubeIDE_1.14.0/STM32CubeIDE/plugins/com.st.stm32cube.ide.mcu.externaltools.gnu-tools-for-stm32.11.3.rel1.win32_1.1.100.202309141235/tools/bin/../lib/gcc/arm-none-eabi/11.3.1/thumb/v7e-m+fp/hard/crtbegin.o
 .ARM.attributes
                0x0000000000000052       0x34 ./Core/Src/Slave.o
 .ARM.attributes
                0x0000000000000086       0x34 ./Core/Src/adc.o
 .ARM.attributes
                0x00000000000000ba       0x34 ./Core/Src/button.o
 .ARM.attributes
                0x00000000000000ee       0x34 ./Core/Src/crc16.o
 .ARM.attributes
                0x0000000000000122       0x34 ./Core/Src/dma.o
 .ARM.attributes
                0x0000000000000156       0x34 ./Core/Src/fsmc.o
 .ARM.attributes
                0x000000000000018a       0x34 ./Core/Src/gpio.o
 .ARM.attributes
                0x00000000000001be       0x34 ./Core/Src/lcd.o
 .ARM.attributes
                0x00000000000001f2       0x34 ./Core/Src/main.o
 .ARM.attributes
                0x0000000000000226       0x34 ./Core/Src/rs485.o
 .ARM.attributes
                0x000000000000025a       0x34 ./Core/Src/sensor.o
 .ARM.attributes
                0x000000000000028e       0x34 ./Core/Src/spi.o
 .ARM.attributes
                0x00000000000002c2       0x34 ./Core/Src/stm32f4xx_hal_msp.o
 .ARM.attributes
                0x00000000000002f6       0x34 ./Core/Src/stm32f4xx_it.o
 .ARM.attributes
                0x000000000000032a       0x34 ./Core/Src/system_stm32f4xx.o
 .ARM.attributes
                0x000000000000035e       0x34 ./Core/Src/tim.o
 .ARM.attributes
                0x0000000000000392       0x34 ./Core/Src/timer.o
 .ARM.attributes
                0x00000000000003c6       0x34 ./Core/Src/usart.o
 .ARM.attributes
                0x00000000000003fa       0x21 ./Core/Startup/startup_stm32f407zgtx.o
 .ARM.attributes
                0x000000000000041b       0x34 ./Drivers/STM32F4xx_HAL_Driver/Src/stm32f4xx_hal.o
 .ARM.attributes
                0x000000000000044f       0x34 ./Drivers/STM32F4xx_HAL_Driver/Src/stm32f4xx_hal_adc.o
 .ARM.attributes
                0x0000000000000483       0x34 ./Drivers/STM32F4xx_HAL_Driver/Src/stm32f4xx_hal_cortex.o
 .ARM.attributes
                0x00000000000004b7       0x34 ./Drivers/STM32F4xx_HAL_Driver/Src/stm32f4xx_hal_dma.o
 .ARM.attributes
                0x00000000000004eb       0x34 ./Drivers/STM32F4xx_HAL_Driver/Src/stm32f4xx_hal_gpio.o
 .ARM.attributes
                0x000000000000051f       0x34 ./Drivers/STM32F4xx_HAL_Driver/Src/stm32f4xx_hal_rcc.o
 .ARM.attributes
                0x0000000000000553       0x34 ./Drivers/STM32F4xx_HAL_Driver/Src/stm32f4xx_hal_spi.o
 .ARM.attributes
                0x0000000000000587       0x34 ./Drivers/STM32F4xx_HAL_Driver/Src/stm32f4xx_hal_sram.o
 .ARM.attributes
                0x00000000000005bb       0x34 ./Drivers/STM32F4xx_HAL_Driver/Src/stm32f4xx_hal_tim.o
 .ARM.attributes
                0x00000000000005ef       0x34 ./Drivers/STM32F4xx_HAL_Driver/Src/stm32f4xx_hal_tim_ex.o
 .ARM.attributes
                0x0000000000000623       0x34 ./Drivers/STM32F4xx_HAL_Driver/Src/stm32f4xx_hal_uart.o
 .ARM.attributes
                0x0000000000000657       0x34 ./Drivers/STM32F4xx_HAL_Driver/Src/stm32f4xx_ll_fsmc.o
 .ARM.attributes
                0x000000000000068b       0x34 C:/ST/STM32CubeIDE_1.14.0/STM32CubeIDE/plugins/com.st.stm32cube.ide.mcu.externaltools.gnu-tools-for-stm32.11.3.rel1.win32_1.1.100.202309141235/tools/bin/../lib/gcc/arm-none-eabi/11.3.1/../../../../arm-none-eabi/lib/thumb/v7e-m+fp/hard\libc_nano.a(libc_a-memset.o)
 .ARM.attributes
                0x00000000000006bf       0x34 C:/ST/STM32CubeIDE_1.14.0/STM32CubeIDE/plugins/com.st.stm32cube.ide.mcu.externaltools.gnu-tools-for-stm32.11.3.rel1.win32_1.1.100.202309141235/tools/bin/../lib/gcc/arm-none-eabi/11.3.1/../../../../arm-none-eabi/lib/thumb/v7e-m+fp/hard\libc_nano.a(libc_a-init.o)
 .ARM.attributes
                0x00000000000006f3       0x1e C:/ST/STM32CubeIDE_1.14.0/STM32CubeIDE/plugins/com.st.stm32cube.ide.mcu.externaltools.gnu-tools-for-stm32.11.3.rel1.win32_1.1.100.202309141235/tools/bin/../lib/gcc/arm-none-eabi/11.3.1/thumb/v7e-m+fp/hard\libgcc.a(_arm_addsubdf3.o)
 .ARM.attributes
                0x0000000000000711       0x1e C:/ST/STM32CubeIDE_1.14.0/STM32CubeIDE/plugins/com.st.stm32cube.ide.mcu.externaltools.gnu-tools-for-stm32.11.3.rel1.win32_1.1.100.202309141235/tools/bin/../lib/gcc/arm-none-eabi/11.3.1/thumb/v7e-m+fp/hard\libgcc.a(_arm_muldivdf3.o)
 .ARM.attributes
                0x000000000000072f       0x1e C:/ST/STM32CubeIDE_1.14.0/STM32CubeIDE/plugins/com.st.stm32cube.ide.mcu.externaltools.gnu-tools-for-stm32.11.3.rel1.win32_1.1.100.202309141235/tools/bin/../lib/gcc/arm-none-eabi/11.3.1/thumb/v7e-m+fp/hard\libgcc.a(_arm_truncdfsf2.o)
 .ARM.attributes
                0x000000000000074d       0x1e C:/ST/STM32CubeIDE_1.14.0/STM32CubeIDE/plugins/com.st.stm32cube.ide.mcu.externaltools.gnu-tools-for-stm32.11.3.rel1.win32_1.1.100.202309141235/tools/bin/../lib/gcc/arm-none-eabi/11.3.1/thumb/v7e-m+fp/hard\libgcc.a(_aeabi_uldivmod.o)
 .ARM.attributes
                0x000000000000076b       0x34 C:/ST/STM32CubeIDE_1.14.0/STM32CubeIDE/plugins/com.st.stm32cube.ide.mcu.externaltools.gnu-tools-for-stm32.11.3.rel1.win32_1.1.100.202309141235/tools/bin/../lib/gcc/arm-none-eabi/11.3.1/thumb/v7e-m+fp/hard\libgcc.a(_udivmoddi4.o)
 .ARM.attributes
                0x000000000000079f       0x1e C:/ST/STM32CubeIDE_1.14.0/STM32CubeIDE/plugins/com.st.stm32cube.ide.mcu.externaltools.gnu-tools-for-stm32.11.3.rel1.win32_1.1.100.202309141235/tools/bin/../lib/gcc/arm-none-eabi/11.3.1/thumb/v7e-m+fp/hard\libgcc.a(_dvmd_tls.o)
 .ARM.attributes
                0x00000000000007bd       0x1e C:/ST/STM32CubeIDE_1.14.0/STM32CubeIDE/plugins/com.st.stm32cube.ide.mcu.externaltools.gnu-tools-for-stm32.11.3.rel1.win32_1.1.100.202309141235/tools/bin/../lib/gcc/arm-none-eabi/11.3.1/thumb/v7e-m+fp/hard/crtn.o
OUTPUT(ModBus_RTU_Implement.elf elf32-littlearm)
LOAD linker stubs
LOAD C:/ST/STM32CubeIDE_1.14.0/STM32CubeIDE/plugins/com.st.stm32cube.ide.mcu.externaltools.gnu-tools-for-stm32.11.3.rel1.win32_1.1.100.202309141235/tools/bin/../lib/gcc/arm-none-eabi/11.3.1/../../../../arm-none-eabi/lib/thumb/v7e-m+fp/hard\libc.a
LOAD C:/ST/STM32CubeIDE_1.14.0/STM32CubeIDE/plugins/com.st.stm32cube.ide.mcu.externaltools.gnu-tools-for-stm32.11.3.rel1.win32_1.1.100.202309141235/tools/bin/../lib/gcc/arm-none-eabi/11.3.1/../../../../arm-none-eabi/lib/thumb/v7e-m+fp/hard\libm.a
LOAD C:/ST/STM32CubeIDE_1.14.0/STM32CubeIDE/plugins/com.st.stm32cube.ide.mcu.externaltools.gnu-tools-for-stm32.11.3.rel1.win32_1.1.100.202309141235/tools/bin/../lib/gcc/arm-none-eabi/11.3.1/thumb/v7e-m+fp/hard\libgcc.a

.comment        0x0000000000000000       0x43
 .comment       0x0000000000000000       0x43 C:/ST/STM32CubeIDE_1.14.0/STM32CubeIDE/plugins/com.st.stm32cube.ide.mcu.externaltools.gnu-tools-for-stm32.11.3.rel1.win32_1.1.100.202309141235/tools/bin/../lib/gcc/arm-none-eabi/11.3.1/thumb/v7e-m+fp/hard/crtbegin.o
                                         0x44 (size before relaxing)
 .comment       0x0000000000000043       0x44 ./Core/Src/Slave.o
 .comment       0x0000000000000043       0x44 ./Core/Src/adc.o
 .comment       0x0000000000000043       0x44 ./Core/Src/button.o
 .comment       0x0000000000000043       0x44 ./Core/Src/crc16.o
 .comment       0x0000000000000043       0x44 ./Core/Src/dma.o
 .comment       0x0000000000000043       0x44 ./Core/Src/fsmc.o
 .comment       0x0000000000000043       0x44 ./Core/Src/gpio.o
 .comment       0x0000000000000043       0x44 ./Core/Src/lcd.o
 .comment       0x0000000000000043       0x44 ./Core/Src/main.o
 .comment       0x0000000000000043       0x44 ./Core/Src/rs485.o
 .comment       0x0000000000000043       0x44 ./Core/Src/sensor.o
 .comment       0x0000000000000043       0x44 ./Core/Src/spi.o
 .comment       0x0000000000000043       0x44 ./Core/Src/stm32f4xx_hal_msp.o
 .comment       0x0000000000000043       0x44 ./Core/Src/stm32f4xx_it.o
 .comment       0x0000000000000043       0x44 ./Core/Src/system_stm32f4xx.o
 .comment       0x0000000000000043       0x44 ./Core/Src/tim.o
 .comment       0x0000000000000043       0x44 ./Core/Src/timer.o
 .comment       0x0000000000000043       0x44 ./Core/Src/usart.o
 .comment       0x0000000000000043       0x44 ./Drivers/STM32F4xx_HAL_Driver/Src/stm32f4xx_hal.o
 .comment       0x0000000000000043       0x44 ./Drivers/STM32F4xx_HAL_Driver/Src/stm32f4xx_hal_adc.o
 .comment       0x0000000000000043       0x44 ./Drivers/STM32F4xx_HAL_Driver/Src/stm32f4xx_hal_cortex.o
 .comment       0x0000000000000043       0x44 ./Drivers/STM32F4xx_HAL_Driver/Src/stm32f4xx_hal_dma.o
 .comment       0x0000000000000043       0x44 ./Drivers/STM32F4xx_HAL_Driver/Src/stm32f4xx_hal_gpio.o
 .comment       0x0000000000000043       0x44 ./Drivers/STM32F4xx_HAL_Driver/Src/stm32f4xx_hal_rcc.o
 .comment       0x0000000000000043       0x44 ./Drivers/STM32F4xx_HAL_Driver/Src/stm32f4xx_hal_spi.o
 .comment       0x0000000000000043       0x44 ./Drivers/STM32F4xx_HAL_Driver/Src/stm32f4xx_hal_sram.o
 .comment       0x0000000000000043       0x44 ./Drivers/STM32F4xx_HAL_Driver/Src/stm32f4xx_hal_tim.o
 .comment       0x0000000000000043       0x44 ./Drivers/STM32F4xx_HAL_Driver/Src/stm32f4xx_hal_tim_ex.o
 .comment       0x0000000000000043       0x44 ./Drivers/STM32F4xx_HAL_Driver/Src/stm32f4xx_hal_uart.o
 .comment       0x0000000000000043       0x44 ./Drivers/STM32F4xx_HAL_Driver/Src/stm32f4xx_ll_fsmc.o

.debug_info     0x0000000000000000    0x1635f
 .debug_info    0x0000000000000000      0x8b7 ./Core/Src/Slave.o
 .debug_info    0x00000000000008b7      0x9f1 ./Core/Src/adc.o
 .debug_info    0x00000000000012a8      0x87a ./Core/Src/button.o
 .debug_info    0x0000000000001b22      0x14b ./Core/Src/crc16.o
 .debug_info    0x0000000000001c6d      0x4ad ./Core/Src/dma.o
 .debug_info    0x000000000000211a      0x9ee ./Core/Src/fsmc.o
 .debug_info    0x0000000000002b08      0x45d ./Core/Src/gpio.o
 .debug_info    0x0000000000002f65      0xc29 ./Core/Src/lcd.o
 .debug_info    0x0000000000003b8e      0xccb ./Core/Src/main.o
 .debug_info    0x0000000000004859      0xab7 ./Core/Src/rs485.o
 .debug_info    0x0000000000005310      0x685 ./Core/Src/sensor.o
 .debug_info    0x0000000000005995      0x94d ./Core/Src/spi.o
 .debug_info    0x00000000000062e2      0x269 ./Core/Src/stm32f4xx_hal_msp.o
 .debug_info    0x000000000000654b      0x9bb ./Core/Src/stm32f4xx_it.o
 .debug_info    0x0000000000006f06      0x512 ./Core/Src/system_stm32f4xx.o
 .debug_info    0x0000000000007418      0xc03 ./Core/Src/tim.o
 .debug_info    0x000000000000801b      0x132 ./Core/Src/timer.o
 .debug_info    0x000000000000814d      0xc43 ./Core/Src/usart.o
 .debug_info    0x0000000000008d90       0x23 ./Core/Startup/startup_stm32f407zgtx.o
 .debug_info    0x0000000000008db3      0x944 ./Drivers/STM32F4xx_HAL_Driver/Src/stm32f4xx_hal.o
 .debug_info    0x00000000000096f7      0xcd4 ./Drivers/STM32F4xx_HAL_Driver/Src/stm32f4xx_hal_adc.o
 .debug_info    0x000000000000a3cb      0xd8c ./Drivers/STM32F4xx_HAL_Driver/Src/stm32f4xx_hal_cortex.o
 .debug_info    0x000000000000b157      0x8e7 ./Drivers/STM32F4xx_HAL_Driver/Src/stm32f4xx_hal_dma.o
 .debug_info    0x000000000000ba3e      0x6c3 ./Drivers/STM32F4xx_HAL_Driver/Src/stm32f4xx_hal_gpio.o
 .debug_info    0x000000000000c101      0x8af ./Drivers/STM32F4xx_HAL_Driver/Src/stm32f4xx_hal_rcc.o
 .debug_info    0x000000000000c9b0     0x1525 ./Drivers/STM32F4xx_HAL_Driver/Src/stm32f4xx_hal_spi.o
 .debug_info    0x000000000000ded5      0xd39 ./Drivers/STM32F4xx_HAL_Driver/Src/stm32f4xx_hal_sram.o
 .debug_info    0x000000000000ec0e     0x299d ./Drivers/STM32F4xx_HAL_Driver/Src/stm32f4xx_hal_tim.o
 .debug_info    0x00000000000115ab     0x14db ./Drivers/STM32F4xx_HAL_Driver/Src/stm32f4xx_hal_tim_ex.o
 .debug_info    0x0000000000012a86     0x2f4f ./Drivers/STM32F4xx_HAL_Driver/Src/stm32f4xx_hal_uart.o
 .debug_info    0x00000000000159d5      0x98a ./Drivers/STM32F4xx_HAL_Driver/Src/stm32f4xx_ll_fsmc.o

.debug_abbrev   0x0000000000000000     0x3daa
 .debug_abbrev  0x0000000000000000      0x26a ./Core/Src/Slave.o
 .debug_abbrev  0x000000000000026a      0x205 ./Core/Src/adc.o
 .debug_abbrev  0x000000000000046f      0x23f ./Core/Src/button.o
 .debug_abbrev  0x00000000000006ae       0xca ./Core/Src/crc16.o
 .debug_abbrev  0x0000000000000778      0x10e ./Core/Src/dma.o
 .debug_abbrev  0x0000000000000886      0x212 ./Core/Src/fsmc.o
 .debug_abbrev  0x0000000000000a98      0x152 ./Core/Src/gpio.o
 .debug_abbrev  0x0000000000000bea      0x328 ./Core/Src/lcd.o
 .debug_abbrev  0x0000000000000f12      0x2b6 ./Core/Src/main.o
 .debug_abbrev  0x00000000000011c8      0x2d8 ./Core/Src/rs485.o
 .debug_abbrev  0x00000000000014a0      0x1a5 ./Core/Src/sensor.o
 .debug_abbrev  0x0000000000001645      0x1fa ./Core/Src/spi.o
 .debug_abbrev  0x000000000000183f       0xd8 ./Core/Src/stm32f4xx_hal_msp.o
 .debug_abbrev  0x0000000000001917      0x19b ./Core/Src/stm32f4xx_it.o
 .debug_abbrev  0x0000000000001ab2      0x11a ./Core/Src/system_stm32f4xx.o
 .debug_abbrev  0x0000000000001bcc      0x1f7 ./Core/Src/tim.o
 .debug_abbrev  0x0000000000001dc3      0x113 ./Core/Src/timer.o
 .debug_abbrev  0x0000000000001ed6      0x21e ./Core/Src/usart.o
 .debug_abbrev  0x00000000000020f4       0x12 ./Core/Startup/startup_stm32f407zgtx.o
 .debug_abbrev  0x0000000000002106      0x214 ./Drivers/STM32F4xx_HAL_Driver/Src/stm32f4xx_hal.o
 .debug_abbrev  0x000000000000231a      0x252 ./Drivers/STM32F4xx_HAL_Driver/Src/stm32f4xx_hal_adc.o
 .debug_abbrev  0x000000000000256c      0x31d ./Drivers/STM32F4xx_HAL_Driver/Src/stm32f4xx_hal_cortex.o
 .debug_abbrev  0x0000000000002889      0x264 ./Drivers/STM32F4xx_HAL_Driver/Src/stm32f4xx_hal_dma.o
 .debug_abbrev  0x0000000000002aed      0x1d4 ./Drivers/STM32F4xx_HAL_Driver/Src/stm32f4xx_hal_gpio.o
 .debug_abbrev  0x0000000000002cc1      0x2b7 ./Drivers/STM32F4xx_HAL_Driver/Src/stm32f4xx_hal_rcc.o
 .debug_abbrev  0x0000000000002f78      0x27a ./Drivers/STM32F4xx_HAL_Driver/Src/stm32f4xx_hal_spi.o
 .debug_abbrev  0x00000000000031f2      0x20c ./Drivers/STM32F4xx_HAL_Driver/Src/stm32f4xx_hal_sram.o
 .debug_abbrev  0x00000000000033fe      0x278 ./Drivers/STM32F4xx_HAL_Driver/Src/stm32f4xx_hal_tim.o
 .debug_abbrev  0x0000000000003676      0x283 ./Drivers/STM32F4xx_HAL_Driver/Src/stm32f4xx_hal_tim_ex.o
 .debug_abbrev  0x00000000000038f9      0x30e ./Drivers/STM32F4xx_HAL_Driver/Src/stm32f4xx_hal_uart.o
 .debug_abbrev  0x0000000000003c07      0x1a3 ./Drivers/STM32F4xx_HAL_Driver/Src/stm32f4xx_ll_fsmc.o

.debug_aranges  0x0000000000000000     0x1448
 .debug_aranges
                0x0000000000000000       0x68 ./Core/Src/Slave.o
 .debug_aranges
                0x0000000000000068       0x30 ./Core/Src/adc.o
 .debug_aranges
                0x0000000000000098       0x40 ./Core/Src/button.o
 .debug_aranges
                0x00000000000000d8       0x20 ./Core/Src/crc16.o
 .debug_aranges
                0x00000000000000f8       0x20 ./Core/Src/dma.o
 .debug_aranges
                0x0000000000000118       0x40 ./Core/Src/fsmc.o
 .debug_aranges
                0x0000000000000158       0x20 ./Core/Src/gpio.o
 .debug_aranges
                0x0000000000000178       0xd8 ./Core/Src/lcd.o
 .debug_aranges
                0x0000000000000250       0x40 ./Core/Src/main.o
 .debug_aranges
                0x0000000000000290       0xc0 ./Core/Src/rs485.o
 .debug_aranges
                0x0000000000000350       0x50 ./Core/Src/sensor.o
 .debug_aranges
                0x00000000000003a0       0x30 ./Core/Src/spi.o
 .debug_aranges
                0x00000000000003d0       0x20 ./Core/Src/stm32f4xx_hal_msp.o
 .debug_aranges
                0x00000000000003f0       0x78 ./Core/Src/stm32f4xx_it.o
 .debug_aranges
                0x0000000000000468       0x28 ./Core/Src/system_stm32f4xx.o
 .debug_aranges
                0x0000000000000490       0x30 ./Core/Src/tim.o
 .debug_aranges
                0x00000000000004c0       0x38 ./Core/Src/timer.o
 .debug_aranges
                0x00000000000004f8       0x40 ./Core/Src/usart.o
 .debug_aranges
                0x0000000000000538       0x28 ./Core/Startup/startup_stm32f407zgtx.o
 .debug_aranges
                0x0000000000000560       0xf0 ./Drivers/STM32F4xx_HAL_Driver/Src/stm32f4xx_hal.o
 .debug_aranges
                0x0000000000000650       0xe8 ./Drivers/STM32F4xx_HAL_Driver/Src/stm32f4xx_hal_adc.o
 .debug_aranges
                0x0000000000000738      0x130 ./Drivers/STM32F4xx_HAL_Driver/Src/stm32f4xx_hal_cortex.o
 .debug_aranges
                0x0000000000000868       0x90 ./Drivers/STM32F4xx_HAL_Driver/Src/stm32f4xx_hal_dma.o
 .debug_aranges
                0x00000000000008f8       0x58 ./Drivers/STM32F4xx_HAL_Driver/Src/stm32f4xx_hal_gpio.o
 .debug_aranges
                0x0000000000000950       0x88 ./Drivers/STM32F4xx_HAL_Driver/Src/stm32f4xx_hal_rcc.o
 .debug_aranges
                0x00000000000009d8      0x1d0 ./Drivers/STM32F4xx_HAL_Driver/Src/stm32f4xx_hal_spi.o
 .debug_aranges
                0x0000000000000ba8       0xb8 ./Drivers/STM32F4xx_HAL_Driver/Src/stm32f4xx_hal_sram.o
 .debug_aranges
                0x0000000000000c60      0x3d0 ./Drivers/STM32F4xx_HAL_Driver/Src/stm32f4xx_hal_tim.o
 .debug_aranges
                0x0000000000001030      0x168 ./Drivers/STM32F4xx_HAL_Driver/Src/stm32f4xx_hal_tim_ex.o
 .debug_aranges
                0x0000000000001198      0x208 ./Drivers/STM32F4xx_HAL_Driver/Src/stm32f4xx_hal_uart.o
 .debug_aranges
                0x00000000000013a0       0xa8 ./Drivers/STM32F4xx_HAL_Driver/Src/stm32f4xx_ll_fsmc.o

.debug_rnglists
                0x0000000000000000      0xf94
 .debug_rnglists
                0x0000000000000000       0x4c ./Core/Src/Slave.o
 .debug_rnglists
                0x000000000000004c       0x21 ./Core/Src/adc.o
 .debug_rnglists
                0x000000000000006d       0x2c ./Core/Src/button.o
 .debug_rnglists
                0x0000000000000099       0x13 ./Core/Src/crc16.o
 .debug_rnglists
                0x00000000000000ac       0x13 ./Core/Src/dma.o
 .debug_rnglists
                0x00000000000000bf       0x2d ./Core/Src/fsmc.o
 .debug_rnglists
                0x00000000000000ec       0x14 ./Core/Src/gpio.o
 .debug_rnglists
                0x0000000000000100       0xa8 ./Core/Src/lcd.o
 .debug_rnglists
                0x00000000000001a8       0x2e ./Core/Src/main.o
 .debug_rnglists
                0x00000000000001d6       0x8d ./Core/Src/rs485.o
 .debug_rnglists
                0x0000000000000263       0x38 ./Core/Src/sensor.o
 .debug_rnglists
                0x000000000000029b       0x20 ./Core/Src/spi.o
 .debug_rnglists
                0x00000000000002bb       0x13 ./Core/Src/stm32f4xx_hal_msp.o
 .debug_rnglists
                0x00000000000002ce       0x55 ./Core/Src/stm32f4xx_it.o
 .debug_rnglists
                0x0000000000000323       0x1a ./Core/Src/system_stm32f4xx.o
 .debug_rnglists
                0x000000000000033d       0x20 ./Core/Src/tim.o
 .debug_rnglists
                0x000000000000035d       0x25 ./Core/Src/timer.o
 .debug_rnglists
                0x0000000000000382       0x2d ./Core/Src/usart.o
 .debug_rnglists
                0x00000000000003af       0x19 ./Core/Startup/startup_stm32f407zgtx.o
 .debug_rnglists
                0x00000000000003c8       0xaf ./Drivers/STM32F4xx_HAL_Driver/Src/stm32f4xx_hal.o
 .debug_rnglists
                0x0000000000000477       0xb5 ./Drivers/STM32F4xx_HAL_Driver/Src/stm32f4xx_hal_adc.o
 .debug_rnglists
                0x000000000000052c       0xe0 ./Drivers/STM32F4xx_HAL_Driver/Src/stm32f4xx_hal_cortex.o
 .debug_rnglists
                0x000000000000060c       0x70 ./Drivers/STM32F4xx_HAL_Driver/Src/stm32f4xx_hal_dma.o
 .debug_rnglists
                0x000000000000067c       0x3f ./Drivers/STM32F4xx_HAL_Driver/Src/stm32f4xx_hal_gpio.o
 .debug_rnglists
                0x00000000000006bb       0x66 ./Drivers/STM32F4xx_HAL_Driver/Src/stm32f4xx_hal_rcc.o
 .debug_rnglists
                0x0000000000000721      0x16f ./Drivers/STM32F4xx_HAL_Driver/Src/stm32f4xx_hal_spi.o
 .debug_rnglists
                0x0000000000000890       0x8d ./Drivers/STM32F4xx_HAL_Driver/Src/stm32f4xx_hal_sram.o
 .debug_rnglists
                0x000000000000091d      0x31a ./Drivers/STM32F4xx_HAL_Driver/Src/stm32f4xx_hal_tim.o
 .debug_rnglists
                0x0000000000000c37      0x125 ./Drivers/STM32F4xx_HAL_Driver/Src/stm32f4xx_hal_tim_ex.o
 .debug_rnglists
                0x0000000000000d5c      0x1bc ./Drivers/STM32F4xx_HAL_Driver/Src/stm32f4xx_hal_uart.o
 .debug_rnglists
                0x0000000000000f18       0x7c ./Drivers/STM32F4xx_HAL_Driver/Src/stm32f4xx_ll_fsmc.o

.debug_macro    0x0000000000000000    0x253ef
 .debug_macro   0x0000000000000000      0x392 ./Core/Src/Slave.o
 .debug_macro   0x0000000000000392      0xaa8 ./Core/Src/Slave.o
 .debug_macro   0x0000000000000e3a      0x2ad ./Core/Src/Slave.o
 .debug_macro   0x00000000000010e7       0x2e ./Core/Src/Slave.o
 .debug_macro   0x0000000000001115       0x2f ./Core/Src/Slave.o
 .debug_macro   0x0000000000001144       0x22 ./Core/Src/Slave.o
 .debug_macro   0x0000000000001166       0x8e ./Core/Src/Slave.o
 .debug_macro   0x00000000000011f4       0x51 ./Core/Src/Slave.o
 .debug_macro   0x0000000000001245      0x103 ./Core/Src/Slave.o
 .debug_macro   0x0000000000001348       0x6a ./Core/Src/Slave.o
 .debug_macro   0x00000000000013b2      0x1df ./Core/Src/Slave.o
 .debug_macro   0x0000000000001591       0x1c ./Core/Src/Slave.o
 .debug_macro   0x00000000000015ad       0x22 ./Core/Src/Slave.o
 .debug_macro   0x00000000000015cf       0xfb ./Core/Src/Slave.o
 .debug_macro   0x00000000000016ca     0x1011 ./Core/Src/Slave.o
 .debug_macro   0x00000000000026db      0x11f ./Core/Src/Slave.o
 .debug_macro   0x00000000000027fa    0x15e97 ./Core/Src/Slave.o
 .debug_macro   0x0000000000018691       0x6d ./Core/Src/Slave.o
 .debug_macro   0x00000000000186fe     0x369a ./Core/Src/Slave.o
 .debug_macro   0x000000000001bd98      0x174 ./Core/Src/Slave.o
 .debug_macro   0x000000000001bf0c       0x5c ./Core/Src/Slave.o
 .debug_macro   0x000000000001bf68      0x980 ./Core/Src/Slave.o
 .debug_macro   0x000000000001c8e8      0x9e9 ./Core/Src/Slave.o
 .debug_macro   0x000000000001d2d1      0x115 ./Core/Src/Slave.o
 .debug_macro   0x000000000001d3e6      0x13e ./Core/Src/Slave.o
 .debug_macro   0x000000000001d524       0xa5 ./Core/Src/Slave.o
 .debug_macro   0x000000000001d5c9      0x174 ./Core/Src/Slave.o
 .debug_macro   0x000000000001d73d      0x287 ./Core/Src/Slave.o
 .debug_macro   0x000000000001d9c4       0x5f ./Core/Src/Slave.o
 .debug_macro   0x000000000001da23      0x236 ./Core/Src/Slave.o
 .debug_macro   0x000000000001dc59      0xb5b ./Core/Src/Slave.o
 .debug_macro   0x000000000001e7b4      0x38b ./Core/Src/Slave.o
 .debug_macro   0x000000000001eb3f      0x176 ./Core/Src/Slave.o
 .debug_macro   0x000000000001ecb5       0xf9 ./Core/Src/Slave.o
 .debug_macro   0x000000000001edae      0x12c ./Core/Src/Slave.o
 .debug_macro   0x000000000001eeda      0x21e ./Core/Src/Slave.o
 .debug_macro   0x000000000001f0f8       0x2e ./Core/Src/Slave.o
 .debug_macro   0x000000000001f126      0x516 ./Core/Src/Slave.o
 .debug_macro   0x000000000001f63c      0x127 ./Core/Src/Slave.o
 .debug_macro   0x000000000001f763       0x7e ./Core/Src/Slave.o
 .debug_macro   0x000000000001f7e1       0x89 ./Core/Src/Slave.o
 .debug_macro   0x000000000001f86a      0x225 ./Core/Src/Slave.o
 .debug_macro   0x000000000001fa8f      0x8ed ./Core/Src/Slave.o
 .debug_macro   0x000000000002037c       0x4d ./Core/Src/Slave.o
 .debug_macro   0x00000000000203c9      0x2aa ./Core/Src/Slave.o
 .debug_macro   0x0000000000020673      0x12d ./Core/Src/Slave.o
 .debug_macro   0x00000000000207a0       0x40 ./Core/Src/Slave.o
 .debug_macro   0x00000000000207e0       0xca ./Core/Src/Slave.o
 .debug_macro   0x00000000000208aa       0x2a ./Core/Src/Slave.o
 .debug_macro   0x00000000000208d4       0x61 ./Core/Src/Slave.o
 .debug_macro   0x0000000000020935       0x43 ./Core/Src/Slave.o
 .debug_macro   0x0000000000020978       0x34 ./Core/Src/Slave.o
 .debug_macro   0x00000000000209ac       0x16 ./Core/Src/Slave.o
 .debug_macro   0x00000000000209c2       0x35 ./Core/Src/Slave.o
 .debug_macro   0x00000000000209f7       0x16 ./Core/Src/Slave.o
 .debug_macro   0x0000000000020a0d       0x43 ./Core/Src/Slave.o
 .debug_macro   0x0000000000020a50       0x34 ./Core/Src/Slave.o
 .debug_macro   0x0000000000020a84       0x10 ./Core/Src/Slave.o
 .debug_macro   0x0000000000020a94       0x58 ./Core/Src/Slave.o
 .debug_macro   0x0000000000020aec       0x8e ./Core/Src/Slave.o
 .debug_macro   0x0000000000020b7a       0x1c ./Core/Src/Slave.o
 .debug_macro   0x0000000000020b96      0x177 ./Core/Src/Slave.o
 .debug_macro   0x0000000000020d0d      0x369 ./Core/Src/Slave.o
 .debug_macro   0x0000000000021076       0x16 ./Core/Src/Slave.o
 .debug_macro   0x000000000002108c       0x29 ./Core/Src/Slave.o
 .debug_macro   0x00000000000210b5       0x10 ./Core/Src/Slave.o
 .debug_macro   0x00000000000210c5       0x5e ./Core/Src/Slave.o
 .debug_macro   0x0000000000021123       0x16 ./Core/Src/Slave.o
 .debug_macro   0x0000000000021139       0x20 ./Core/Src/Slave.o
 .debug_macro   0x0000000000021159       0x82 ./Core/Src/Slave.o
 .debug_macro   0x00000000000211db      0x234 ./Core/Src/adc.o
 .debug_macro   0x000000000002140f      0x26a ./Core/Src/button.o
 .debug_macro   0x0000000000021679      0x13e ./Core/Src/crc16.o
 .debug_macro   0x00000000000217b7      0x10e ./Core/Src/crc16.o
 .debug_macro   0x00000000000218c5       0x8d ./Core/Src/crc16.o
 .debug_macro   0x0000000000021952      0x234 ./Core/Src/dma.o
 .debug_macro   0x0000000000021b86      0x234 ./Core/Src/fsmc.o
 .debug_macro   0x0000000000021dba      0x234 ./Core/Src/gpio.o
 .debug_macro   0x0000000000021fee      0x353 ./Core/Src/lcd.o
 .debug_macro   0x0000000000022341      0x3ea ./Core/Src/main.o
 .debug_macro   0x000000000002272b      0x33c ./Core/Src/rs485.o
 .debug_macro   0x0000000000022a67      0x238 ./Core/Src/sensor.o
 .debug_macro   0x0000000000022c9f      0x234 ./Core/Src/spi.o
 .debug_macro   0x0000000000022ed3      0x22a ./Core/Src/stm32f4xx_hal_msp.o
 .debug_macro   0x00000000000230fd      0x234 ./Core/Src/stm32f4xx_it.o
 .debug_macro   0x0000000000023331      0x21b ./Core/Src/system_stm32f4xx.o
 .debug_macro   0x000000000002354c      0x234 ./Core/Src/tim.o
 .debug_macro   0x0000000000023780       0x1a ./Core/Src/timer.o
 .debug_macro   0x000000000002379a      0x234 ./Core/Src/usart.o
 .debug_macro   0x00000000000239ce      0x27b ./Drivers/STM32F4xx_HAL_Driver/Src/stm32f4xx_hal.o
 .debug_macro   0x0000000000023c49      0x21c ./Drivers/STM32F4xx_HAL_Driver/Src/stm32f4xx_hal_adc.o
 .debug_macro   0x0000000000023e65      0x21b ./Drivers/STM32F4xx_HAL_Driver/Src/stm32f4xx_hal_cortex.o
 .debug_macro   0x0000000000024080      0x221 ./Drivers/STM32F4xx_HAL_Driver/Src/stm32f4xx_hal_dma.o
 .debug_macro   0x00000000000242a1      0x221 ./Drivers/STM32F4xx_HAL_Driver/Src/stm32f4xx_hal_gpio.o
 .debug_macro   0x00000000000244c2      0x23f ./Drivers/STM32F4xx_HAL_Driver/Src/stm32f4xx_hal_rcc.o
 .debug_macro   0x0000000000024701      0x22a ./Drivers/STM32F4xx_HAL_Driver/Src/stm32f4xx_hal_spi.o
 .debug_macro   0x000000000002492b      0x21b ./Drivers/STM32F4xx_HAL_Driver/Src/stm32f4xx_hal_sram.o
 .debug_macro   0x0000000000024b46      0x21c ./Drivers/STM32F4xx_HAL_Driver/Src/stm32f4xx_hal_tim.o
 .debug_macro   0x0000000000024d62      0x21b ./Drivers/STM32F4xx_HAL_Driver/Src/stm32f4xx_hal_tim_ex.o
 .debug_macro   0x0000000000024f7d      0x21c ./Drivers/STM32F4xx_HAL_Driver/Src/stm32f4xx_hal_uart.o
 .debug_macro   0x0000000000025199      0x256 ./Drivers/STM32F4xx_HAL_Driver/Src/stm32f4xx_ll_fsmc.o

.debug_line     0x0000000000000000    0x1aa36
 .debug_line    0x0000000000000000      0xb7a ./Core/Src/Slave.o
 .debug_line    0x0000000000000b7a      0x8bf ./Core/Src/adc.o
 .debug_line    0x0000000000001439      0x98d ./Core/Src/button.o
 .debug_line    0x0000000000001dc6      0x5df ./Core/Src/crc16.o
 .debug_line    0x00000000000023a5      0x7d7 ./Core/Src/dma.o
 .debug_line    0x0000000000002b7c      0x8dc ./Core/Src/fsmc.o
 .debug_line    0x0000000000003458      0x826 ./Core/Src/gpio.o
 .debug_line    0x0000000000003c7e     0x1027 ./Core/Src/lcd.o
 .debug_line    0x0000000000004ca5      0xae2 ./Core/Src/main.o
 .debug_line    0x0000000000005787      0xc77 ./Core/Src/rs485.o
 .debug_line    0x00000000000063fe      0x88f ./Core/Src/sensor.o
 .debug_line    0x0000000000006c8d      0x84d ./Core/Src/spi.o
 .debug_line    0x00000000000074da      0x7db ./Core/Src/stm32f4xx_hal_msp.o
 .debug_line    0x0000000000007cb5      0x8e6 ./Core/Src/stm32f4xx_it.o
 .debug_line    0x000000000000859b      0x85d ./Core/Src/system_stm32f4xx.o
 .debug_line    0x0000000000008df8      0x849 ./Core/Src/tim.o
 .debug_line    0x0000000000009641       0xdd ./Core/Src/timer.o
 .debug_line    0x000000000000971e      0x91b ./Core/Src/usart.o
 .debug_line    0x000000000000a039       0x7a ./Core/Startup/startup_stm32f407zgtx.o
 .debug_line    0x000000000000a0b3      0xac3 ./Drivers/STM32F4xx_HAL_Driver/Src/stm32f4xx_hal.o
 .debug_line    0x000000000000ab76     0x1343 ./Drivers/STM32F4xx_HAL_Driver/Src/stm32f4xx_hal_adc.o
 .debug_line    0x000000000000beb9      0xdbd ./Drivers/STM32F4xx_HAL_Driver/Src/stm32f4xx_hal_cortex.o
 .debug_line    0x000000000000cc76     0x1027 ./Drivers/STM32F4xx_HAL_Driver/Src/stm32f4xx_hal_dma.o
 .debug_line    0x000000000000dc9d      0xc37 ./Drivers/STM32F4xx_HAL_Driver/Src/stm32f4xx_hal_gpio.o
 .debug_line    0x000000000000e8d4      0xe52 ./Drivers/STM32F4xx_HAL_Driver/Src/stm32f4xx_hal_rcc.o
 .debug_line    0x000000000000f726     0x1dbd ./Drivers/STM32F4xx_HAL_Driver/Src/stm32f4xx_hal_spi.o
 .debug_line    0x00000000000114e3      0xdde ./Drivers/STM32F4xx_HAL_Driver/Src/stm32f4xx_hal_sram.o
 .debug_line    0x00000000000122c1     0x384f ./Drivers/STM32F4xx_HAL_Driver/Src/stm32f4xx_hal_tim.o
 .debug_line    0x0000000000015b10     0x1abf ./Drivers/STM32F4xx_HAL_Driver/Src/stm32f4xx_hal_tim_ex.o
 .debug_line    0x00000000000175cf     0x2980 ./Drivers/STM32F4xx_HAL_Driver/Src/stm32f4xx_hal_uart.o
 .debug_line    0x0000000000019f4f      0xae7 ./Drivers/STM32F4xx_HAL_Driver/Src/stm32f4xx_ll_fsmc.o

.debug_str      0x0000000000000000    0xdd8db
 .debug_str     0x0000000000000000    0xd8344 ./Core/Src/Slave.o
                                      0xd8683 (size before relaxing)
 .debug_str     0x00000000000d8344      0x3ef ./Core/Src/adc.o
                                      0xd4d44 (size before relaxing)
 .debug_str     0x00000000000d8733      0x2c8 ./Core/Src/button.o
                                      0xd4e4a (size before relaxing)
 .debug_str     0x00000000000d89fb       0x37 ./Core/Src/crc16.o
                                       0x721f (size before relaxing)
 .debug_str     0x00000000000d8a32      0x52c ./Core/Src/dma.o
                                      0xd4cfe (size before relaxing)
 .debug_str     0x00000000000d8f5e      0x295 ./Core/Src/fsmc.o
                                      0xd4dfe (size before relaxing)
 .debug_str     0x00000000000d91f3       0x20 ./Core/Src/gpio.o
                                      0xd48ac (size before relaxing)
 .debug_str     0x00000000000d9213      0x29a ./Core/Src/lcd.o
                                      0xd7e53 (size before relaxing)
 .debug_str     0x00000000000d94ad      0x4d7 ./Core/Src/main.o
                                      0xd891b (size before relaxing)
 .debug_str     0x00000000000d9984      0x372 ./Core/Src/rs485.o
                                      0xd82f5 (size before relaxing)
 .debug_str     0x00000000000d9cf6       0x33 ./Core/Src/sensor.o
                                      0xd4b9d (size before relaxing)
 .debug_str     0x00000000000d9d29       0x4b ./Core/Src/spi.o
                                      0xd4d38 (size before relaxing)
 .debug_str     0x00000000000d9d74       0x2c ./Core/Src/stm32f4xx_hal_msp.o
                                      0xd47e1 (size before relaxing)
 .debug_str     0x00000000000d9da0      0x13d ./Core/Src/stm32f4xx_it.o
                                      0xd4f4a (size before relaxing)
 .debug_str     0x00000000000d9edd       0xdb ./Core/Src/system_stm32f4xx.o
                                      0xd479a (size before relaxing)
 .debug_str     0x00000000000d9fb8      0x141 ./Core/Src/tim.o
                                      0xd53b6 (size before relaxing)
 .debug_str     0x00000000000da0f9       0x3f ./Core/Src/timer.o
                                       0x2e1b (size before relaxing)
 .debug_str     0x00000000000da138       0x58 ./Core/Src/usart.o
                                      0xd52d3 (size before relaxing)
 .debug_str     0x00000000000da190       0x34 ./Core/Startup/startup_stm32f407zgtx.o
                                         0x5e (size before relaxing)
 .debug_str     0x00000000000da1c4      0x603 ./Drivers/STM32F4xx_HAL_Driver/Src/stm32f4xx_hal.o
                                      0xd531e (size before relaxing)
 .debug_str     0x00000000000da7c7      0x2ac ./Drivers/STM32F4xx_HAL_Driver/Src/stm32f4xx_hal_adc.o
                                      0xd4d87 (size before relaxing)
 .debug_str     0x00000000000daa73      0x36b ./Drivers/STM32F4xx_HAL_Driver/Src/stm32f4xx_hal_cortex.o
                                      0xd509a (size before relaxing)
 .debug_str     0x00000000000dadde      0x2c7 ./Drivers/STM32F4xx_HAL_Driver/Src/stm32f4xx_hal_dma.o
                                      0xd4bb4 (size before relaxing)
 .debug_str     0x00000000000db0a5      0x11c ./Drivers/STM32F4xx_HAL_Driver/Src/stm32f4xx_hal_gpio.o
                                      0xd4915 (size before relaxing)
 .debug_str     0x00000000000db1c1      0x233 ./Drivers/STM32F4xx_HAL_Driver/Src/stm32f4xx_hal_rcc.o
                                      0xd4bce (size before relaxing)
 .debug_str     0x00000000000db3f4      0x551 ./Drivers/STM32F4xx_HAL_Driver/Src/stm32f4xx_hal_spi.o
                                      0xd5058 (size before relaxing)