Archive member included to satisfy reference by file (symbol)

D:/STM32CubeIDE_1.15.1/STM32CubeIDE/plugins/com.st.stm32cube.ide.mcu.externaltools.gnu-tools-for-stm32.12.3.rel1.win32_1.0.100.202403111256/tools/bin/../lib/gcc/arm-none-eabi/12.3.1/../../../../arm-none-eabi/lib/thumb/v7e-m+fp/hard\libc_nano.a(libc_a-exit.o)
                              D:/STM32CubeIDE_1.15.1/STM32CubeIDE/plugins/com.st.stm32cube.ide.mcu.externaltools.gnu-tools-for-stm32.12.3.rel1.win32_1.0.100.202403111256/tools/bin/../lib/gcc/arm-none-eabi/12.3.1/../../../../arm-none-eabi/lib/thumb/v7e-m+fp/hard/crt0.o (exit)
D:/STM32CubeIDE_1.15.1/STM32CubeIDE/plugins/com.st.stm32cube.ide.mcu.externaltools.gnu-tools-for-stm32.12.3.rel1.win32_1.0.100.202403111256/tools/bin/../lib/gcc/arm-none-eabi/12.3.1/../../../../arm-none-eabi/lib/thumb/v7e-m+fp/hard\libc_nano.a(libc_a-findfp.o)
                              D:/STM32CubeIDE_1.15.1/STM32CubeIDE/plugins/com.st.stm32cube.ide.mcu.externaltools.gnu-tools-for-stm32.12.3.rel1.win32_1.0.100.202403111256/tools/bin/../lib/gcc/arm-none-eabi/12.3.1/../../../../arm-none-eabi/lib/thumb/v7e-m+fp/hard\libc_nano.a(libc_a-exit.o) (__stdio_exit_handler)
D:/STM32CubeIDE_1.15.1/STM32CubeIDE/plugins/com.st.stm32cube.ide.mcu.externaltools.gnu-tools-for-stm32.12.3.rel1.win32_1.0.100.202403111256/tools/bin/../lib/gcc/arm-none-eabi/12.3.1/../../../../arm-none-eabi/lib/thumb/v7e-m+fp/hard\libc_nano.a(libc_a-fwalk.o)
                              D:/STM32CubeIDE_1.15.1/STM32CubeIDE/plugins/com.st.stm32cube.ide.mcu.externaltools.gnu-tools-for-stm32.12.3.rel1.win32_1.0.100.202403111256/tools/bin/../lib/gcc/arm-none-eabi/12.3.1/../../../../arm-none-eabi/lib/thumb/v7e-m+fp/hard\libc_nano.a(libc_a-findfp.o) (_fwalk_sglue)
D:/STM32CubeIDE_1.15.1/STM32CubeIDE/plugins/com.st.stm32cube.ide.mcu.externaltools.gnu-tools-for-stm32.12.3.rel1.win32_1.0.100.202403111256/tools/bin/../lib/gcc/arm-none-eabi/12.3.1/../../../../arm-none-eabi/lib/thumb/v7e-m+fp/hard\libc_nano.a(libc_a-stdio.o)
                              D:/STM32CubeIDE_1.15.1/STM32CubeIDE/plugins/com.st.stm32cube.ide.mcu.externaltools.gnu-tools-for-stm32.12.3.rel1.win32_1.0.100.202403111256/tools/bin/../lib/gcc/arm-none-eabi/12.3.1/../../../../arm-none-eabi/lib/thumb/v7e-m+fp/hard\libc_nano.a(libc_a-findfp.o) (__sread)
D:/STM32CubeIDE_1.15.1/STM32CubeIDE/plugins/com.st.stm32cube.ide.mcu.externaltools.gnu-tools-for-stm32.12.3.rel1.win32_1.0.100.202403111256/tools/bin/../lib/gcc/arm-none-eabi/12.3.1/../../../../arm-none-eabi/lib/thumb/v7e-m+fp/hard\libc_nano.a(libc_a-memset.o)
                              D:/STM32CubeIDE_1.15.1/STM32CubeIDE/plugins/com.st.stm32cube.ide.mcu.externaltools.gnu-tools-for-stm32.12.3.rel1.win32_1.0.100.202403111256/tools/bin/../lib/gcc/arm-none-eabi/12.3.1/../../../../arm-none-eabi/lib/thumb/v7e-m+fp/hard/crt0.o (memset)
D:/STM32CubeIDE_1.15.1/STM32CubeIDE/plugins/com.st.stm32cube.ide.mcu.externaltools.gnu-tools-for-stm32.12.3.rel1.win32_1.0.100.202403111256/tools/bin/../lib/gcc/arm-none-eabi/12.3.1/../../../../arm-none-eabi/lib/thumb/v7e-m+fp/hard\libc_nano.a(libc_a-closer.o)
                              D:/STM32CubeIDE_1.15.1/STM32CubeIDE/plugins/com.st.stm32cube.ide.mcu.externaltools.gnu-tools-for-stm32.12.3.rel1.win32_1.0.100.202403111256/tools/bin/../lib/gcc/arm-none-eabi/12.3.1/../../../../arm-none-eabi/lib/thumb/v7e-m+fp/hard\libc_nano.a(libc_a-stdio.o) (_close_r)
D:/STM32CubeIDE_1.15.1/STM32CubeIDE/plugins/com.st.stm32cube.ide.mcu.externaltools.gnu-tools-for-stm32.12.3.rel1.win32_1.0.100.202403111256/tools/bin/../lib/gcc/arm-none-eabi/12.3.1/../../../../arm-none-eabi/lib/thumb/v7e-m+fp/hard\libc_nano.a(libc_a-reent.o)
                              D:/STM32CubeIDE_1.15.1/STM32CubeIDE/plugins/com.st.stm32cube.ide.mcu.externaltools.gnu-tools-for-stm32.12.3.rel1.win32_1.0.100.202403111256/tools/bin/../lib/gcc/arm-none-eabi/12.3.1/../../../../arm-none-eabi/lib/thumb/v7e-m+fp/hard\libc_nano.a(libc_a-closer.o) (errno)
D:/STM32CubeIDE_1.15.1/STM32CubeIDE/plugins/com.st.stm32cube.ide.mcu.externaltools.gnu-tools-for-stm32.12.3.rel1.win32_1.0.100.202403111256/tools/bin/../lib/gcc/arm-none-eabi/12.3.1/../../../../arm-none-eabi/lib/thumb/v7e-m+fp/hard\libc_nano.a(libc_a-impure.o)
                              D:/STM32CubeIDE_1.15.1/STM32CubeIDE/plugins/com.st.stm32cube.ide.mcu.externaltools.gnu-tools-for-stm32.12.3.rel1.win32_1.0.100.202403111256/tools/bin/../lib/gcc/arm-none-eabi/12.3.1/../../../../arm-none-eabi/lib/thumb/v7e-m+fp/hard\libc_nano.a(libc_a-reent.o) (_impure_ptr)
D:/STM32CubeIDE_1.15.1/STM32CubeIDE/plugins/com.st.stm32cube.ide.mcu.externaltools.gnu-tools-for-stm32.12.3.rel1.win32_1.0.100.202403111256/tools/bin/../lib/gcc/arm-none-eabi/12.3.1/../../../../arm-none-eabi/lib/thumb/v7e-m+fp/hard\libc_nano.a(libc_a-lseekr.o)
[...]
Memory Configuration

Name             Origin             Length             Attributes
CCMRAM           0x10000000         0x00010000         xrw
RAM              0x20000000         0x00020000         xrw
FLASH            0x08000000         0x00100000         xr
*default*        0x00000000         0xffffffff

Linker script and memory map

LOAD D:/STM32CubeIDE_1.15.1/STM32CubeIDE/plugins/com.st.stm32cube.ide.mcu.externaltools.gnu-tools-for-stm32.12.3.rel1.win32_1.0.100.202403111256/tools/bin/../lib/gcc/arm-none-eabi/12.3.1/thumb/v7e-m+fp/hard/crti.o
LOAD D:/STM32CubeIDE_1.15.1/STM32CubeIDE/plugins/com.st.stm32cube.ide.mcu.externaltools.gnu-tools-for-stm32.12.3.rel1.win32_1.0.100.202403111256/tools/bin/../lib/gcc/arm-none-eabi/12.3.1/thumb/v7e-m+fp/hard/crtbegin.o
LOAD D:/STM32CubeIDE_1.15.1/STM32CubeIDE/plugins/com.st.stm32cube.ide.mcu.externaltools.gnu-tools-for-stm32.12.3.rel1.win32_1.0.100.202403111256/tools/bin/../lib/gcc/arm-none-eabi/12.3.1/../../../../arm-none-eabi/lib/thumb/v7e-m+fp/hard/crt0.o
LOAD ./Core/Src/Master.o
LOAD ./Core/Src/adc.o
LOAD ./Core/Src/button.o
LOAD ./Core/Src/crc16.o
LOAD ./Core/Src/dma.o
LOAD ./Core/Src/fsmc.o
LOAD ./Core/Src/gpio.o
LOAD ./Core/Src/lcd.o
LOAD ./Core/Src/main.o
LOAD ./Core/Src/rs485.o
LOAD ./Core/Src/sensor.o
LOAD ./Core/Src/software_timer.o
LOAD ./Core/Src/spi.o
LOAD ./Core/Src/stm32f4xx_hal_msp.o
LOAD ./Core/Src/stm32f4xx_it.o
LOAD ./Core/Src/syscalls.o
LOAD ./Core/Src/sysmem.o
LOAD ./Core/Src/system_stm32f4xx.o
LOAD ./Core/Src/tim.o
LOAD ./Core/Src/usart.o
LOAD ./Core/Startup/startup_stm32f407zgtx.o
LOAD ./Drivers/STM32F4xx_HAL_Driver/Src/stm32f4xx_hal.o
LOAD ./Drivers/STM32F4xx_HAL_Driver/Src/stm32f4xx_hal_adc.o
LOAD ./Drivers/STM32F4xx_HAL_Driver/Src/stm32f4xx_hal_adc_ex.o
LOAD ./Drivers/STM32F4xx_HAL_Driver/Src/stm32f4xx_hal_cortex.o
LOAD ./Drivers/STM32F4xx_HAL_Driver/Src/stm32f4xx_hal_dma.o
LOAD ./Drivers/STM32F4xx_HAL_Driver/Src/stm32f4xx_hal_dma_ex.o
LOAD ./Drivers/STM32F4xx_HAL_Driver/Src/stm32f4xx_hal_exti.o
LOAD ./Drivers/STM32F4xx_HAL_Driver/Src/stm32f4xx_hal_flash.o
LOAD ./Drivers/STM32F4xx_HAL_Driver/Src/stm32f4xx_hal_flash_ex.o
LOAD ./Drivers/STM32F4xx_HAL_Driver/Src/stm32f4xx_hal_flash_ramfunc.o
LOAD ./Drivers/STM32F4xx_HAL_Driver/Src/stm32f4xx_hal_gpio.o
LOAD ./Drivers/STM32F4xx_HAL_Driver/Src/stm32f4xx_hal_pwr.o
LOAD ./Drivers/STM32F4xx_HAL_Driver/Src/stm32f4xx_hal_pwr_ex.o
LOAD ./Drivers/STM32F4xx_HAL_Driver/Src/stm32f4xx_hal_rcc.o
LOAD ./Drivers/STM32F4xx_HAL_Driver/Src/stm32f4xx_hal_rcc_ex.o
LOAD ./Drivers/STM32F4xx_HAL_Driver/Src/stm32f4xx_hal_spi.o
LOAD ./Drivers/STM32F4xx_HAL_Driver/Src/stm32f4xx_hal_sram.o
LOAD ./Drivers/STM32F4xx_HAL_Driver/Src/stm32f4xx_hal_tim.o
LOAD ./Drivers/STM32F4xx_HAL_Driver/Src/stm32f4xx_hal_tim_ex.o
LOAD ./Drivers/STM32F4xx_HAL_Driver/Src/stm32f4xx_hal_uart.o
LOAD ./Drivers/STM32F4xx_HAL_Driver/Src/stm32f4xx_ll_adc.o
LOAD ./Drivers/STM32F4xx_HAL_Driver/Src/stm32f4xx_ll_fsmc.o
START GROUP
LOAD D:/STM32CubeIDE_1.15.1/STM32CubeIDE/plugins/com.st.stm32cube.ide.mcu.externaltools.gnu-tools-for-stm32.12.3.rel1.win32_1.0.100.202403111256/tools/bin/../lib/gcc/arm-none-eabi/12.3.1/../../../../arm-none-eabi/lib/thumb/v7e-m+fp/hard\libc_nano.a
LOAD D:/STM32CubeIDE_1.15.1/STM32CubeIDE/plugins/com.st.stm32cube.ide.mcu.externaltools.gnu-tools-for-stm32.12.3.rel1.win32_1.0.100.202403111256/tools/bin/../lib/gcc/arm-none-eabi/12.3.1/../../../../arm-none-eabi/lib/thumb/v7e-m+fp/hard\libm.a
END GROUP
START GROUP
LOAD D:/STM32CubeIDE_1.15.1/STM32CubeIDE/plugins/com.st.stm32cube.ide.mcu.externaltools.gnu-tools-for-stm32.12.3.rel1.win32_1.0.100.202403111256/tools/bin/../lib/gcc/arm-none-eabi/12.3.1/thumb/v7e-m+fp/hard\libgcc.a
LOAD D:/STM32CubeIDE_1.15.1/STM32CubeIDE/plugins/com.st.stm32cube.ide.mcu.externaltools.gnu-tools-for-stm32.12.3.rel1.win32_1.0.100.202403111256/tools/bin/../lib/gcc/arm-none-eabi/12.3.1/../../../../arm-none-eabi/lib/thumb/v7e-m+fp/hard\libc_nano.a
END GROUP
START GROUP
LOAD D:/STM32CubeIDE_1.15.1/STM32CubeIDE/plugins/com.st.stm32cube.ide.mcu.externaltools.gnu-tools-for-stm32.12.3.rel1.win32_1.0.100.202403111256/tools/bin/../lib/gcc/arm-none-eabi/12.3.1/thumb/v7e-m+fp/hard\libgcc.a
LOAD D:/STM32CubeIDE_1.15.1/STM32CubeIDE/plugins/com.st.stm32cube.ide.mcu.externaltools.gnu-tools-for-stm32.12.3.rel1.win32_1.0.100.202403111256/tools/bin/../lib/gcc/arm-none-eabi/12.3.1/../../../../arm-none-eabi/lib/thumb/v7e-m+fp/hard\libc_nano.a
LOAD D:/STM32CubeIDE_1.15.1/STM32CubeIDE/plugins/com.st.stm32cube.ide.mcu.externaltools.gnu-tools-for-stm32.12.3.rel1.win32_1.0.100.202403111256/tools/bin/../lib/gcc/arm-none-eabi/12.3.1/../../../../arm-none-eabi/lib/thumb/v7e-m+fp/hard\libnosys.a
END GROUP
START GROUP
LOAD D:/STM32CubeIDE_1.15.1/STM32CubeIDE/plugins/com.st.stm32cube.ide.mcu.externaltools.gnu-tools-for-stm32.12.3.rel1.win32_1.0.100.202403111256/tools/bin/../lib/gcc/arm-none-eabi/12.3.1/thumb/v7e-m+fp/hard\libgcc.a
LOAD D:/STM32CubeIDE_1.15.1/STM32CubeIDE/plugins/com.st.stm32cube.ide.mcu.externaltools.gnu-tools-for-stm32.12.3.rel1.win32_1.0.100.202403111256/tools/bin/../lib/gcc/arm-none-eabi/12.3.1/../../../../arm-none-eabi/lib/thumb/v7e-m+fp/hard\libc_nano.a
LOAD D:/STM32CubeIDE_1.15.1/STM32CubeIDE/plugins/com.st.stm32cube.ide.mcu.externaltools.gnu-tools-for-stm32.12.3.rel1.win32_1.0.100.202403111256/tools/bin/../lib/gcc/arm-none-eabi/12.3.1/../../../../arm-none-eabi/lib/thumb/v7e-m+fp/hard\libnosys.a
END GROUP
LOAD D:/STM32CubeIDE_1.15.1/STM32CubeIDE/plugins/com.st.stm32cube.ide.mcu.externaltools.gnu-tools-for-stm32.12.3.rel1.win32_1.0.100.202403111256/tools/bin/../lib/gcc/arm-none-eabi/12.3.1/thumb/v7e-m+fp/hard/crtend.o
LOAD D:/STM32CubeIDE_1.15.1/STM32CubeIDE/plugins/com.st.stm32cube.ide.mcu.externaltools.gnu-tools-for-stm32.12.3.rel1.win32_1.0.100.202403111256/tools/bin/../lib/gcc/arm-none-eabi/12.3.1/thumb/v7e-m+fp/hard/crtn.o
                0x20020000                        _estack = (ORIGIN (RAM) + LENGTH (RAM))
                0x00000200                        _Min_Heap_Size = 0x200
                0x00000400                        _Min_Stack_Size = 0x400

.isr_vector     0x08000000      0x188
                0x08000000                        . = ALIGN (0x4)
 *(.isr_vector)
 .isr_vector    0x08000000      0x188 ./Core/Startup/startup_stm32f407zgtx.o
                0x08000000                g_pfnVectors
                0x08000188                        . = ALIGN (0x4)

.text           0x08000188     0x6da8
                0x08000188                        . = ALIGN (0x4)
 *(.text)
 .text          0x08000188       0x40 D:/STM32CubeIDE_1.15.1/STM32CubeIDE/plugins/com.st.stm32cube.ide.mcu.externaltools.gnu-tools-for-stm32.12.3.rel1.win32_1.0.100.202403111256/tools/bin/../lib/gcc/arm-none-eabi/12.3.1/thumb/v7e-m+fp/hard/crtbegin.o
 .text          0x080001c8       0x30 D:/STM32CubeIDE_1.15.1/STM32CubeIDE/plugins/com.st.stm32cube.ide.mcu.externaltools.gnu-tools-for-stm32.12.3.rel1.win32_1.0.100.202403111256/tools/bin/../lib/gcc/arm-none-eabi/12.3.1/thumb/v7e-m+fp/hard\libgcc.a(_aeabi_uldivmod.o)
                0x080001c8                __aeabi_uldivmod
 .text          0x080001f8      0x2bc D:/STM32CubeIDE_1.15.1/STM32CubeIDE/plugins/com.st.stm32cube.ide.mcu.externaltools.gnu-tools-for-stm32.12.3.rel1.win32_1.0.100.202403111256/tools/bin/../lib/gcc/arm-none-eabi/12.3.1/thumb/v7e-m+fp/hard\libgcc.a(_udivmoddi4.o)
                0x080001f8                __udivmoddi4
 .text          0x080004b4        0x4 D:/STM32CubeIDE_1.15.1/STM32CubeIDE/plugins/com.st.stm32cube.ide.mcu.externaltools.gnu-tools-for-stm32.12.3.rel1.win32_1.0.100.202403111256/tools/bin/../lib/gcc/arm-none-eabi/12.3.1/thumb/v7e-m+fp/hard\libgcc.a(_dvmd_tls.o)
                0x080004b4                __aeabi_idiv0
                0x080004b4                __aeabi_ldiv0
 *(.text*)
 .text.parserFrame
                0x080004b8       0x94 ./Core/Src/Master.o
                0x080004b8                parserFrame
 .text.User_interface
                0x0800054c      0x2e0 ./Core/Src/Master.o
                0x0800054c                User_interface
 .text.Master_Run
                0x0800082c      0x128 ./Core/Src/Master.o
                0x0800082c                Master_Run
 .text.Master_get_temperature
                0x08000954       0x5c ./Core/Src/Master.o
                0x08000954                Master_get_temperature
 .text.Master_get_current
                0x080009b0       0x5c ./Core/Src/Master.o
                0x080009b0                Master_get_current
 .text.Master_get_voltage
                0x08000a0c       0x5c ./Core/Src/Master.o
                0x08000a0c                Master_get_voltage
 .text.Master_get_light
                0x08000a68       0x54 ./Core/Src/Master.o
                0x08000a68                Master_get_light
 .text.Master_get_potention
                0x08000abc       0x54 ./Core/Src/Master.o
                0x08000abc                Master_get_potention
 .text.MX_ADC1_Init
                0x08000b10      0x104 ./Core/Src/adc.o
                0x08000b10                MX_ADC1_Init
 .text.HAL_ADC_MspInit
                0x08000c14      0x128 ./Core/Src/adc.o
                0x08000c14                HAL_ADC_MspInit
 .text.button_scan
                0x08000d3c      0x1dc ./Core/Src/button.o
                0x08000d3c                button_scan
 .text.isPress  0x08000f18       0x40 ./Core/Src/button.o
                0x08000f18                isPress
 .text.crc16    0x08000f58       0x60 ./Core/Src/crc16.o
                0x08000f58                crc16
 .text.MX_DMA_Init
                0x08000fb8       0x40 ./Core/Src/dma.o
                0x08000fb8                MX_DMA_Init
 .text.MX_FSMC_Init
                0x08000ff8       0xf4 ./Core/Src/fsmc.o
                0x08000ff8                MX_FSMC_Init
 .text.HAL_FSMC_MspInit
                0x080010ec       0x98 ./Core/Src/fsmc.o
 .text.HAL_SRAM_MspInit
                0x08001184       0x14 ./Core/Src/fsmc.o
                0x08001184                HAL_SRAM_MspInit
 .text.MX_GPIO_Init
                0x08001198      0x1c0 ./Core/Src/gpio.o
                0x08001198                MX_GPIO_Init
 .text.LCD_WR_REG
                0x08001358       0x20 ./Core/Src/lcd.o
                0x08001358                LCD_WR_REG
 .text.LCD_WR_DATA
                0x08001378       0x20 ./Core/Src/lcd.o
 .text.LCD_RD_DATA
                0x08001398       0x24 ./Core/Src/lcd.o
 .text.lcd_set_address
                0x080013bc       0x98 ./Core/Src/lcd.o
                0x080013bc                lcd_set_address
 .text.lcd_clear
                0x08001454       0x64 ./Core/Src/lcd.o
                0x08001454                lcd_clear
 .text.lcd_draw_point
                0x080014b8       0x2e ./Core/Src/lcd.o
                0x080014b8                lcd_draw_point
 *fill*         0x080014e6        0x2 
 .text.lcd_show_char
                0x080014e8      0x1a0 ./Core/Src/lcd.o
                0x080014e8                lcd_show_char
 .text.mypow    0x08001688       0x38 ./Core/Src/lcd.o
 .text.lcd_show_int_num
                0x080016c0       0xfc ./Core/Src/lcd.o
                0x080016c0                lcd_show_int_num
 .text.lcd_show_float_num
                0x080017bc      0x110 ./Core/Src/lcd.o
                0x080017bc                lcd_show_float_num
 .text.lcd_set_direction
                0x080018cc       0x48 ./Core/Src/lcd.o
                0x080018cc                lcd_set_direction
 .text.lcd_init
                0x08001914      0x2c0 ./Core/Src/lcd.o
                0x08001914                lcd_init
 .text.lcd_show_string
                0x08001bd4       0xc8 ./Core/Src/lcd.o
                0x08001bd4                lcd_show_string
 .text.main     0x08001c9c       0x90 ./Core/Src/main.o
                0x08001c9c                main
 .text.SystemClock_Config
                0x08001d2c       0xd4 ./Core/Src/main.o
                0x08001d2c                SystemClock_Config
 .text.lcd_run  0x08001e00      0x148 ./Core/Src/main.o
                0x08001e00                lcd_run
 .text.Error_Handler
                0x08001f48        0xc ./Core/Src/main.o
                0x08001f48                Error_Handler
 .text.Modbus_Send
                0x08001f54       0x44 ./Core/Src/rs485.o
                0x08001f54                Modbus_Send
 .text.Modbus_PrepareData
                0x08001f98       0xa0 ./Core/Src/rs485.o
                0x08001f98                Modbus_PrepareData
 .text.Modbus_Transmit
                0x08002038       0x64 ./Core/Src/rs485.o
                0x08002038                Modbus_Transmit
 .text.Modbus_CallBack
                0x0800209c       0x70 ./Core/Src/rs485.o
                0x0800209c                Modbus_CallBack
 .text.Modbus_Init
                0x0800210c       0x78 ./Core/Src/rs485.o
                0x0800210c                Modbus_Init
 .text.HAL_UARTEx_RxEventCallback
                0x08002184       0x24 ./Core/Src/rs485.o
                0x08002184                HAL_UARTEx_RxEventCallback
 .text.sensor_init
                0x080021a8       0x1c ./Core/Src/sensor.o
                0x080021a8                sensor_init
 .text.timer2_init
                0x080021c4       0x14 ./Core/Src/software_timer.o
                0x080021c4                timer2_init
 .text.timer4_init
                0x080021d8       0x14 ./Core/Src/software_timer.o
                0x080021d8                timer4_init
 .text.timer2_set
                0x080021ec       0x38 ./Core/Src/software_timer.o
                0x080021ec                timer2_set
 .text.timer4_set
                0x08002224       0x38 ./Core/Src/software_timer.o
                0x08002224                timer4_set
 .text.HAL_TIM_PeriodElapsedCallback
                0x0800225c       0x98 ./Core/Src/software_timer.o
                0x0800225c                HAL_TIM_PeriodElapsedCallback
 .text.MX_SPI1_Init
                0x080022f4       0x6c ./Core/Src/spi.o
                0x080022f4                MX_SPI1_Init
 .text.HAL_SPI_MspInit
                0x08002360       0x90 ./Core/Src/spi.o
                0x08002360                HAL_SPI_MspInit
 .text.HAL_MspInit
                0x080023f0       0x50 ./Core/Src/stm32f4xx_hal_msp.o
                0x080023f0                HAL_MspInit
 .text.NMI_Handler
                0x08002440        0x8 ./Core/Src/stm32f4xx_it.o
                0x08002440                NMI_Handler
 .text.HardFault_Handler
                0x08002448        0x8 ./Core/Src/stm32f4xx_it.o
                0x08002448                HardFault_Handler
 .text.MemManage_Handler
                0x08002450        0x8 ./Core/Src/stm32f4xx_it.o
                0x08002450                MemManage_Handler
 .text.BusFault_Handler
                0x08002458        0x8 ./Core/Src/stm32f4xx_it.o
                0x08002458                BusFault_Handler
 .text.UsageFault_Handler
                0x08002460        0x8 ./Core/Src/stm32f4xx_it.o
                0x08002460                UsageFault_Handler
 .text.SVC_Handler
                0x08002468        0xe ./Core/Src/stm32f4xx_it.o
                0x08002468                SVC_Handler
 .text.DebugMon_Handler
                0x08002476        0xe ./Core/Src/stm32f4xx_it.o
                0x08002476                DebugMon_Handler
 .text.PendSV_Handler
                0x08002484        0xe ./Core/Src/stm32f4xx_it.o
                0x08002484                PendSV_Handler
 .text.SysTick_Handler
                0x08002492        0xc ./Core/Src/stm32f4xx_it.o
                0x08002492                SysTick_Handler
 *fill*         0x0800249e        0x2 
 .text.TIM2_IRQHandler
                0x080024a0       0x14 ./Core/Src/stm32f4xx_it.o
                0x080024a0                TIM2_IRQHandler
 .text.TIM4_IRQHandler
                0x080024b4       0x14 ./Core/Src/stm32f4xx_it.o
                0x080024b4                TIM4_IRQHandler
 .text.USART3_IRQHandler
                0x080024c8       0x14 ./Core/Src/stm32f4xx_it.o
                0x080024c8                USART3_IRQHandler
 .text.DMA2_Stream0_IRQHandler
                0x080024dc       0x14 ./Core/Src/stm32f4xx_it.o
                0x080024dc                DMA2_Stream0_IRQHandler
 .text.SystemInit
                0x080024f0       0x24 ./Core/Src/system_stm32f4xx.o
                0x080024f0                SystemInit
 .text.MX_TIM2_Init
                0x08002514       0x98 ./Core/Src/tim.o
                0x08002514                MX_TIM2_Init
 .text.MX_TIM4_Init
                0x080025ac       0x9c ./Core/Src/tim.o
                0x080025ac                MX_TIM4_Init
 .text.HAL_TIM_Base_MspInit
                0x08002648       0x88 ./Core/Src/tim.o
                0x08002648                HAL_TIM_Base_MspInit
 .text.MX_USART1_UART_Init
                0x080026d0       0x54 ./Core/Src/usart.o
                0x080026d0                MX_USART1_UART_Init
 .text.MX_USART2_UART_Init
                0x08002724       0x54 ./Core/Src/usart.o
                0x08002724                MX_USART2_UART_Init
 .text.MX_USART3_UART_Init
                0x08002778       0x54 ./Core/Src/usart.o
                0x08002778                MX_USART3_UART_Init
 .text.HAL_UART_MspInit
                0x080027cc      0x178 ./Core/Src/usart.o
                0x080027cc                HAL_UART_MspInit
 .text.Reset_Handler
                0x08002944       0x50 ./Core/Startup/startup_stm32f407zgtx.o
                0x08002944                Reset_Handler
 .text.Default_Handler
                0x08002994        0x2 ./Core/Startup/startup_stm32f407zgtx.o
                0x08002994                RTC_Alarm_IRQHandler
                0x08002994                HASH_RNG_IRQHandler
                0x08002994                EXTI2_IRQHandler
                0x08002994                TIM8_CC_IRQHandler
                0x08002994                TIM1_CC_IRQHandler
                0x08002994                DMA2_Stream5_IRQHandler
                0x08002994                DMA1_Stream5_IRQHandler
                0x08002994                PVD_IRQHandler
                0x08002994                SDIO_IRQHandler
                0x08002994                TAMP_STAMP_IRQHandler
                0x08002994                CAN2_RX1_IRQHandler
                0x08002994                EXTI3_IRQHandler
                0x08002994                TIM8_TRG_COM_TIM14_IRQHandler
                0x08002994                TIM1_UP_TIM10_IRQHandler
                0x08002994                TIM8_UP_TIM13_IRQHandler
                0x08002994                I2C3_ER_IRQHandler
                0x08002994                EXTI0_IRQHandler
                0x08002994                I2C2_EV_IRQHandler
                0x08002994                DMA1_Stream2_IRQHandler
                0x08002994                CAN1_RX0_IRQHandler
                0x08002994                FPU_IRQHandler
                0x08002994                OTG_HS_WKUP_IRQHandler
                0x08002994                CAN2_SCE_IRQHandler
                0x08002994                DMA2_Stream2_IRQHandler
                0x08002994                SPI1_IRQHandler
                0x08002994                TIM6_DAC_IRQHandler
                0x08002994                TIM1_BRK_TIM9_IRQHandler
                0x08002994                DCMI_IRQHandler
                0x08002994                CAN2_RX0_IRQHandler
                0x08002994                DMA2_Stream3_IRQHandler
                0x08002994                USART6_IRQHandler
                0x08002994                CAN1_RX1_IRQHandler
                0x08002994                UART5_IRQHandler
                0x08002994                I2C1_EV_IRQHandler
                0x08002994                DMA1_Stream6_IRQHandler
                0x08002994                DMA1_Stream1_IRQHandler
                0x08002994                UART4_IRQHandler
                0x08002994                TIM3_IRQHandler
                0x08002994                RCC_IRQHandler
                0x08002994                TIM8_BRK_TIM12_IRQHandler
                0x08002994                Default_Handler
                0x08002994                EXTI15_10_IRQHandler
                0x08002994                ADC_IRQHandler
                0x08002994                DMA1_Stream7_IRQHandler
                0x08002994                TIM7_IRQHandler
                0x08002994                CAN2_TX_IRQHandler
                0x08002994                TIM5_IRQHandler
                0x08002994                DMA2_Stream7_IRQHandler
                0x08002994                I2C3_EV_IRQHandler
                0x08002994                EXTI9_5_IRQHandler
                0x08002994                RTC_WKUP_IRQHandler
                0x08002994                ETH_WKUP_IRQHandler
                0x08002994                SPI2_IRQHandler
                0x08002994                OTG_HS_EP1_IN_IRQHandler
                0x08002994                DMA1_Stream0_IRQHandler
                0x08002994                CAN1_TX_IRQHandler
                0x08002994                EXTI4_IRQHandler
                0x08002994                FSMC_IRQHandler
                0x08002994                ETH_IRQHandler
                0x08002994                OTG_HS_EP1_OUT_IRQHandler
                0x08002994                WWDG_IRQHandler
                0x08002994                OTG_FS_WKUP_IRQHandler
                0x08002994                TIM1_TRG_COM_TIM11_IRQHandler
                0x08002994                OTG_HS_IRQHandler
                0x08002994                EXTI1_IRQHandler
                0x08002994                USART2_IRQHandler
                0x08002994                I2C2_ER_IRQHandler
                0x08002994                DMA2_Stream1_IRQHandler
                0x08002994                CAN1_SCE_IRQHandler
                0x08002994                FLASH_IRQHandler
                0x08002994                DMA2_Stream4_IRQHandler
                0x08002994                USART1_IRQHandler
                0x08002994                OTG_FS_IRQHandler
                0x08002994                SPI3_IRQHandler
                0x08002994                DMA1_Stream4_IRQHandler
                0x08002994                I2C1_ER_IRQHandler
                0x08002994                DMA2_Stream6_IRQHandler
                0x08002994                DMA1_Stream3_IRQHandler
 *fill*         0x08002996        0x2 
 .text.HAL_Init
                0x08002998       0x44 ./Drivers/STM32F4xx_HAL_Driver/Src/stm32f4xx_hal.o
                0x08002998                HAL_Init
 .text.HAL_InitTick
                0x080029dc       0x60 ./Drivers/STM32F4xx_HAL_Driver/Src/stm32f4xx_hal.o
                0x080029dc                HAL_InitTick
 .text.HAL_IncTick
                0x08002a3c       0x28 ./Drivers/STM32F4xx_HAL_Driver/Src/stm32f4xx_hal.o
                0x08002a3c                HAL_IncTick
 .text.HAL_GetTick
                0x08002a64       0x18 ./Drivers/STM32F4xx_HAL_Driver/Src/stm32f4xx_hal.o
                0x08002a64                HAL_GetTick
 .text.HAL_Delay
                0x08002a7c       0x48 ./Drivers/STM32F4xx_HAL_Driver/Src/stm32f4xx_hal.o
                0x08002a7c                HAL_Delay
 .text.HAL_ADC_Init
                0x08002ac4       0x86 ./Drivers/STM32F4xx_HAL_Driver/Src/stm32f4xx_hal_adc.o
                0x08002ac4                HAL_ADC_Init
 *fill*         0x08002b4a        0x2 
 .text.HAL_ADC_Start_DMA
                0x08002b4c      0x220 ./Drivers/STM32F4xx_HAL_Driver/Src/stm32f4xx_hal_adc.o
                0x08002b4c                HAL_ADC_Start_DMA
 .text.HAL_ADC_ConvCpltCallback
                0x08002d6c       0x14 ./Drivers/STM32F4xx_HAL_Driver/Src/stm32f4xx_hal_adc.o
                0x08002d6c                HAL_ADC_ConvCpltCallback
 .text.HAL_ADC_ConvHalfCpltCallback
                0x08002d80       0x14 ./Drivers/STM32F4xx_HAL_Driver/Src/stm32f4xx_hal_adc.o
                0x08002d80                HAL_ADC_ConvHalfCpltCallback
 .text.HAL_ADC_ErrorCallback
                0x08002d94       0x14 ./Drivers/STM32F4xx_HAL_Driver/Src/stm32f4xx_hal_adc.o
                0x08002d94                HAL_ADC_ErrorCallback
 .text.HAL_ADC_ConfigChannel
                0x08002da8      0x244 ./Drivers/STM32F4xx_HAL_Driver/Src/stm32f4xx_hal_adc.o
                0x08002da8                HAL_ADC_ConfigChannel
 .text.ADC_Init
                0x08002fec      0x1f8 ./Drivers/STM32F4xx_HAL_Driver/Src/stm32f4xx_hal_adc.o
 .text.ADC_DMAConvCplt
                0x080031e4       0xba ./Drivers/STM32F4xx_HAL_Driver/Src/stm32f4xx_hal_adc.o
 .text.ADC_DMAHalfConvCplt
                0x0800329e       0x1c ./Drivers/STM32F4xx_HAL_Driver/Src/stm32f4xx_hal_adc.o
 .text.ADC_DMAError
                0x080032ba       0x2e ./Drivers/STM32F4xx_HAL_Driver/Src/stm32f4xx_hal_adc.o
 .text.__NVIC_SetPriorityGrouping
                0x080032e8       0x48 ./Drivers/STM32F4xx_HAL_Driver/Src/stm32f4xx_hal_cortex.o
 .text.__NVIC_GetPriorityGrouping
                0x08003330       0x1c ./Drivers/STM32F4xx_HAL_Driver/Src/stm32f4xx_hal_cortex.o
 .text.__NVIC_EnableIRQ
                0x0800334c       0x3c ./Drivers/STM32F4xx_HAL_Driver/Src/stm32f4xx_hal_cortex.o
 .text.__NVIC_SetPriority
                0x08003388       0x54 ./Drivers/STM32F4xx_HAL_Driver/Src/stm32f4xx_hal_cortex.o
 .text.NVIC_EncodePriority
                0x080033dc       0x66 ./Drivers/STM32F4xx_HAL_Driver/Src/stm32f4xx_hal_cortex.o
 *fill*         0x08003442        0x2 
 .text.SysTick_Config
                0x08003444       0x44 ./Drivers/STM32F4xx_HAL_Driver/Src/stm32f4xx_hal_cortex.o
 .text.HAL_NVIC_SetPriorityGrouping
                0x08003488       0x16 ./Drivers/STM32F4xx_HAL_Driver/Src/stm32f4xx_hal_cortex.o
                0x08003488                HAL_NVIC_SetPriorityGrouping
 .text.HAL_NVIC_SetPriority
                0x0800349e       0x38 ./Drivers/STM32F4xx_HAL_Driver/Src/stm32f4xx_hal_cortex.o
                0x0800349e                HAL_NVIC_SetPriority
 .text.HAL_NVIC_EnableIRQ
                0x080034d6       0x1c ./Drivers/STM32F4xx_HAL_Driver/Src/stm32f4xx_hal_cortex.o
                0x080034d6                HAL_NVIC_EnableIRQ
 .text.HAL_SYSTICK_Config
                0x080034f2       0x18 ./Drivers/STM32F4xx_HAL_Driver/Src/stm32f4xx_hal_cortex.o
                0x080034f2                HAL_SYSTICK_Config
 *fill*         0x0800350a        0x2 
 .text.HAL_DMA_Init
                0x0800350c      0x15c ./Drivers/STM32F4xx_HAL_Driver/Src/stm32f4xx_hal_dma.o
                0x0800350c                HAL_DMA_Init
 .text.HAL_DMA_Start_IT
                0x08003668       0xb0 ./Drivers/STM32F4xx_HAL_Driver/Src/stm32f4xx_hal_dma.o
                0x08003668                HAL_DMA_Start_IT
 .text.HAL_DMA_Abort
                0x08003718       0xe0 ./Drivers/STM32F4xx_HAL_Driver/Src/stm32f4xx_hal_dma.o
                0x08003718                HAL_DMA_Abort
 .text.HAL_DMA_Abort_IT
                0x080037f8       0x44 ./Drivers/STM32F4xx_HAL_Driver/Src/stm32f4xx_hal_dma.o
                0x080037f8                HAL_DMA_Abort_IT
 .text.HAL_DMA_IRQHandler
                0x0800383c      0x314 ./Drivers/STM32F4xx_HAL_Driver/Src/stm32f4xx_hal_dma.o
                0x0800383c                HAL_DMA_IRQHandler
 .text.DMA_SetConfig
                0x08003b50       0x5c ./Drivers/STM32F4xx_HAL_Driver/Src/stm32f4xx_hal_dma.o
 .text.DMA_CalcBaseAndBitshift
                0x08003bac       0x6c ./Drivers/STM32F4xx_HAL_Driver/Src/stm32f4xx_hal_dma.o
 .text.DMA_CheckFifoParam
                0x08003c18       0xf8 ./Drivers/STM32F4xx_HAL_Driver/Src/stm32f4xx_hal_dma.o
 .text.HAL_GPIO_Init
                0x08003d10      0x338 ./Drivers/STM32F4xx_HAL_Driver/Src/stm32f4xx_hal_gpio.o
                0x08003d10                HAL_GPIO_Init
 .text.HAL_GPIO_WritePin
                0x08004048       0x32 ./Drivers/STM32F4xx_HAL_Driver/Src/stm32f4xx_hal_gpio.o
                0x08004048                HAL_GPIO_WritePin
 .text.HAL_GPIO_TogglePin
                0x0800407a       0x34 ./Drivers/STM32F4xx_HAL_Driver/Src/stm32f4xx_hal_gpio.o
                0x0800407a                HAL_GPIO_TogglePin
 *fill*         0x080040ae        0x2 
 .text.HAL_RCC_OscConfig
                0x080040b0      0x4f0 ./Drivers/STM32F4xx_HAL_Driver/Src/stm32f4xx_hal_rcc.o
                0x080040b0                HAL_RCC_OscConfig
 .text.HAL_RCC_ClockConfig
                0x080045a0      0x1cc ./Drivers/STM32F4xx_HAL_Driver/Src/stm32f4xx_hal_rcc.o
                0x080045a0                HAL_RCC_ClockConfig
 .text.HAL_RCC_GetSysClockFreq
                0x0800476c      0x18c ./Drivers/STM32F4xx_HAL_Driver/Src/stm32f4xx_hal_rcc.o
                0x0800476c                HAL_RCC_GetSysClockFreq
 .text.HAL_RCC_GetHCLKFreq
                0x080048f8       0x18 ./Drivers/STM32F4xx_HAL_Driver/Src/stm32f4xx_hal_rcc.o
                0x080048f8                HAL_RCC_GetHCLKFreq
 .text.HAL_RCC_GetPCLK1Freq
                0x08004910       0x28 ./Drivers/STM32F4xx_HAL_Driver/Src/stm32f4xx_hal_rcc.o
                0x08004910                HAL_RCC_GetPCLK1Freq
 .text.HAL_RCC_GetPCLK2Freq
                0x08004938       0x28 ./Drivers/STM32F4xx_HAL_Driver/Src/stm32f4xx_hal_rcc.o
                0x08004938                HAL_RCC_GetPCLK2Freq
 .text.HAL_SPI_Init
                0x08004960      0x112 ./Drivers/STM32F4xx_HAL_Driver/Src/stm32f4xx_hal_spi.o
                0x08004960                HAL_SPI_Init
 .text.HAL_SPI_Receive
                0x08004a72      0x232 ./Drivers/STM32F4xx_HAL_Driver/Src/stm32f4xx_hal_spi.o
                0x08004a72                HAL_SPI_Receive
 .text.HAL_SPI_TransmitReceive
                0x08004ca4      0x352 ./Drivers/STM32F4xx_HAL_Driver/Src/stm32f4xx_hal_spi.o
                0x08004ca4                HAL_SPI_TransmitReceive
 *fill*         0x08004ff6        0x2 
 .text.SPI_WaitFlagStateUntilTimeout
                0x08004ff8      0x110 ./Drivers/STM32F4xx_HAL_Driver/Src/stm32f4xx_hal_spi.o
 .text.SPI_EndRxTransaction
                0x08005108       0xca ./Drivers/STM32F4xx_HAL_Driver/Src/stm32f4xx_hal_spi.o
 *fill*         0x080051d2        0x2 
 .text.SPI_EndRxTxTransaction
                0x080051d4       0xa8 ./Drivers/STM32F4xx_HAL_Driver/Src/stm32f4xx_hal_spi.o
 .text.HAL_SRAM_Init
                0x0800527c       0x90 ./Drivers/STM32F4xx_HAL_Driver/Src/stm32f4xx_hal_sram.o
                0x0800527c                HAL_SRAM_Init
 .text.HAL_TIM_Base_Init
                0x0800530c       0x9e ./Drivers/STM32F4xx_HAL_Driver/Src/stm32f4xx_hal_tim.o
                0x0800530c                HAL_TIM_Base_Init
 *fill*         0x080053aa        0x2 
 .text.HAL_TIM_Base_Start_IT
                0x080053ac       0xe0 ./Drivers/STM32F4xx_HAL_Driver/Src/stm32f4xx_hal_tim.o
                0x080053ac                HAL_TIM_Base_Start_IT
 .text.HAL_TIM_IRQHandler
                0x0800548c      0x1e0 ./Drivers/STM32F4xx_HAL_Driver/Src/stm32f4xx_hal_tim.o
                0x0800548c                HAL_TIM_IRQHandler
 .text.HAL_TIM_ConfigClockSource
                0x0800566c      0x18e ./Drivers/STM32F4xx_HAL_Driver/Src/stm32f4xx_hal_tim.o
                0x0800566c                HAL_TIM_ConfigClockSource
 .text.HAL_TIM_OC_DelayElapsedCallback
                0x080057fa       0x14 ./Drivers/STM32F4xx_HAL_Driver/Src/stm32f4xx_hal_tim.o
                0x080057fa                HAL_TIM_OC_DelayElapsedCallback
 .text.HAL_TIM_IC_CaptureCallback
                0x0800580e       0x14 ./Drivers/STM32F4xx_HAL_Driver/Src/stm32f4xx_hal_tim.o
                0x0800580e                HAL_TIM_IC_CaptureCallback
 .text.HAL_TIM_PWM_PulseFinishedCallback
                0x08005822       0x14 ./Drivers/STM32F4xx_HAL_Driver/Src/stm32f4xx_hal_tim.o
                0x08005822                HAL_TIM_PWM_PulseFinishedCallback
 .text.HAL_TIM_TriggerCallback
                0x08005836       0x14 ./Drivers/STM32F4xx_HAL_Driver/Src/stm32f4xx_hal_tim.o
                0x08005836                HAL_TIM_TriggerCallback
 *fill*         0x0800584a        0x2 
 .text.TIM_Base_SetConfig
                0x0800584c      0x158 ./Drivers/STM32F4xx_HAL_Driver/Src/stm32f4xx_hal_tim.o
                0x0800584c                TIM_Base_SetConfig
 .text.TIM_TI1_ConfigInputStage
                0x080059a4       0x5e ./Drivers/STM32F4xx_HAL_Driver/Src/stm32f4xx_hal_tim.o
 .text.TIM_TI2_ConfigInputStage
                0x08005a02       0x60 ./Drivers/STM32F4xx_HAL_Driver/Src/stm32f4xx_hal_tim.o
 .text.TIM_ITRx_SetConfig
                0x08005a62       0x36 ./Drivers/STM32F4xx_HAL_Driver/Src/stm32f4xx_hal_tim.o
 .text.TIM_ETR_SetConfig
                0x08005a98       0x40 ./Drivers/STM32F4xx_HAL_Driver/Src/stm32f4xx_hal_tim.o
                0x08005a98                TIM_ETR_SetConfig
 .text.HAL_TIMEx_MasterConfigSynchronization
                0x08005ad8       0xf8 ./Drivers/STM32F4xx_HAL_Driver/Src/stm32f4xx_hal_tim_ex.o
                0x08005ad8                HAL_TIMEx_MasterConfigSynchronization
 .text.HAL_TIMEx_CommutCallback
                0x08005bd0       0x14 ./Drivers/STM32F4xx_HAL_Driver/Src/stm32f4xx_hal_tim_ex.o
                0x08005bd0                HAL_TIMEx_CommutCallback
 .text.HAL_TIMEx_BreakCallback
                0x08005be4       0x14 ./Drivers/STM32F4xx_HAL_Driver/Src/stm32f4xx_hal_tim_ex.o
                0x08005be4                HAL_TIMEx_BreakCallback
 .text.HAL_UART_Init
                0x08005bf8       0xa0 ./Drivers/STM32F4xx_HAL_Driver/Src/stm32f4xx_hal_uart.o
                0x08005bf8                HAL_UART_Init
 .text.HAL_UART_Transmit
                0x08005c98      0x116 ./Drivers/STM32F4xx_HAL_Driver/Src/stm32f4xx_hal_uart.o
                0x08005c98                HAL_UART_Transmit
 .text.HAL_UARTEx_ReceiveToIdle_IT
                0x08005dae       0xba ./Drivers/STM32F4xx_HAL_Driver/Src/stm32f4xx_hal_uart.o
                0x08005dae                HAL_UARTEx_ReceiveToIdle_IT
 .text.HAL_UART_IRQHandler
                0x08005e68      0x524 ./Drivers/STM32F4xx_HAL_Driver/Src/stm32f4xx_hal_uart.o
                0x08005e68                HAL_UART_IRQHandler
 .text.HAL_UART_TxCpltCallback
                0x0800638c       0x14 ./Drivers/STM32F4xx_HAL_Driver/Src/stm32f4xx_hal_uart.o
                0x0800638c                HAL_UART_TxCpltCallback
 .text.HAL_UART_RxCpltCallback
                0x080063a0       0x14 ./Drivers/STM32F4xx_HAL_Driver/Src/stm32f4xx_hal_uart.o
                0x080063a0                HAL_UART_RxCpltCallback
 .text.HAL_UART_ErrorCallback
                0x080063b4       0x14 ./Drivers/STM32F4xx_HAL_Driver/Src/stm32f4xx_hal_uart.o
                0x080063b4                HAL_UART_ErrorCallback
 .text.UART_WaitOnFlagUntilTimeout
                0x080063c8       0xb2 ./Drivers/STM32F4xx_HAL_Driver/Src/stm32f4xx_hal_uart.o
 .text.UART_Start_Receive_IT
                0x0800647a       0x74 ./Drivers/STM32F4xx_HAL_Driver/Src/stm32f4xx_hal_uart.o
                0x0800647a                UART_Start_Receive_IT
 .text.UART_EndRxTransfer
                0x080064ee       0xc6 ./Drivers/STM32F4xx_HAL_Driver/Src/stm32f4xx_hal_uart.o
 .text.UART_DMAAbortOnError
                0x080065b4       0x28 ./Drivers/STM32F4xx_HAL_Driver/Src/stm32f4xx_hal_uart.o
 .text.UART_Transmit_IT
                0x080065dc       0xa0 ./Drivers/STM32F4xx_HAL_Driver/Src/stm32f4xx_hal_uart.o
 .text.UART_EndTransmit_IT
                0x0800667c       0x30 ./Drivers/STM32F4xx_HAL_Driver/Src/stm32f4xx_hal_uart.o
 .text.UART_Receive_IT
                0x080066ac      0x17c ./Drivers/STM32F4xx_HAL_Driver/Src/stm32f4xx_hal_uart.o
 .text.UART_SetConfig
                0x08006828      0x4e8 ./Drivers/STM32F4xx_HAL_Driver/Src/stm32f4xx_hal_uart.o
 .text.FSMC_NORSRAM_Init
                0x08006d10       0xd4 ./Drivers/STM32F4xx_HAL_Driver/Src/stm32f4xx_ll_fsmc.o
                0x08006d10                FSMC_NORSRAM_Init
 .text.FSMC_NORSRAM_Timing_Init
                0x08006de4       0x6a ./Drivers/STM32F4xx_HAL_Driver/Src/stm32f4xx_ll_fsmc.o
                0x08006de4                FSMC_NORSRAM_Timing_Init
 *fill*         0x08006e4e        0x2 
 .text.FSMC_NORSRAM_Extended_Timing_Init
                0x08006e50       0x70 ./Drivers/STM32F4xx_HAL_Driver/Src/stm32f4xx_ll_fsmc.o
                0x08006e50                FSMC_NORSRAM_Extended_Timing_Init
 .text.memset   0x08006ec0       0x10 D:/STM32CubeIDE_1.15.1/STM32CubeIDE/plugins/com.st.stm32cube.ide.mcu.externaltools.gnu-tools-for-stm32.12.3.rel1.win32_1.0.100.202403111256/tools/bin/../lib/gcc/arm-none-eabi/12.3.1/../../../../arm-none-eabi/lib/thumb/v7e-m+fp/hard\libc_nano.a(libc_a-memset.o)
                0x08006ec0                memset
 .text.__libc_init_array
                0x08006ed0       0x48 D:/STM32CubeIDE_1.15.1/STM32CubeIDE/plugins/com.st.stm32cube.ide.mcu.externaltools.gnu-tools-for-stm32.12.3.rel1.win32_1.0.100.202403111256/tools/bin/../lib/gcc/arm-none-eabi/12.3.1/../../../../arm-none-eabi/lib/thumb/v7e-m+fp/hard\libc_nano.a(libc_a-init.o)
                0x08006ed0                __libc_init_array
 *(.glue_7)
 .glue_7        0x08006f18        0x0 linker stubs
 *(.glue_7t)
 .glue_7t       0x08006f18        0x0 linker stubs
 *(.eh_frame)
 .eh_frame      0x08006f18        0x0 D:/STM32CubeIDE_1.15.1/STM32CubeIDE/plugins/com.st.stm32cube.ide.mcu.externaltools.gnu-tools-for-stm32.12.3.rel1.win32_1.0.100.202403111256/tools/bin/../lib/gcc/arm-none-eabi/12.3.1/thumb/v7e-m+fp/hard/crtbegin.o
 *(.init)
 .init          0x08006f18        0x4 D:/STM32CubeIDE_1.15.1/STM32CubeIDE/plugins/com.st.stm32cube.ide.mcu.externaltools.gnu-tools-for-stm32.12.3.rel1.win32_1.0.100.202403111256/tools/bin/../lib/gcc/arm-none-eabi/12.3.1/thumb/v7e-m+fp/hard/crti.o
                0x08006f18                _init
 .init          0x08006f1c        0x8 D:/STM32CubeIDE_1.15.1/STM32CubeIDE/plugins/com.st.stm32cube.ide.mcu.externaltools.gnu-tools-for-stm32.12.3.rel1.win32_1.0.100.202403111256/tools/bin/../lib/gcc/arm-none-eabi/12.3.1/thumb/v7e-m+fp/hard/crtn.o
 *(.fini)
 .fini          0x08006f24        0x4 D:/STM32CubeIDE_1.15.1/STM32CubeIDE/plugins/com.st.stm32cube.ide.mcu.externaltools.gnu-tools-for-stm32.12.3.rel1.win32_1.0.100.202403111256/tools/bin/../lib/gcc/arm-none-eabi/12.3.1/thumb/v7e-m+fp/hard/crti.o
                0x08006f24                _fini
 .fini          0x08006f28        0x8 D:/STM32CubeIDE_1.15.1/STM32CubeIDE/plugins/com.st.stm32cube.ide.mcu.externaltools.gnu-tools-for-stm32.12.3.rel1.win32_1.0.100.202403111256/tools/bin/../lib/gcc/arm-none-eabi/12.3.1/thumb/v7e-m+fp/hard/crtn.o
                0x08006f30                        . = ALIGN (0x4)
                0x08006f30                        _etext = .

.vfp11_veneer   0x08006f30        0x0
 .vfp11_veneer  0x08006f30        0x0 linker stubs

.v4_bx          0x08006f30        0x0
 .v4_bx         0x08006f30        0x0 linker stubs

.iplt           0x08006f30        0x0
 .iplt          0x08006f30        0x0 D:/STM32CubeIDE_1.15.1/STM32CubeIDE/plugins/com.st.stm32cube.ide.mcu.externaltools.gnu-tools-for-stm32.12.3.rel1.win32_1.0.100.202403111256/tools/bin/../lib/gcc/arm-none-eabi/12.3.1/thumb/v7e-m+fp/hard/crtbegin.o

.rodata         0x08006f30     0x2fe0
                0x08006f30                        . = ALIGN (0x4)
 *(.rodata)
 .rodata        0x08006f30       0x3d ./Core/Src/main.o
 *(.rodata*)
 *fill*         0x08006f6d        0x3 
 .rodata.ascii_1608
                0x08006f70      0x5f0 ./Core/Src/lcd.o
                0x08006f70                ascii_1608
 .rodata.ascii_2412
                0x08007560     0x11d0 ./Core/Src/lcd.o
                0x08007560                ascii_2412
 .rodata.ascii_3216
                0x08008730     0x17c0 ./Core/Src/lcd.o
                0x08008730                ascii_3216
 .rodata.AHBPrescTable
                0x08009ef0       0x10 ./Core/Src/system_stm32f4xx.o
                0x08009ef0                AHBPrescTable
 .rodata.APBPrescTable
                0x08009f00        0x8 ./Core/Src/system_stm32f4xx.o
                0x08009f00                APBPrescTable
 .rodata.flagBitshiftOffset.0
                0x08009f08        0x8 ./Drivers/STM32F4xx_HAL_Driver/Src/stm32f4xx_hal_dma.o
                0x08009f10                        . = ALIGN (0x4)

.ARM.extab      0x08009f10        0x0
                0x08009f10                        . = ALIGN (0x4)
 *(.ARM.extab* .gnu.linkonce.armextab.*)
                0x08009f10                        . = ALIGN (0x4)

.ARM            0x08009f10        0x8
                0x08009f10                        . = ALIGN (0x4)
                0x08009f10                        __exidx_start = .
 *(.ARM.exidx*)
 .ARM.exidx     0x08009f10        0x8 D:/STM32CubeIDE_1.15.1/STM32CubeIDE/plugins/com.st.stm32cube.ide.mcu.externaltools.gnu-tools-for-stm32.12.3.rel1.win32_1.0.100.202403111256/tools/bin/../lib/gcc/arm-none-eabi/12.3.1/thumb/v7e-m+fp/hard\libgcc.a(_udivmoddi4.o)
                0x08009f18                        __exidx_end = .
                0x08009f18                        . = ALIGN (0x4)

.preinit_array  0x08009f18        0x0
                0x08009f18                        . = ALIGN (0x4)
                0x08009f18                        PROVIDE (__preinit_array_start = .)
 *(.preinit_array*)
                0x08009f18                        PROVIDE (__preinit_array_end = .)
                0x08009f18                        . = ALIGN (0x4)

.init_array     0x08009f18        0x4
                0x08009f18                        . = ALIGN (0x4)
                0x08009f18                        PROVIDE (__init_array_start = .)
 *(SORT_BY_NAME(.init_array.*))
 *(.init_array*)
 .init_array    0x08009f18        0x4 D:/STM32CubeIDE_1.15.1/STM32CubeIDE/plugins/com.st.stm32cube.ide.mcu.externaltools.gnu-tools-for-stm32.12.3.rel1.win32_1.0.100.202403111256/tools/bin/../lib/gcc/arm-none-eabi/12.3.1/thumb/v7e-m+fp/hard/crtbegin.o
                0x08009f1c                        PROVIDE (__init_array_end = .)
                0x08009f1c                        . = ALIGN (0x4)

.fini_array     0x08009f1c        0x4
                0x08009f1c                        . = ALIGN (0x4)
                [!provide]                        PROVIDE (__fini_array_start = .)
 *(SORT_BY_NAME(.fini_array.*))
 *(.fini_array*)
 .fini_array    0x08009f1c        0x4 D:/STM32CubeIDE_1.15.1/STM32CubeIDE/plugins/com.st.stm32cube.ide.mcu.externaltools.gnu-tools-for-stm32.12.3.rel1.win32_1.0.100.202403111256/tools/bin/../lib/gcc/arm-none-eabi/12.3.1/thumb/v7e-m+fp/hard/crtbegin.o
                [!provide]                        PROVIDE (__fini_array_end = .)
                0x08009f20                        . = ALIGN (0x4)
                0x08009f20                        _sidata = LOADADDR (.data)

.rel.dyn        0x08009f20        0x0
 .rel.iplt      0x08009f20        0x0 D:/STM32CubeIDE_1.15.1/STM32CubeIDE/plugins/com.st.stm32cube.ide.mcu.externaltools.gnu-tools-for-stm32.12.3.rel1.win32_1.0.100.202403111256/tools/bin/../lib/gcc/arm-none-eabi/12.3.1/thumb/v7e-m+fp/hard/crtbegin.o

.data           0x20000000      0x234 load address 0x08009f20
                0x20000000                        . = ALIGN (0x4)
                0x20000000                        _sdata = .
 *(.data)
 *(.data*)
 .data.data_manual
                0x20000000        0x4 ./Core/Src/Master.o
                0x20000000                data_manual
 .data.User_behavior
                0x20000004        0x1 ./Core/Src/Master.o
                0x20000004                User_behavior
 *fill*         0x20000005        0x3 
 .data.timeOutForPress
                0x20000008       0x20 ./Core/Src/button.o
                0x20000008                timeOutForPress
 .data.crc16_lookup_table
                0x20000028      0x200 ./Core/Src/crc16.o
                0x20000028                crc16_lookup_table
 .data.SystemCoreClock
                0x20000228        0x4 ./Core/Src/system_stm32f4xx.o
                0x20000228                SystemCoreClock
 .data.uwTickPrio
                0x2000022c        0x4 ./Drivers/STM32F4xx_HAL_Driver/Src/stm32f4xx_hal.o
                0x2000022c                uwTickPrio
 .data.uwTickFreq
                0x20000230        0x1 ./Drivers/STM32F4xx_HAL_Driver/Src/stm32f4xx_hal.o
                0x20000230                uwTickFreq
 *(.RamFunc)
 *(.RamFunc*)
                0x20000234                        . = ALIGN (0x4)
 *fill*         0x20000231        0x3 
                0x20000234                        _edata = .
                0x0800a154                        _siccmram = LOADADDR (.ccmram)

.igot.plt       0x20000234        0x0 load address 0x0800a154
 .igot.plt      0x20000234        0x0 D:/STM32CubeIDE_1.15.1/STM32CubeIDE/plugins/com.st.stm32cube.ide.mcu.externaltools.gnu-tools-for-stm32.12.3.rel1.win32_1.0.100.202403111256/tools/bin/../lib/gcc/arm-none-eabi/12.3.1/thumb/v7e-m+fp/hard/crtbegin.o

.ccmram         0x10000000        0x0 load address 0x0800a154
                0x10000000                        . = ALIGN (0x4)
                0x10000000                        _sccmram = .
 *(.ccmram)
 *(.ccmram*)
                0x10000000                        . = ALIGN (0x4)
                0x10000000                        _eccmram = .
                0x10000000                        . = ALIGN (0x4)

.bss            0x20000234      0x6e8
                0x20000234                        _sbss = .
                0x20000234                        __bss_start__ = _sbss
 *(.bss)
 .bss           0x20000234       0x1c D:/STM32CubeIDE_1.15.1/STM32CubeIDE/plugins/com.st.stm32cube.ide.mcu.externaltools.gnu-tools-for-stm32.12.3.rel1.win32_1.0.100.202403111256/tools/bin/../lib/gcc/arm-none-eabi/12.3.1/thumb/v7e-m+fp/hard/crtbegin.o
 *(.bss*)
 .bss.address   0x20000250        0x1 ./Core/Src/Master.o
                0x20000250                address
 .bss.function  0x20000251        0x1 ./Core/Src/Master.o
                0x20000251                function
 *fill*         0x20000252        0x2 
 .bss.data      0x20000254      0x100 ./Core/Src/Master.o
                0x20000254                data
 .bss.size      0x20000354        0x1 ./Core/Src/Master.o
                0x20000354                size
 *fill*         0x20000355        0x1 
 .bss.crc_receive
                0x20000356        0x2 ./Core/Src/Master.o
                0x20000356                crc_receive
 .bss.Master_behavior
                0x20000358        0x1 ./Core/Src/Master.o
                0x20000358                Master_behavior
 *fill*         0x20000359        0x3 
 .bss.Holding_Register
                0x2000035c        0xa ./Core/Src/Master.o
                0x2000035c                Holding_Register
 *fill*         0x20000366        0x2 
 .bss.hadc1     0x20000368       0x48 ./Core/Src/adc.o
                0x20000368                hadc1
 .bss.hdma_adc1
                0x200003b0       0x60 ./Core/Src/adc.o
                0x200003b0                hdma_adc1
 .bss.isPressed
                0x20000410       0x20 ./Core/Src/button.o
                0x20000410                isPressed
 .bss.isLongPressed
                0x20000430       0x20 ./Core/Src/button.o
                0x20000430                isLongPressed
 .bss.button_count3
                0x20000450       0x20 ./Core/Src/button.o
                0x20000450                button_count3
 .bss.button_count2
                0x20000470       0x20 ./Core/Src/button.o
                0x20000470                button_count2
 .bss.button_count1
                0x20000490       0x20 ./Core/Src/button.o
                0x20000490                button_count1
 .bss.button_count
                0x200004b0       0x20 ./Core/Src/button.o
                0x200004b0                button_count
 .bss.button_spi_buffer
                0x200004d0        0x2 ./Core/Src/button.o
 *fill*         0x200004d2        0x2 
 .bss.hsram1    0x200004d4       0x50 ./Core/Src/fsmc.o
                0x200004d4                hsram1
 .bss.FSMC_Initialized
                0x20000524        0x4 ./Core/Src/fsmc.o
 .bss.lcddev    0x20000528        0x6 ./Core/Src/lcd.o
                0x20000528                lcddev
 *fill*         0x2000052e        0x2 
 .bss.Master    0x20000530      0x20c ./Core/Src/main.o
                0x20000530                Master
 .bss.Receive_Flag
                0x2000073c        0x1 ./Core/Src/rs485.o
                0x2000073c                Receive_Flag
 *fill*         0x2000073d        0x3 
 .bss.adc_receive
                0x20000740        0xa ./Core/Src/sensor.o
                0x20000740                adc_receive
 .bss.timer2_flag
                0x2000074a        0x1 ./Core/Src/software_timer.o
                0x2000074a                timer2_flag
 *fill*         0x2000074b        0x1 
 .bss.timer2_counter
                0x2000074c        0x2 ./Core/Src/software_timer.o
                0x2000074c                timer2_counter
 .bss.timer2_mul
                0x2000074e        0x2 ./Core/Src/software_timer.o
                0x2000074e                timer2_mul
 .bss.timer4_flag
                0x20000750        0x1 ./Core/Src/software_timer.o
                0x20000750                timer4_flag
 *fill*         0x20000751        0x1 
 .bss.timer4_counter
                0x20000752        0x2 ./Core/Src/software_timer.o
                0x20000752                timer4_counter
 .bss.timer4_mul
                0x20000754        0x2 ./Core/Src/software_timer.o
                0x20000754                timer4_mul
 *fill*         0x20000756        0x2 
 .bss.hspi1     0x20000758       0x58 ./Core/Src/spi.o
                0x20000758                hspi1
 .bss.htim2     0x200007b0       0x48 ./Core/Src/tim.o
                0x200007b0                htim2
 .bss.htim4     0x200007f8       0x48 ./Core/Src/tim.o
                0x200007f8                htim4
 .bss.huart1    0x20000840       0x48 ./Core/Src/usart.o
                0x20000840                huart1
 .bss.huart2    0x20000888       0x48 ./Core/Src/usart.o
                0x20000888                huart2
 .bss.huart3    0x200008d0       0x48 ./Core/Src/usart.o
                0x200008d0                huart3
 .bss.uwTick    0x20000918        0x4 ./Drivers/STM32F4xx_HAL_Driver/Src/stm32f4xx_hal.o
                0x20000918                uwTick
 *(COMMON)
                0x2000091c                        . = ALIGN (0x4)
                0x2000091c                        _ebss = .
                0x2000091c                        __bss_end__ = _ebss

._user_heap_stack
                0x2000091c      0x604
                0x20000920                        . = ALIGN (0x8)
 *fill*         0x2000091c        0x4 
                [!provide]                        PROVIDE (end = .)
                0x20000920                        PROVIDE (_end = .)
                0x20000b20                        . = (. + _Min_Heap_Size)
 *fill*         0x20000920      0x200 
                0x20000f20                        . = (. + _Min_Stack_Size)
 *fill*         0x20000b20      0x400 
                0x20000f20                        . = ALIGN (0x8)

/DISCARD/
 libc.a(*)
 libm.a(*)
 libgcc.a(*)

.ARM.attributes
                0x00000000       0x30
 *(.ARM.attributes)
 .ARM.attributes
                0x00000000       0x22 D:/STM32CubeIDE_1.15.1/STM32CubeIDE/plugins/com.st.stm32cube.ide.mcu.externaltools.gnu-tools-for-stm32.12.3.rel1.win32_1.0.100.202403111256/tools/bin/../lib/gcc/arm-none-eabi/12.3.1/thumb/v7e-m+fp/hard/crti.o
 .ARM.attributes
                0x00000022       0x34 D:/STM32CubeIDE_1.15.1/STM32CubeIDE/plugins/com.st.stm32cube.ide.mcu.externaltools.gnu-tools-for-stm32.12.3.rel1.win32_1.0.100.202403111256/tools/bin/../lib/gcc/arm-none-eabi/12.3.1/thumb/v7e-m+fp/hard/crtbegin.o
 .ARM.attributes
                0x00000056       0x34 ./Core/Src/Master.o
 .ARM.attributes
                0x0000008a       0x34 ./Core/Src/adc.o
 .ARM.attributes
                0x000000be       0x34 ./Core/Src/button.o
 .ARM.attributes
                0x000000f2       0x34 ./Core/Src/crc16.o
 .ARM.attributes
                0x00000126       0x34 ./Core/Src/dma.o
 .ARM.attributes
                0x0000015a       0x34 ./Core/Src/fsmc.o
 .ARM.attributes
                0x0000018e       0x34 ./Core/Src/gpio.o
 .ARM.attributes
                0x000001c2       0x34 ./Core/Src/lcd.o
 .ARM.attributes
                0x000001f6       0x34 ./Core/Src/main.o
 .ARM.attributes
                0x0000022a       0x34 ./Core/Src/rs485.o
 .ARM.attributes
                0x0000025e       0x34 ./Core/Src/sensor.o
 .ARM.attributes
                0x00000292       0x34 ./Core/Src/software_timer.o
 .ARM.attributes
                0x000002c6       0x34 ./Core/Src/spi.o
 .ARM.attributes
                0x000002fa       0x34 ./Core/Src/stm32f4xx_hal_msp.o
 .ARM.attributes
                0x0000032e       0x34 ./Core/Src/stm32f4xx_it.o
 .ARM.attributes
                0x00000362       0x34 ./Core/Src/system_stm32f4xx.o
 .ARM.attributes
                0x00000396       0x34 ./Core/Src/tim.o
 .ARM.attributes
                0x000003ca       0x34 ./Core/Src/usart.o
 .ARM.attributes
                0x000003fe       0x21 ./Core/Startup/startup_stm32f407zgtx.o
 .ARM.attributes
                0x0000041f       0x34 ./Drivers/STM32F4xx_HAL_Driver/Src/stm32f4xx_hal.o
 .ARM.attributes
                0x00000453       0x34 ./Drivers/STM32F4xx_HAL_Driver/Src/stm32f4xx_hal_adc.o
 .ARM.attributes
                0x00000487       0x34 ./Drivers/STM32F4xx_HAL_Driver/Src/stm32f4xx_hal_cortex.o
 .ARM.attributes
                0x000004bb       0x34 ./Drivers/STM32F4xx_HAL_Driver/Src/stm32f4xx_hal_dma.o
 .ARM.attributes
                0x000004ef       0x34 ./Drivers/STM32F4xx_HAL_Driver/Src/stm32f4xx_hal_gpio.o
 .ARM.attributes
                0x00000523       0x34 ./Drivers/STM32F4xx_HAL_Driver/Src/stm32f4xx_hal_rcc.o
 .ARM.attributes
                0x00000557       0x34 ./Drivers/STM32F4xx_HAL_Driver/Src/stm32f4xx_hal_spi.o
 .ARM.attributes
                0x0000058b       0x34 ./Drivers/STM32F4xx_HAL_Driver/Src/stm32f4xx_hal_sram.o
 .ARM.attributes
                0x000005bf       0x34 ./Drivers/STM32F4xx_HAL_Driver/Src/stm32f4xx_hal_tim.o
 .ARM.attributes
                0x000005f3       0x34 ./Drivers/STM32F4xx_HAL_Driver/Src/stm32f4xx_hal_tim_ex.o
 .ARM.attributes
                0x00000627       0x34 ./Drivers/STM32F4xx_HAL_Driver/Src/stm32f4xx_hal_uart.o
 .ARM.attributes
                0x0000065b       0x34 ./Drivers/STM32F4xx_HAL_Driver/Src/stm32f4xx_ll_fsmc.o
 .ARM.attributes
                0x0000068f       0x34 D:/STM32CubeIDE_1.15.1/STM32CubeIDE/plugins/com.st.stm32cube.ide.mcu.externaltools.gnu-tools-for-stm32.12.3.rel1.win32_1.0.100.202403111256/tools/bin/../lib/gcc/arm-none-eabi/12.3.1/../../../../arm-none-eabi/lib/thumb/v7e-m+fp/hard\libc_nano.a(libc_a-memset.o)
 .ARM.attributes
                0x000006c3       0x34 D:/STM32CubeIDE_1.15.1/STM32CubeIDE/plugins/com.st.stm32cube.ide.mcu.externaltools.gnu-tools-for-stm32.12.3.rel1.win32_1.0.100.202403111256/tools/bin/../lib/gcc/arm-none-eabi/12.3.1/../../../../arm-none-eabi/lib/thumb/v7e-m+fp/hard\libc_nano.a(libc_a-init.o)
 .ARM.attributes
                0x000006f7       0x22 D:/STM32CubeIDE_1.15.1/STM32CubeIDE/plugins/com.st.stm32cube.ide.mcu.externaltools.gnu-tools-for-stm32.12.3.rel1.win32_1.0.100.202403111256/tools/bin/../lib/gcc/arm-none-eabi/12.3.1/thumb/v7e-m+fp/hard\libgcc.a(_aeabi_uldivmod.o)
 .ARM.attributes
                0x00000719       0x34 D:/STM32CubeIDE_1.15.1/STM32CubeIDE/plugins/com.st.stm32cube.ide.mcu.externaltools.gnu-tools-for-stm32.12.3.rel1.win32_1.0.100.202403111256/tools/bin/../lib/gcc/arm-none-eabi/12.3.1/thumb/v7e-m+fp/hard\libgcc.a(_udivmoddi4.o)
 .ARM.attributes
                0x0000074d       0x22 D:/STM32CubeIDE_1.15.1/STM32CubeIDE/plugins/com.st.stm32cube.ide.mcu.externaltools.gnu-tools-for-stm32.12.3.rel1.win32_1.0.100.202403111256/tools/bin/../lib/gcc/arm-none-eabi/12.3.1/thumb/v7e-m+fp/hard\libgcc.a(_dvmd_tls.o)
 .ARM.attributes
                0x0000076f       0x22 D:/STM32CubeIDE_1.15.1/STM32CubeIDE/plugins/com.st.stm32cube.ide.mcu.externaltools.gnu-tools-for-stm32.12.3.rel1.win32_1.0.100.202403111256/tools/bin/../lib/gcc/arm-none-eabi/12.3.1/thumb/v7e-m+fp/hard/crtn.o
OUTPUT(ModBus_RTU_Implement.elf elf32-littlearm)
LOAD linker stubs
LOAD D:/STM32CubeIDE_1.15.1/STM32CubeIDE/plugins/com.st.stm32cube.ide.mcu.externaltools.gnu-tools-for-stm32.12.3.rel1.win32_1.0.100.202403111256/tools/bin/../lib/gcc/arm-none-eabi/12.3.1/../../../../arm-none-eabi/lib/thumb/v7e-m+fp/hard\libc.a
LOAD D:/STM32CubeIDE_1.15.1/STM32CubeIDE/plugins/com.st.stm32cube.ide.mcu.externaltools.gnu-tools-for-stm32.12.3.rel1.win32_1.0.100.202403111256/tools/bin/../lib/gcc/arm-none-eabi/12.3.1/../../../../arm-none-eabi/lib/thumb/v7e-m+fp/hard\libm.a
LOAD D:/STM32CubeIDE_1.15.1/STM32CubeIDE/plugins/com.st.stm32cube.ide.mcu.externaltools.gnu-tools-for-stm32.12.3.rel1.win32_1.0.100.202403111256/tools/bin/../lib/gcc/arm-none-eabi/12.3.1/thumb/v7e-m+fp/hard\libgcc.a

.debug_info     0x00000000    0x16cb8
 .debug_info    0x00000000      0xb34 ./Core/Src/Master.o
 .debug_info    0x00000b34      0x9f1 ./Core/Src/adc.o
 .debug_info    0x00001525      0x87a ./Core/Src/button.o
 .debug_info    0x00001d9f      0x14b ./Core/Src/crc16.o
 .debug_info    0x00001eea      0x4ad ./Core/Src/dma.o
 .debug_info    0x00002397      0x9ee ./Core/Src/fsmc.o
 .debug_info    0x00002d85      0x45d ./Core/Src/gpio.o
 .debug_info    0x000031e2      0xc29 ./Core/Src/lcd.o
 .debug_info    0x00003e0b      0xcab ./Core/Src/main.o
 .debug_info    0x00004ab6      0xabf ./Core/Src/rs485.o
 .debug_info    0x00005575      0x685 ./Core/Src/sensor.o
 .debug_info    0x00005bfa      0x79f ./Core/Src/software_timer.o
 .debug_info    0x00006399      0x94d ./Core/Src/spi.o
 .debug_info    0x00006ce6      0x269 ./Core/Src/stm32f4xx_hal_msp.o
 .debug_info    0x00006f4f      0x9d6 ./Core/Src/stm32f4xx_it.o
 .debug_info    0x00007925      0x512 ./Core/Src/system_stm32f4xx.o
 .debug_info    0x00007e37      0xc62 ./Core/Src/tim.o
 .debug_info    0x00008a99      0xc43 ./Core/Src/usart.o
 .debug_info    0x000096dc       0x30 ./Core/Startup/startup_stm32f407zgtx.o
 .debug_info    0x0000970c      0x944 ./Drivers/STM32F4xx_HAL_Driver/Src/stm32f4xx_hal.o
 .debug_info    0x0000a050      0xcd4 ./Drivers/STM32F4xx_HAL_Driver/Src/stm32f4xx_hal_adc.o
 .debug_info    0x0000ad24      0xd8c ./Drivers/STM32F4xx_HAL_Driver/Src/stm32f4xx_hal_cortex.o
 .debug_info    0x0000bab0      0x8e7 ./Drivers/STM32F4xx_HAL_Driver/Src/stm32f4xx_hal_dma.o
 .debug_info    0x0000c397      0x6c3 ./Drivers/STM32F4xx_HAL_Driver/Src/stm32f4xx_hal_gpio.o
 .debug_info    0x0000ca5a      0x8af ./Drivers/STM32F4xx_HAL_Driver/Src/stm32f4xx_hal_rcc.o
 .debug_info    0x0000d309     0x1525 ./Drivers/STM32F4xx_HAL_Driver/Src/stm32f4xx_hal_spi.o
 .debug_info    0x0000e82e      0xd39 ./Drivers/STM32F4xx_HAL_Driver/Src/stm32f4xx_hal_sram.o
 .debug_info    0x0000f567     0x299d ./Drivers/STM32F4xx_HAL_Driver/Src/stm32f4xx_hal_tim.o
 .debug_info    0x00011f04     0x14db ./Drivers/STM32F4xx_HAL_Driver/Src/stm32f4xx_hal_tim_ex.o
 .debug_info    0x000133df     0x2f4f ./Drivers/STM32F4xx_HAL_Driver/Src/stm32f4xx_hal_uart.o
 .debug_info    0x0001632e      0x98a ./Drivers/STM32F4xx_HAL_Driver/Src/stm32f4xx_ll_fsmc.o

.debug_abbrev   0x00000000     0x3dfc
 .debug_abbrev  0x00000000      0x25e ./Core/Src/Master.o
 .debug_abbrev  0x0000025e      0x205 ./Core/Src/adc.o
 .debug_abbrev  0x00000463      0x23f ./Core/Src/button.o
 .debug_abbrev  0x000006a2       0xca ./Core/Src/crc16.o
 .debug_abbrev  0x0000076c      0x10e ./Core/Src/dma.o
 .debug_abbrev  0x0000087a      0x212 ./Core/Src/fsmc.o
 .debug_abbrev  0x00000a8c      0x152 ./Core/Src/gpio.o
 .debug_abbrev  0x00000bde      0x328 ./Core/Src/lcd.o
 .debug_abbrev  0x00000f06      0x2b2 ./Core/Src/main.o
 .debug_abbrev  0x000011b8      0x25f ./Core/Src/rs485.o
 .debug_abbrev  0x00001417      0x1a5 ./Core/Src/sensor.o
 .debug_abbrev  0x000015bc      0x1cd ./Core/Src/software_timer.o
 .debug_abbrev  0x00001789      0x1fa ./Core/Src/spi.o
 .debug_abbrev  0x00001983       0xd8 ./Core/Src/stm32f4xx_hal_msp.o
 .debug_abbrev  0x00001a5b      0x19b ./Core/Src/stm32f4xx_it.o
 .debug_abbrev  0x00001bf6      0x11a ./Core/Src/system_stm32f4xx.o
 .debug_abbrev  0x00001d10      0x206 ./Core/Src/tim.o
 .debug_abbrev  0x00001f16      0x21e ./Core/Src/usart.o
 .debug_abbrev  0x00002134       0x24 ./Core/Startup/startup_stm32f407zgtx.o
 .debug_abbrev  0x00002158      0x214 ./Drivers/STM32F4xx_HAL_Driver/Src/stm32f4xx_hal.o
 .debug_abbrev  0x0000236c      0x252 ./Drivers/STM32F4xx_HAL_Driver/Src/stm32f4xx_hal_adc.o
 .debug_abbrev  0x000025be      0x31d ./Drivers/STM32F4xx_HAL_Driver/Src/stm32f4xx_hal_cortex.o
 .debug_abbrev  0x000028db      0x264 ./Drivers/STM32F4xx_HAL_Driver/Src/stm32f4xx_hal_dma.o
 .debug_abbrev  0x00002b3f      0x1d4 ./Drivers/STM32F4xx_HAL_Driver/Src/stm32f4xx_hal_gpio.o
 .debug_abbrev  0x00002d13      0x2b7 ./Drivers/STM32F4xx_HAL_Driver/Src/stm32f4xx_hal_rcc.o
 .debug_abbrev  0x00002fca      0x27a ./Drivers/STM32F4xx_HAL_Driver/Src/stm32f4xx_hal_spi.o
 .debug_abbrev  0x00003244      0x20c ./Drivers/STM32F4xx_HAL_Driver/Src/stm32f4xx_hal_sram.o
 .debug_abbrev  0x00003450      0x278 ./Drivers/STM32F4xx_HAL_Driver/Src/stm32f4xx_hal_tim.o
 .debug_abbrev  0x000036c8      0x283 ./Drivers/STM32F4xx_HAL_Driver/Src/stm32f4xx_hal_tim_ex.o
 .debug_abbrev  0x0000394b      0x30e ./Drivers/STM32F4xx_HAL_Driver/Src/stm32f4xx_hal_uart.o
 .debug_abbrev  0x00003c59      0x1a3 ./Drivers/STM32F4xx_HAL_Driver/Src/stm32f4xx_ll_fsmc.o

.debug_aranges  0x00000000     0x13e8
 .debug_aranges
                0x00000000       0x58 ./Core/Src/Master.o
 .debug_aranges
                0x00000058       0x30 ./Core/Src/adc.o
 .debug_aranges
                0x00000088       0x40 ./Core/Src/button.o
 .debug_aranges
                0x000000c8       0x20 ./Core/Src/crc16.o
 .debug_aranges
                0x000000e8       0x20 ./Core/Src/dma.o
 .debug_aranges
                0x00000108       0x40 ./Core/Src/fsmc.o
 .debug_aranges
                0x00000148       0x20 ./Core/Src/gpio.o
 .debug_aranges
                0x00000168       0xd8 ./Core/Src/lcd.o
 .debug_aranges
                0x00000240       0x40 ./Core/Src/main.o
 .debug_aranges
                0x00000280       0x58 ./Core/Src/rs485.o
 .debug_aranges
                0x000002d8       0x50 ./Core/Src/sensor.o
 .debug_aranges
                0x00000328       0x40 ./Core/Src/software_timer.o
 .debug_aranges
                0x00000368       0x30 ./Core/Src/spi.o
 .debug_aranges
                0x00000398       0x20 ./Core/Src/stm32f4xx_hal_msp.o
 .debug_aranges
                0x000003b8       0x80 ./Core/Src/stm32f4xx_it.o
 .debug_aranges
                0x00000438       0x28 ./Core/Src/system_stm32f4xx.o
 .debug_aranges
                0x00000460       0x38 ./Core/Src/tim.o
 .debug_aranges
                0x00000498       0x40 ./Core/Src/usart.o
 .debug_aranges
                0x000004d8       0x28 ./Core/Startup/startup_stm32f407zgtx.o
 .debug_aranges
                0x00000500       0xf0 ./Drivers/STM32F4xx_HAL_Driver/Src/stm32f4xx_hal.o
 .debug_aranges
                0x000005f0       0xe8 ./Drivers/STM32F4xx_HAL_Driver/Src/stm32f4xx_hal_adc.o
 .debug_aranges
                0x000006d8      0x130 ./Drivers/STM32F4xx_HAL_Driver/Src/stm32f4xx_hal_cortex.o
 .debug_aranges
                0x00000808       0x90 ./Drivers/STM32F4xx_HAL_Driver/Src/stm32f4xx_hal_dma.o
 .debug_aranges
                0x00000898       0x58 ./Drivers/STM32F4xx_HAL_Driver/Src/stm32f4xx_hal_gpio.o
 .debug_aranges
                0x000008f0       0x88 ./Drivers/STM32F4xx_HAL_Driver/Src/stm32f4xx_hal_rcc.o
 .debug_aranges
                0x00000978      0x1d0 ./Drivers/STM32F4xx_HAL_Driver/Src/stm32f4xx_hal_spi.o
 .debug_aranges
                0x00000b48       0xb8 ./Drivers/STM32F4xx_HAL_Driver/Src/stm32f4xx_hal_sram.o
 .debug_aranges
                0x00000c00      0x3d0 ./Drivers/STM32F4xx_HAL_Driver/Src/stm32f4xx_hal_tim.o
 .debug_aranges
                0x00000fd0      0x168 ./Drivers/STM32F4xx_HAL_Driver/Src/stm32f4xx_hal_tim_ex.o
 .debug_aranges
                0x00001138      0x208 ./Drivers/STM32F4xx_HAL_Driver/Src/stm32f4xx_hal_uart.o
 .debug_aranges
                0x00001340       0xa8 ./Drivers/STM32F4xx_HAL_Driver/Src/stm32f4xx_ll_fsmc.o

.debug_rnglists
                0x00000000      0xf4f
 .debug_rnglists
                0x00000000       0x40 ./Core/Src/Master.o
 .debug_rnglists
                0x00000040       0x21 ./Core/Src/adc.o
 .debug_rnglists
                0x00000061       0x2c ./Core/Src/button.o
 .debug_rnglists
                0x0000008d       0x13 ./Core/Src/crc16.o
 .debug_rnglists
                0x000000a0       0x13 ./Core/Src/dma.o
 .debug_rnglists
                0x000000b3       0x2d ./Core/Src/fsmc.o
 .debug_rnglists
                0x000000e0       0x14 ./Core/Src/gpio.o
 .debug_rnglists
                0x000000f4       0xa8 ./Core/Src/lcd.o
 .debug_rnglists
                0x0000019c       0x2f ./Core/Src/main.o
 .debug_rnglists
                0x000001cb       0x3e ./Core/Src/rs485.o
 .debug_rnglists
                0x00000209       0x38 ./Core/Src/sensor.o
 .debug_rnglists
                0x00000241       0x2c ./Core/Src/software_timer.o
 .debug_rnglists
                0x0000026d       0x20 ./Core/Src/spi.o
 .debug_rnglists
                0x0000028d       0x13 ./Core/Src/stm32f4xx_hal_msp.o
 .debug_rnglists
                0x000002a0       0x5b ./Core/Src/stm32f4xx_it.o
 .debug_rnglists
                0x000002fb       0x1a ./Core/Src/system_stm32f4xx.o
 .debug_rnglists
                0x00000315       0x28 ./Core/Src/tim.o
 .debug_rnglists
                0x0000033d       0x2d ./Core/Src/usart.o
 .debug_rnglists
                0x0000036a       0x19 ./Core/Startup/startup_stm32f407zgtx.o
 .debug_rnglists
                0x00000383       0xaf ./Drivers/STM32F4xx_HAL_Driver/Src/stm32f4xx_hal.o
 .debug_rnglists
                0x00000432       0xb5 ./Drivers/STM32F4xx_HAL_Driver/Src/stm32f4xx_hal_adc.o
 .debug_rnglists
                0x000004e7       0xe0 ./Drivers/STM32F4xx_HAL_Driver/Src/stm32f4xx_hal_cortex.o
 .debug_rnglists
                0x000005c7       0x70 ./Drivers/STM32F4xx_HAL_Driver/Src/stm32f4xx_hal_dma.o
 .debug_rnglists
                0x00000637       0x3f ./Drivers/STM32F4xx_HAL_Driver/Src/stm32f4xx_hal_gpio.o
 .debug_rnglists
                0x00000676       0x66 ./Drivers/STM32F4xx_HAL_Driver/Src/stm32f4xx_hal_rcc.o
 .debug_rnglists
                0x000006dc      0x16f ./Drivers/STM32F4xx_HAL_Driver/Src/stm32f4xx_hal_spi.o
 .debug_rnglists
                0x0000084b       0x8d ./Drivers/STM32F4xx_HAL_Driver/Src/stm32f4xx_hal_sram.o
 .debug_rnglists
                0x000008d8      0x31a ./Drivers/STM32F4xx_HAL_Driver/Src/stm32f4xx_hal_tim.o
 .debug_rnglists
                0x00000bf2      0x125 ./Drivers/STM32F4xx_HAL_Driver/Src/stm32f4xx_hal_tim_ex.o
 .debug_rnglists
                0x00000d17      0x1bc ./Drivers/STM32F4xx_HAL_Driver/Src/stm32f4xx_hal_uart.o
 .debug_rnglists
                0x00000ed3       0x7c ./Drivers/STM32F4xx_HAL_Driver/Src/stm32f4xx_ll_fsmc.o

.debug_macro    0x00000000    0x255bb
 .debug_macro   0x00000000      0x361 ./Core/Src/Master.o
 .debug_macro   0x00000361      0xab4 ./Core/Src/Master.o
 .debug_macro   0x00000e15      0x2ad ./Core/Src/Master.o
 .debug_macro   0x000010c2       0x2e ./Core/Src/Master.o
 .debug_macro   0x000010f0       0x2f ./Core/Src/Master.o
 .debug_macro   0x0000111f       0x22 ./Core/Src/Master.o
 .debug_macro   0x00001141       0x8e ./Core/Src/Master.o
 .debug_macro   0x000011cf       0x51 ./Core/Src/Master.o
 .debug_macro   0x00001220      0x103 ./Core/Src/Master.o
 .debug_macro   0x00001323       0x6a ./Core/Src/Master.o
 .debug_macro   0x0000138d      0x1df ./Core/Src/Master.o
 .debug_macro   0x0000156c       0x1c ./Core/Src/Master.o
 .debug_macro   0x00001588       0x22 ./Core/Src/Master.o
 .debug_macro   0x000015aa       0xfb ./Core/Src/Master.o
 .debug_macro   0x000016a5     0x1011 ./Core/Src/Master.o
 .debug_macro   0x000026b6      0x11f ./Core/Src/Master.o
 .debug_macro   0x000027d5    0x15e97 ./Core/Src/Master.o
 .debug_macro   0x0001866c       0x6d ./Core/Src/Master.o
 .debug_macro   0x000186d9     0x369a ./Core/Src/Master.o
 .debug_macro   0x0001bd73      0x189 ./Core/Src/Master.o
 .debug_macro   0x0001befc       0x5c ./Core/Src/Master.o
 .debug_macro   0x0001bf58      0x980 ./Core/Src/Master.o
 .debug_macro   0x0001c8d8      0x9e9 ./Core/Src/Master.o
 .debug_macro   0x0001d2c1      0x115 ./Core/Src/Master.o
 .debug_macro   0x0001d3d6      0x13e ./Core/Src/Master.o
 .debug_macro   0x0001d514       0xa5 ./Core/Src/Master.o
 .debug_macro   0x0001d5b9      0x174 ./Core/Src/Master.o
 .debug_macro   0x0001d72d      0x287 ./Core/Src/Master.o
 .debug_macro   0x0001d9b4       0x5f ./Core/Src/Master.o
 .debug_macro   0x0001da13      0x236 ./Core/Src/Master.o
 .debug_macro   0x0001dc49      0xb5b ./Core/Src/Master.o
 .debug_macro   0x0001e7a4      0x38b ./Core/Src/Master.o
 .debug_macro   0x0001eb2f      0x176 ./Core/Src/Master.o
 .debug_macro   0x0001eca5       0xf9 ./Core/Src/Master.o
 .debug_macro   0x0001ed9e      0x12c ./Core/Src/Master.o
 .debug_macro   0x0001eeca      0x21e ./Core/Src/Master.o
 .debug_macro   0x0001f0e8       0x2e ./Core/Src/Master.o
 .debug_macro   0x0001f116      0x516 ./Core/Src/Master.o
 .debug_macro   0x0001f62c      0x127 ./Core/Src/Master.o
 .debug_macro   0x0001f753       0x7e ./Core/Src/Master.o
 .debug_macro   0x0001f7d1       0x89 ./Core/Src/Master.o
 .debug_macro   0x0001f85a      0x225 ./Core/Src/Master.o
 .debug_macro   0x0001fa7f      0x8ed ./Core/Src/Master.o
 .debug_macro   0x0002036c       0x4d ./Core/Src/Master.o
 .debug_macro   0x000203b9      0x2aa ./Core/Src/Master.o
 .debug_macro   0x00020663      0x12d ./Core/Src/Master.o
 .debug_macro   0x00020790       0x40 ./Core/Src/Master.o
 .debug_macro   0x000207d0       0x2a ./Core/Src/Master.o
 .debug_macro   0x000207fa       0x61 ./Core/Src/Master.o
 .debug_macro   0x0002085b       0x43 ./Core/Src/Master.o
 .debug_macro   0x0002089e       0x34 ./Core/Src/Master.o
 .debug_macro   0x000208d2       0x16 ./Core/Src/Master.o
 .debug_macro   0x000208e8       0x35 ./Core/Src/Master.o
 .debug_macro   0x0002091d       0x16 ./Core/Src/Master.o
 .debug_macro   0x00020933       0x43 ./Core/Src/Master.o
 .debug_macro   0x00020976       0x34 ./Core/Src/Master.o
 .debug_macro   0x000209aa       0x10 ./Core/Src/Master.o
 .debug_macro   0x000209ba       0x58 ./Core/Src/Master.o
 .debug_macro   0x00020a12       0x8e ./Core/Src/Master.o
 .debug_macro   0x00020aa0       0x1c ./Core/Src/Master.o
 .debug_macro   0x00020abc      0x177 ./Core/Src/Master.o
 .debug_macro   0x00020c33      0x369 ./Core/Src/Master.o
 .debug_macro   0x00020f9c       0x16 ./Core/Src/Master.o
 .debug_macro   0x00020fb2       0x29 ./Core/Src/Master.o
 .debug_macro   0x00020fdb       0x16 ./Core/Src/Master.o
 .debug_macro   0x00020ff1       0x20 ./Core/Src/Master.o
 .debug_macro   0x00021011       0x16 ./Core/Src/Master.o
 .debug_macro   0x00021027       0x46 ./Core/Src/Master.o
 .debug_macro   0x0002106d       0x3a ./Core/Src/Master.o
 .debug_macro   0x000210a7      0x234 ./Core/Src/adc.o
 .debug_macro   0x000212db      0x252 ./Core/Src/button.o
 .debug_macro   0x0002152d      0x13e ./Core/Src/crc16.o
 .debug_macro   0x0002166b      0x11c ./Core/Src/crc16.o
 .debug_macro   0x00021787       0x94 ./Core/Src/crc16.o
 .debug_macro   0x0002181b      0x234 ./Core/Src/dma.o
 .debug_macro   0x00021a4f      0x234 ./Core/Src/fsmc.o
 .debug_macro   0x00021c83      0x234 ./Core/Src/gpio.o
 .debug_macro   0x00021eb7      0x353 ./Core/Src/lcd.o
 .debug_macro   0x0002220a       0xca ./Core/Src/lcd.o
 .debug_macro   0x000222d4      0x3d4 ./Core/Src/main.o
 .debug_macro   0x000226a8      0x352 ./Core/Src/rs485.o
 .debug_macro   0x000229fa      0x238 ./Core/Src/sensor.o
 .debug_macro   0x00022c32      0x243 ./Core/Src/software_timer.o
 .debug_macro   0x00022e75       0x10 ./Core/Src/software_timer.o
 .debug_macro   0x00022e85      0x234 ./Core/Src/spi.o
 .debug_macro   0x000230b9      0x22a ./Core/Src/stm32f4xx_hal_msp.o
 .debug_macro   0x000232e3      0x234 ./Core/Src/stm32f4xx_it.o
 .debug_macro   0x00023517      0x21b ./Core/Src/system_stm32f4xx.o
 .debug_macro   0x00023732      0x234 ./Core/Src/tim.o
 .debug_macro   0x00023966      0x234 ./Core/Src/usart.o
 .debug_macro   0x00023b9a      0x27b ./Drivers/STM32F4xx_HAL_Driver/Src/stm32f4xx_hal.o
 .debug_macro   0x00023e15      0x21c ./Drivers/STM32F4xx_HAL_Driver/Src/stm32f4xx_hal_adc.o
 .debug_macro   0x00024031      0x21b ./Drivers/STM32F4xx_HAL_Driver/Src/stm32f4xx_hal_cortex.o
 .debug_macro   0x0002424c      0x221 ./Drivers/STM32F4xx_HAL_Driver/Src/stm32f4xx_hal_dma.o
 .debug_macro   0x0002446d      0x221 ./Drivers/STM32F4xx_HAL_Driver/Src/stm32f4xx_hal_gpio.o
 .debug_macro   0x0002468e      0x23f ./Drivers/STM32F4xx_HAL_Driver/Src/stm32f4xx_hal_rcc.o
 .debug_macro   0x000248cd      0x22a ./Drivers/STM32F4xx_HAL_Driver/Src/stm32f4xx_hal_spi.o
 .debug_macro   0x00024af7      0x21b ./Drivers/STM32F4xx_HAL_Driver/Src/stm32f4xx_hal_sram.o
 .debug_macro   0x00024d12      0x21c ./Drivers/STM32F4xx_HAL_Driver/Src/stm32f4xx_hal_tim.o
 .debug_macro   0x00024f2e      0x21b ./Drivers/STM32F4xx_HAL_Driver/Src/stm32f4xx_hal_tim_ex.o
 .debug_macro   0x00025149      0x21c ./Drivers/STM32F4xx_HAL_Driver/Src/stm32f4xx_hal_uart.o
 .debug_macro   0x00025365      0x256 ./Drivers/STM32F4xx_HAL_Driver/Src/stm32f4xx_ll_fsmc.o

.debug_line     0x00000000    0x1b23c
 .debug_line    0x00000000      0xd61 ./Core/Src/Master.o
 .debug_line    0x00000d61      0x8b3 ./Core/Src/adc.o
 .debug_line    0x00001614      0x96a ./Core/Src/button.o
 .debug_line    0x00001f7e      0x5d0 ./Core/Src/crc16.o
 .debug_line    0x0000254e      0x7cb ./Core/Src/dma.o
 .debug_line    0x00002d19      0x8d0 ./Core/Src/fsmc.o
 .debug_line    0x000035e9      0x81a ./Core/Src/gpio.o
 .debug_line    0x00003e03     0x1020 ./Core/Src/lcd.o
 .debug_line    0x00004e23      0xadb ./Core/Src/main.o
 .debug_line    0x000058fe      0xb10 ./Core/Src/rs485.o
 .debug_line    0x0000640e      0x883 ./Core/Src/sensor.o
 .debug_line    0x00006c91      0x883 ./Core/Src/software_timer.o
 .debug_line    0x00007514      0x841 ./Core/Src/spi.o
 .debug_line    0x00007d55      0x7cf ./Core/Src/stm32f4xx_hal_msp.o
 .debug_line    0x00008524      0x8f2 ./Core/Src/stm32f4xx_it.o
 .debug_line    0x00008e16      0x854 ./Core/Src/system_stm32f4xx.o
 .debug_line    0x0000966a      0x8b1 ./Core/Src/tim.o
 .debug_line    0x00009f1b      0x90f ./Core/Src/usart.o
 .debug_line    0x0000a82a       0x7a ./Core/Startup/startup_stm32f407zgtx.o
 .debug_line    0x0000a8a4      0xabd ./Drivers/STM32F4xx_HAL_Driver/Src/stm32f4xx_hal.o
 .debug_line    0x0000b361     0x1345 ./Drivers/STM32F4xx_HAL_Driver/Src/stm32f4xx_hal_adc.o
 .debug_line    0x0000c6a6      0xdaf ./Drivers/STM32F4xx_HAL_Driver/Src/stm32f4xx_hal_cortex.o
 .debug_line    0x0000d455     0x102d ./Drivers/STM32F4xx_HAL_Driver/Src/stm32f4xx_hal_dma.o
 .debug_line    0x0000e482      0xc49 ./Drivers/STM32F4xx_HAL_Driver/Src/stm32f4xx_hal_gpio.o
 .debug_line    0x0000f0cb      0xe46 ./Drivers/STM32F4xx_HAL_Driver/Src/stm32f4xx_hal_rcc.o
 .debug_line    0x0000ff11     0x1ddb ./Drivers/STM32F4xx_HAL_Driver/Src/stm32f4xx_hal_spi.o
 .debug_line    0x00011cec      0xdd2 ./Drivers/STM32F4xx_HAL_Driver/Src/stm32f4xx_hal_sram.o
 .debug_line    0x00012abe     0x3861 ./Drivers/STM32F4xx_HAL_Driver/Src/stm32f4xx_hal_tim.o
 .debug_line    0x0001631f     0x1ab3 ./Drivers/STM32F4xx_HAL_Driver/Src/stm32f4xx_hal_tim_ex.o
 .debug_line    0x00017dd2     0x298f ./Drivers/STM32F4xx_HAL_Driver/Src/stm32f4xx_hal_uart.o
 .debug_line    0x0001a761      0xadb ./Drivers/STM32F4xx_HAL_Driver/Src/stm32f4xx_ll_fsmc.o

.debug_str      0x00000000    0xdd4e9
 .debug_str     0x00000000    0xd7edd ./Core/Src/Master.o
                              0xd821c (size before relaxing)
 .debug_str     0x000d7edd      0x3ef ./Core/Src/adc.o
                              0xd4da7 (size before relaxing)
 .debug_str     0x000d82cc      0x2bd ./Core/Src/button.o
                              0xd4d37 (size before relaxing)
 .debug_str     0x000d8589       0x27 ./Core/Src/crc16.o
                               0x7282 (size before relaxing)
 .debug_str     0x000d85b0      0x52c ./Core/Src/dma.o
                              0xd4d61 (size before relaxing)
 .debug_str     0x000d8adc      0x295 ./Core/Src/fsmc.o
                              0xd4e61 (size before relaxing)
 .debug_str     0x000d8d71       0x20 ./Core/Src/gpio.o
                              0xd490f (size before relaxing)
 .debug_str     0x000d8d91      0x4a3 ./Core/Src/lcd.o
                              0xd7eb6 (size before relaxing)
 .debug_str     0x000d9234      0x2ed ./Core/Src/main.o
                              0xd87d1 (size before relaxing)
 .debug_str     0x000d9521      0x14a ./Core/Src/rs485.o
                              0xd8216 (size before relaxing)
 .debug_str     0x000d966b       0x33 ./Core/Src/sensor.o
                              0xd4c00 (size before relaxing)
 .debug_str     0x000d969e      0x2fa ./Core/Src/software_timer.o
                              0xd4db2 (size before relaxing)
 .debug_str     0x000d9998       0x4b ./Core/Src/spi.o
                              0xd4d9b (size before relaxing)
 .debug_str     0x000d99e3       0x2c ./Core/Src/stm32f4xx_hal_msp.o
                              0xd4844 (size before relaxing)
 .debug_str     0x000d9a0f      0x14d ./Core/Src/stm32f4xx_it.o
                              0xd4fc3 (size before relaxing)
 .debug_str     0x000d9b5c       0xdb ./Core/Src/system_stm32f4xx.o
                              0xd47fd (size before relaxing)
 .debug_str     0x000d9c37      0x141 ./Core/Src/tim.o
                              0xd542c (size before relaxing)
 .debug_str     0x000d9d78       0x58 ./Core/Src/usart.o
                              0xd5336 (size before relaxing)
 .debug_str     0x000d9dd0       0x44 ./Core/Startup/startup_stm32f407zgtx.o
                                 0x62 (size before relaxing)
 .debug_str     0x000d9e14      0x5f7 ./Drivers/STM32F4xx_HAL_Driver/Src/stm32f4xx_hal.o
                              0xd5381 (size before relaxing)
 .debug_str     0x000da40b      0x2ac ./Drivers/STM32F4xx_HAL_Driver/Src/stm32f4xx_hal_adc.o
                              0xd4dea (size before relaxing)
 .debug_str     0x000da6b7      0x36b ./Drivers/STM32F4xx_HAL_Driver/Src/stm32f4xx_hal_cortex.o
                              0xd50fd (size before relaxing)
 .debug_str     0x000daa22      0x2c7 ./Drivers/STM32F4xx_HAL_Driver/Src/stm32f4xx_hal_dma.o
                              0xd4c17 (size before relaxing)
 .debug_str     0x000dace9      0x109 ./Drivers/STM32F4xx_HAL_Driver/Src/stm32f4xx_hal_gpio.o
                              0xd4978 (size before relaxing)
 .debug_str     0x000dadf2      0x233 ./Drivers/STM32F4xx_HAL_Driver/Src/stm32f4xx_hal_rcc.o
                              0xd4c31 (size before relaxing)
 .debug_str     0x000db025      0x551 ./Drivers/STM32F4xx_HAL_Driver/Src/stm32f4xx_hal_spi.o
                              0xd50bb (size before relaxing)
 .debug_str     0x000db576      0x1eb ./Drivers/STM32F4xx_HAL_Driver/Src/stm32f4xx_hal_sram.o
                              0xd4dfb (size before relaxing)
 .debug_str     0x000db761      0xd95 ./Drivers/STM32F4xx_HAL_Driver/Src/stm32f4xx_hal_tim.o
                              0xd5b87 (size before relaxing)
 .debug_str     0x000dc4f6      0x493 ./Drivers/STM32F4xx_HAL_Driver/Src/stm32f4xx_hal_tim_ex.o
                              0xd5393 (size before relaxing)
 .debug_str     0x000dc989      0x5a4 ./Drivers/STM32F4xx_HAL_Driver/Src/stm32f4xx_hal_uart.o
                              0xd5212 (size before relaxing)
 .debug_str     0x000dcf2d      0x5bc ./Drivers/STM32F4xx_HAL_Driver/Src/stm32f4xx_ll_fsmc.o
                              0xd5068 (size before relaxing)

.comment        0x00000000       0x43
 .comment       0x00000000       0x43 ./Core/Src/Master.o
                                 0x44 (size before relaxing)
 .comment       0x00000043       0x44 ./Core/Src/adc.o
 .comment       0x00000043       0x44 ./Core/Src/button.o
 .comment       0x00000043       0x44 ./Core/Src/crc16.o
 .comment       0x00000043       0x44 ./Core/Src/dma.o
 .comment       0x00000043       0x44 ./Core/Src/fsmc.o
 .comment       0x00000043       0x44 ./Core/Src/gpio.o
 .comment       0x00000043       0x44 ./Core/Src/lcd.o
 .comment       0x00000043       0x44 ./Core/Src/main.o
 .comment       0x00000043       0x44 ./Core/Src/rs485.o
 .comment       0x00000043       0x44 ./Core/Src/sensor.o
 .comment       0x00000043       0x44 ./Core/Src/software_timer.o
 .comment       0x00000043       0x44 ./Core/Src/spi.o
 .comment       0x00000043       0x44 ./Core/Src/stm32f4xx_hal_msp.o
 .comment       0x00000043       0x44 ./Core/Src/stm32f4xx_it.o
 .comment       0x00000043       0x44 ./Core/Src/system_stm32f4xx.o
 .comment       0x00000043       0x44 ./Core/Src/tim.o
 .comment       0x00000043       0x44 ./Core/Src/usart.o
 .comment       0x00000043       0x44 ./Drivers/STM32F4xx_HAL_Driver/Src/stm32f4xx_hal.o
 .comment       0x00000043       0x44 ./Drivers/STM32F4xx_HAL_Driver/Src/stm32f4xx_hal_adc.o
 .comment       0x00000043       0x44 ./Drivers/STM32F4xx_HAL_Driver/Src/stm32f4xx_hal_cortex.o
 .comment       0x00000043       0x44 ./Drivers/STM32F4xx_HAL_Driver/Src/stm32f4xx_hal_dma.o
 .comment       0x00000043       0x44 ./Drivers/STM32F4xx_HAL_Driver/Src/stm32f4xx_hal_gpio.o
 .comment       0x00000043       0x44 ./Drivers/STM32F4xx_HAL_Driver/Src/stm32f4xx_hal_rcc.o
 .comment       0x00000043       0x44 ./Drivers/STM32F4xx_HAL_Driver/Src/stm32f4xx_hal_spi.o
 .comment       0x00000043       0x44 ./Drivers/STM32F4xx_HAL_Driver/Src/stm32f4xx_hal_sram.o
 .comment       0x00000043       0x44 ./Drivers/STM32F4xx_HAL_Driver/Src/stm32f4xx_hal_tim.o
 .comment       0x00000043       0x44 ./Drivers/STM32F4xx_HAL_Driver/Src/stm32f4xx_hal_tim_ex.o
 .comment       0x00000043       0x44 ./Drivers/STM32F4xx_HAL_Driver/Src/stm32f4xx_hal_uart.o
 .comment       0x00000043       0x44 ./Drivers/STM32F4xx_HAL_Driver/Src/stm32f4xx_ll_fsmc.o

.debug_frame    0x00000000     0x50d8
 .debug_frame   0x00000000      0x150 ./Core/Src/Master.o
 .debug_frame   0x00000150       0x7c ./Core/Src/adc.o
 .debug_frame   0x000001cc       0xc8 ./Core/Src/button.o
 .debug_frame   0x00000294       0x38 ./Core/Src/crc16.o
 .debug_frame   0x000002cc       0x34 ./Core/Src/dma.o
 .debug_frame   0x00000300       0xbc ./Core/Src/fsmc.o
 .debug_frame   0x000003bc       0x34 ./Core/Src/gpio.o
 .debug_frame   0x000003f0      0x394 ./Core/Src/lcd.o
 .debug_frame   0x00000784       0xb0 ./Core/Src/main.o
 .debug_frame   0x00000834      0x130 ./Core/Src/rs485.o
 .debug_frame   0x00000964       0xe0 ./Core/Src/sensor.o
 .debug_frame   0x00000a44       0xc0 ./Core/Src/software_timer.o
 .debug_frame   0x00000b04       0x74 ./Core/Src/spi.o
 .debug_frame   0x00000b78       0x38 ./Core/Src/stm32f4xx_hal_msp.o
 .debug_frame   0x00000bb0      0x174 ./Core/Src/stm32f4xx_it.o
 .debug_frame   0x00000d24       0x58 ./Core/Src/system_stm32f4xx.o
 .debug_frame   0x00000d7c       0xa0 ./Core/Src/tim.o
 .debug_frame   0x00000e1c       0xac ./Core/Src/usart.o
 .debug_frame   0x00000ec8      0x374 ./Drivers/STM32F4xx_HAL_Driver/Src/stm32f4xx_hal.o
 .debug_frame   0x0000123c      0x3fc ./Drivers/STM32F4xx_HAL_Driver/Src/stm32f4xx_hal_adc.o
 .debug_frame   0x00001638      0x508 ./Drivers/STM32F4xx_HAL_Driver/Src/stm32f4xx_hal_cortex.o
 .debug_frame   0x00001b40      0x250 ./Drivers/STM32F4xx_HAL_Driver/Src/stm32f4xx_hal_dma.o
 .debug_frame   0x00001d90      0x14c ./Drivers/STM32F4xx_HAL_Driver/Src/stm32f4xx_hal_gpio.o
 .debug_frame   0x00001edc      0x1f4 ./Drivers/STM32F4xx_HAL_Driver/Src/stm32f4xx_hal_rcc.o
 .debug_frame   0x000020d0      0x828 ./Drivers/STM32F4xx_HAL_Driver/Src/stm32f4xx_hal_spi.o
 .debug_frame   0x000028f8      0x30c ./Drivers/STM32F4xx_HAL_Driver/Src/stm32f4xx_hal_sram.o
 .debug_frame   0x00002c04     0x11c0 ./Drivers/STM32F4xx_HAL_Driver/Src/stm32f4xx_hal_tim.o
 .debug_frame   0x00003dc4      0x638 ./Drivers/STM32F4xx_HAL_Driver/Src/stm32f4xx_hal_tim_ex.o
 .debug_frame   0x000043fc      0x954 ./Drivers/STM32F4xx_HAL_Driver/Src/stm32f4xx_hal_uart.o
 .debug_frame   0x00004d50      0x2dc ./Drivers/STM32F4xx_HAL_Driver/Src/stm32f4xx_ll_fsmc.o
 .debug_frame   0x0000502c       0x20 D:/STM32CubeIDE_1.15.1/STM32CubeIDE/plugins/com.st.stm32cube.ide.mcu.externaltools.gnu-tools-for-stm32.12.3.rel1.win32_1.0.100.202403111256/tools/bin/../lib/gcc/arm-none-eabi/12.3.1/../../../../arm-none-eabi/lib/thumb/v7e-m+fp/hard\libc_nano.a(libc_a-memset.o)
 .debug_frame   0x0000504c       0x2c D:/STM32CubeIDE_1.15.1/STM32CubeIDE/plugins/com.st.stm32cube.ide.mcu.externaltools.gnu-tools-for-stm32.12.3.rel1.win32_1.0.100.202403111256/tools/bin/../lib/gcc/arm-none-eabi/12.3.1/../../../../arm-none-eabi/lib/thumb/v7e-m+fp/hard\libc_nano.a(libc_a-init.o)
 .debug_frame   0x00005078       0x2c D:/STM32CubeIDE_1.15.1/STM32CubeIDE/plugins/com.st.stm32cube.ide.mcu.externaltools.gnu-tools-for-stm32.12.3.rel1.win32_1.0.100.202403111256/tools/bin/../lib/gcc/arm-none-eabi/12.3.1/thumb/v7e-m+fp/hard\libgcc.a(_aeabi_uldivmod.o)
 .debug_frame   0x000050a4       0x34 D:/STM32CubeIDE_1.15.1/STM32CubeIDE/plugins/com.st.stm32cube.ide.mcu.externaltools.gnu-tools-for-stm32.12.3.rel1.win32_1.0.100.202403111256/tools/bin/../lib/gcc/arm-none-eabi/12.3.1/thumb/v7e-m+fp/hard\libgcc.a(_udivmoddi4.o)

.debug_line_str
                0x00000000       0x46
 .debug_line_str
                0x00000000       0x46 ./Core/Startup/startup_stm32f407zgtx.o
