../Core/Src/rs485.c:50:9:_is_frame_status	4	static
../Core/Src/rs485.c:60:9:_is_character_received	4	static
../Core/Src/rs485.c:70:9:_is_transmit	4	static
../Core/Src/rs485.c:80:9:_crc_checking	16	static
../Core/Src/rs485.c:105:6:f_rs485_init	24	static
../Core/Src/rs485.c:119:6:f_rs485_send_cmd	24	static
../Core/Src/rs485.c:138:6:f_rs485_fsm_init	4	static
../Core/Src/rs485.c:147:6:f_rs485_fsm	8	static
../Core/Src/rs485.c:227:6:_f_init_rs485_super_init	4	static
../Core/Src/rs485.c:232:6:_f_rs485_super_init	4	static
../Core/Src/rs485.c:237:6:_f_init_rs485_init	8	static
../Core/Src/rs485.c:242:6:_f_rs485_init	4	static
../Core/Src/rs485.c:247:6:_f_init_rs485_idle	4	static
../Core/Src/rs485.c:253:6:_f_rs485_idle	4	static
../Core/Src/rs485.c:258:6:_f_init_rs485_transmit	8	static
../Core/Src/rs485.c:263:6:_f_rs485_transmit	4	static
../Core/Src/rs485.c:268:6:_f_init_rs485_receive	8	static
../Core/Src/rs485.c:274:6:_f_rs485_receive	4	static
../Core/Src/rs485.c:279:6:_f_init_rs485_waiting_control	4	static
../Core/Src/rs485.c:284:6:_f_rs485_waiting_control	8	static
../Core/Src/rs485.c:307:6:RS485_UART_Callback	16	static
