../Core/Src/rs485.c:33:6:uart_Rs232SendString	16	static
../Core/Src/rs485.c:58:9:_is_frame_status	4	static
../Core/Src/rs485.c:68:9:_is_character_received	4	static
../Core/Src/rs485.c:78:9:_is_transmit	4	static
../Core/Src/rs485.c:88:9:_crc_checking	16	static
../Core/Src/rs485.c:113:6:f_rs485_init	24	static
../Core/Src/rs485.c:127:6:f_rs485_send_cmd	24	static
../Core/Src/rs485.c:146:6:f_rs485_fsm_init	8	static
../Core/Src/rs485.c:159:6:f_rs485_fsm	16	static
../Core/Src/rs485.c:253:6:_f_init_rs485_super_init	8	static
../Core/Src/rs485.c:261:6:_f_rs485_super_init	4	static
../Core/Src/rs485.c:266:6:_f_init_rs485_init	8	static
../Core/Src/rs485.c:274:6:_f_rs485_init	4	static
../Core/Src/rs485.c:279:6:_f_init_rs485_idle	8	static
../Core/Src/rs485.c:288:6:_f_rs485_idle	4	static
../Core/Src/rs485.c:293:6:_f_init_rs485_transmit	8	static
../Core/Src/rs485.c:301:6:_f_rs485_transmit	4	static
../Core/Src/rs485.c:306:6:_f_init_rs485_receive	8	static
../Core/Src/rs485.c:315:6:_f_rs485_receive	4	static
../Core/Src/rs485.c:320:6:_f_init_rs485_waiting_control	8	static
../Core/Src/rs485.c:328:6:_f_rs485_waiting_control	8	static
../Core/Src/rs485.c:351:6:RS485_UART_Callback	16	static
